<html>
<body>
<pre>
<h1>礦ision Build Log</h1>
<h2>Tool Versions:</h2>
IDE-Version: μVision V5.33.0.0
Copyright (C) 2020 ARM Ltd and ARM Germany GmbH. All rights reserved.
License Information: 0 AutoBVT, Microsoft, LIC=YA39H-W23XL-01MP1-C8Q7S-FD8A7-W6KRQ
 
Tool Versions:
Toolchain:       MDK-ARM Plus  Version: 5.33.0.0
Toolchain Path:  C:\Keil_v533\ARM\ARMCC\Bin
C Compiler:      Armcc.exe V5.06 update 7 (build 960)
Assembler:       Armasm.exe V5.06 update 7 (build 960)
Linker/Locator:  ArmLink.exe V5.06 update 7 (build 960)
Library Manager: ArmAr.exe V5.06 update 7 (build 960)
Hex Converter:   FromElf.exe V5.06 update 7 (build 960)
CPU DLL:         SARMCM3.DLL V5.33.0.0
Dialog DLL:      DARMCM1.DLL V1.19.4.0
Target DLL:      CMSIS_AGDI.dll V1.32.12.0
Dialog DLL:      TARMCM1.DLL V1.14.3.0
 
<h2>Project:</h2>
F:\360MoveData\Users\Administrator\Desktop\240330\电压电流表程序3 （原始电压正常显示）\project3.uvprojx
Project File Date:  03/30/2024

<h2>Output:</h2>
*** Using Compiler 'V5.06 update 7 (build 960)', folder: 'C:\Keil_v533\ARM\ARMCC\Bin'
Build target 'project3'
compiling cw32f003_awt.c...
compiling cw32f003_atim.c...
compiling cw32f003_adc.c...
compiling cw32f003_crc.c...
compiling cw32f003_debug.c...
compiling cw32f003_btim.c...
compiling cw32f003_digitalsign.c...
compiling cw32f003_flash.c...
compiling cw32f003_gpio.c...
compiling cw32f003_iwdt.c...
compiling cw32f003_gtim.c...
compiling cw32f003_i2c.c...
compiling cw32f003_pwr.c...
compiling cw32f003_lvd.c...
compiling cw32f003_ram.c...
compiling cw32f003_systick.c...
compiling cw32f003_spi.c...
compiling cw32f003_rcc.c...
compiling cw32f003_uart.c...
compiling cw32f003_wwdt.c...
compiling cw32f003_vc.c...
assembling startup_cw32f003.s...
compiling system_cw32f003.c...
compiling BTIM1.c...
compiling Seg_Dis.c...
Hardware\Seg_Dis.c(52): warning:  #188-D: enumerated type mixed with another type
                GPIO_WritePin(CW_GPIOC,GPIO_PIN_4,(Dis_Value >> i) & 0x01);    //PC04,A
Hardware\Seg_Dis.c(55): warning:  #188-D: enumerated type mixed with another type
                GPIO_WritePin(CW_GPIOB,GPIO_PIN_6,(Dis_Value >> i) & 0x01);    //PB06,B
Hardware\Seg_Dis.c(58): warning:  #188-D: enumerated type mixed with another type
                GPIO_WritePin(CW_GPIOB,GPIO_PIN_4,(Dis_Value >> i) & 0x01);    //PB04,C
Hardware\Seg_Dis.c(61): warning:  #188-D: enumerated type mixed with another type
                GPIO_WritePin(CW_GPIOB,GPIO_PIN_2,(Dis_Value >> i) & 0x01);    //PB02,D
Hardware\Seg_Dis.c(64): warning:  #188-D: enumerated type mixed with another type
                GPIO_WritePin(CW_GPIOA,GPIO_PIN_0,(Dis_Value >> i) & 0x01);    //PA00,E
Hardware\Seg_Dis.c(67): warning:  #188-D: enumerated type mixed with another type
                GPIO_WritePin(CW_GPIOB,GPIO_PIN_0,(Dis_Value >> i) & 0x01);    //PB00,F
Hardware\Seg_Dis.c(70): warning:  #188-D: enumerated type mixed with another type
                GPIO_WritePin(CW_GPIOA,GPIO_PIN_4,(Dis_Value >> i) & 0x01);    //PA04,G
Hardware\Seg_Dis.c(73): warning:  #188-D: enumerated type mixed with another type
                GPIO_WritePin(CW_GPIOB,GPIO_PIN_3,(Dis_Value >> i) & 0x01);    //PB03,DP
Hardware\Seg_Dis.c: 8 warnings, 0 errors
compiling ADC.c...
compiling interrupts_cw32f003.c...
compiling main.c...
compiling log.c...
User\log.c(131): warning:  #550-D: variable "TxRxBuffer"  was set but never used
   uint8_t TxRxBuffer;
User\log.c: 1 warning, 0 errors
linking...
Program Size: Code=5744 RO-data=296 RW-data=64 ZI-data=512  
".\Objects\均值滤波.axf" - 0 Error(s), 9 Warning(s).

<h2>Software Packages used:</h2>

Package Vendor: ARM
                http://www.keil.com/pack/ARM.CMSIS.5.7.0.pack
                ARM.CMSIS.5.7.0
                CMSIS (Cortex Microcontroller Software Interface Standard)
   * Component: CORE Version: 5.4.0

Package Vendor: PS
                http://semi.icbase.com/support/download/1/PS.CW32F003_DFP.1.0.0.pack
                PS.CW32F003_DFP.1.0.0
                CW32 ARM Cortex-M0+ Device Family Pack

<h2>Collection of Component include folders:</h2>
  .\RTE\_project3
  C:\Users\Administrator\AppData\Local\Arm\Packs\ARM\CMSIS\5.7.0\CMSIS\Core\Include
  C:\Users\Administrator\AppData\Local\Arm\Packs\PS\CW32F003_DFP\1.0.0\Device\Include

<h2>Collection of Component Files used:</h2>

   * Component: ARM::CMSIS:CORE:5.4.0
Build Time Elapsed:  00:00:04
</pre>
</body>
</html>
