Component: ARM Compiler 5.06 update 7 (build 960) Tool: armlink [4d3601]

==============================================================================

Section Cross References

    cw32f003_adc.o(i.ADC_DisableIrq) refers to cw32f003_adc.o(i.ADC_DisableNvic) for ADC_DisableNvic
    cw32f003_adc.o(i.ADC_DisableNvic) refers to cw32f003_adc.o(i.__NVIC_ClearPendingIRQ) for __NVIC_ClearPendingIRQ
    cw32f003_adc.o(i.ADC_DisableNvic) refers to cw32f003_adc.o(i.__NVIC_SetPriority) for __NVIC_SetPriority
    cw32f003_adc.o(i.ADC_Enable) refers to cw32f003_adc.o(i.ADC_GetITStatus) for ADC_GetITStatus
    cw32f003_adc.o(i.ADC_EnableIrq) refers to cw32f003_adc.o(i.ADC_EnableNvic) for ADC_EnableNvic
    cw32f003_adc.o(i.ADC_EnableNvic) refers to cw32f003_adc.o(i.__NVIC_ClearPendingIRQ) for __NVIC_ClearPendingIRQ
    cw32f003_adc.o(i.ADC_EnableNvic) refers to cw32f003_adc.o(i.__NVIC_SetPriority) for __NVIC_SetPriority
    cw32f003_adc.o(i.ADC_GetTsVref1V5) refers to cw32f003_adc.o(i.ADC_GetConversionValue) for ADC_GetConversionValue
    cw32f003_adc.o(i.ADC_GetTsVref1V5) refers to fflti.o(.text) for __aeabi_i2f
    cw32f003_adc.o(i.ADC_GetTsVref1V5) refers to fmul.o(x$fpl$fmul) for __aeabi_fmul
    cw32f003_adc.o(i.ADC_GetTsVref1V5) refers to faddsub.o(x$fpl$fadd) for __aeabi_fadd
    cw32f003_adc.o(i.ADC_GetTsVref2V5) refers to cw32f003_adc.o(i.ADC_GetConversionValue) for ADC_GetConversionValue
    cw32f003_adc.o(i.ADC_GetTsVref2V5) refers to fflti.o(.text) for __aeabi_i2f
    cw32f003_adc.o(i.ADC_GetTsVref2V5) refers to fmul.o(x$fpl$fmul) for __aeabi_fmul
    cw32f003_adc.o(i.ADC_GetTsVref2V5) refers to faddsub.o(x$fpl$fadd) for __aeabi_fadd
    cw32f003_adc.o(i.ADC_SerialChBreakModeCfg) refers to cw32f003_adc.o(i.ADC_SerialChCommon) for ADC_SerialChCommon
    cw32f003_adc.o(i.ADC_SerialChCommon) refers to cw32f003_adc.o(i.ADC_Init) for ADC_Init
    cw32f003_adc.o(i.ADC_SerialChCommon) refers to cw32f003_adc.o(i.ADC_Sqr0ChannelCfg) for ADC_Sqr0ChannelCfg
    cw32f003_adc.o(i.ADC_SerialChCommon) refers to cw32f003_adc.o(i.ADC_Sqr01ChannelCfg) for ADC_Sqr01ChannelCfg
    cw32f003_adc.o(i.ADC_SerialChCommon) refers to cw32f003_adc.o(i.ADC_Sqr02ChannelCfg) for ADC_Sqr02ChannelCfg
    cw32f003_adc.o(i.ADC_SerialChCommon) refers to cw32f003_adc.o(i.ADC_Sqr03ChannelCfg) for ADC_Sqr03ChannelCfg
    cw32f003_adc.o(i.ADC_SerialChContinuousModeCfg) refers to cw32f003_adc.o(i.ADC_SerialChCommon) for ADC_SerialChCommon
    cw32f003_adc.o(i.ADC_SerialChMoreModeCfg) refers to cw32f003_adc.o(i.ADC_SerialChCommon) for ADC_SerialChCommon
    cw32f003_adc.o(i.ADC_SerialChScanModeCfg) refers to cw32f003_adc.o(i.ADC_SerialChCommon) for ADC_SerialChCommon
    cw32f003_adc.o(i.ADC_SingleChCommon) refers to cw32f003_adc.o(i.ADC_Init) for ADC_Init
    cw32f003_adc.o(i.ADC_SingleChCommon) refers to cw32f003_adc.o(i.ADC_BufEnSingleCh) for ADC_BufEnSingleCh
    cw32f003_adc.o(i.ADC_SingleChCommon) refers to cw32f003_adc.o(i.ADC_WdtConfig) for ADC_WdtConfig
    cw32f003_adc.o(i.ADC_SingleChContinuousModeCfg) refers to cw32f003_adc.o(i.ADC_SingleChCommon) for ADC_SingleChCommon
    cw32f003_adc.o(i.ADC_SingleChMoreModeCfg) refers to cw32f003_adc.o(i.ADC_SingleChCommon) for ADC_SingleChCommon
    cw32f003_adc.o(i.ADC_SingleChOneModeCfg) refers to cw32f003_adc.o(i.ADC_SingleChCommon) for ADC_SingleChCommon
    cw32f003_adc.o(i.ADC_Sqr01ChannelCfg) refers to cw32f003_adc.o(i.ADC_BufEnSerialCh) for ADC_BufEnSerialCh
    cw32f003_adc.o(i.ADC_Sqr02ChannelCfg) refers to cw32f003_adc.o(i.ADC_BufEnSerialCh) for ADC_BufEnSerialCh
    cw32f003_adc.o(i.ADC_Sqr03ChannelCfg) refers to cw32f003_adc.o(i.ADC_BufEnSerialCh) for ADC_BufEnSerialCh
    cw32f003_adc.o(i.ADC_Sqr0ChannelCfg) refers to cw32f003_adc.o(i.ADC_BufEnSerialCh) for ADC_BufEnSerialCh
    cw32f003_flash.o(i.FLASH_SetReadOutLevel) refers to cw32f003_flash.o(i.FLASH_GetReadOutLevel) for FLASH_GetReadOutLevel
    cw32f003_i2c.o(i.I2C_MasterReadEepomData) refers to cw32f003_i2c.o(i.I2C_GenerateSTART) for I2C_GenerateSTART
    cw32f003_i2c.o(i.I2C_MasterReadEepomData) refers to cw32f003_i2c.o(i.I2C_GetIrq) for I2C_GetIrq
    cw32f003_i2c.o(i.I2C_MasterReadEepomData) refers to cw32f003_i2c.o(i.I2C_GetState) for I2C_GetState
    cw32f003_i2c.o(i.I2C_MasterReadEepomData) refers to cw32f003_i2c.o(i.__ARM_common_switch8) for __ARM_common_switch8
    cw32f003_i2c.o(i.I2C_MasterReadEepomData) refers to cw32f003_i2c.o(i.I2C_Send7bitAddress) for I2C_Send7bitAddress
    cw32f003_i2c.o(i.I2C_MasterReadEepomData) refers to cw32f003_i2c.o(i.I2C_SendData) for I2C_SendData
    cw32f003_i2c.o(i.I2C_MasterReadEepomData) refers to cw32f003_i2c.o(i.I2C_AcknowledgeConfig) for I2C_AcknowledgeConfig
    cw32f003_i2c.o(i.I2C_MasterReadEepomData) refers to cw32f003_i2c.o(i.I2C_ReceiveData) for I2C_ReceiveData
    cw32f003_i2c.o(i.I2C_MasterReadEepomData) refers to cw32f003_i2c.o(i.I2C_GenerateSTOP) for I2C_GenerateSTOP
[...]
    Removing cw32f003_iwdt.o(.rev16_text), (4 bytes).
    Removing cw32f003_iwdt.o(.revsh_text), (4 bytes).
    Removing cw32f003_iwdt.o(i.IWDT_ClearOVFlag), (20 bytes).
    Removing cw32f003_iwdt.o(i.IWDT_Cmd), (16 bytes).
    Removing cw32f003_iwdt.o(i.IWDT_DeInit), (32 bytes).
    Removing cw32f003_iwdt.o(i.IWDT_GetCounterValue), (20 bytes).
    Removing cw32f003_iwdt.o(i.IWDT_GetFlagStatus), (16 bytes).
    Removing cw32f003_iwdt.o(i.IWDT_ITConfig), (72 bytes).
    Removing cw32f003_iwdt.o(i.IWDT_Init), (100 bytes).
    Removing cw32f003_iwdt.o(i.IWDT_Lock), (16 bytes).
    Removing cw32f003_iwdt.o(i.IWDT_Refresh), (16 bytes).
    Removing cw32f003_iwdt.o(i.IWDT_SetPrescaler), (56 bytes).
    Removing cw32f003_iwdt.o(i.IWDT_SetReloadValue), (44 bytes).
    Removing cw32f003_iwdt.o(i.IWDT_SetWindowValue), (44 bytes).
    Removing cw32f003_iwdt.o(i.IWDT_Stop), (28 bytes).
    Removing cw32f003_iwdt.o(i.IWDT_Unlock), (16 bytes).
    Removing cw32f003_lvd.o(.rev16_text), (4 bytes).
    Removing cw32f003_lvd.o(.revsh_text), (4 bytes).
    Removing cw32f003_lvd.o(i.LVD_ClearIrq), (20 bytes).
    Removing cw32f003_lvd.o(i.LVD_DeInit), (12 bytes).
    Removing cw32f003_lvd.o(i.LVD_Disable), (20 bytes).
    Removing cw32f003_lvd.o(i.LVD_DisableIrq), (40 bytes).
    Removing cw32f003_lvd.o(i.LVD_DisableNvic), (44 bytes).
    Removing cw32f003_lvd.o(i.LVD_Enable), (20 bytes).
    Removing cw32f003_lvd.o(i.LVD_EnableIrq), (32 bytes).
    Removing cw32f003_lvd.o(i.LVD_EnableNvic), (52 bytes).
    Removing cw32f003_lvd.o(i.LVD_GetFilterResult), (16 bytes).
    Removing cw32f003_lvd.o(i.LVD_GetFlagStatus), (24 bytes).
    Removing cw32f003_lvd.o(i.LVD_GetIrqStatus), (16 bytes).
    Removing cw32f003_lvd.o(i.LVD_Init), (68 bytes).
    Removing cw32f003_lvd.o(i.LVD_TrigConfig), (40 bytes).
    Removing cw32f003_lvd.o(i.__NVIC_ClearPendingIRQ), (24 bytes).
    Removing cw32f003_lvd.o(i.__NVIC_SetPriority), (120 bytes).
    Removing cw32f003_pwr.o(.rev16_text), (4 bytes).
    Removing cw32f003_pwr.o(.revsh_text), (4 bytes).
    Removing cw32f003_pwr.o(i.PWR_Config), (32 bytes).
    Removing cw32f003_pwr.o(i.PWR_GotoLpmMode), (4 bytes).
    Removing cw32f003_ram.o(.rev16_text), (4 bytes).
    Removing cw32f003_ram.o(.revsh_text), (4 bytes).
    Removing cw32f003_ram.o(i.RAM_ClearITPendingBit), (16 bytes).
    Removing cw32f003_ram.o(i.RAM_GetErrorAddress), (12 bytes).
    Removing cw32f003_ram.o(i.RAM_GetITStatus), (24 bytes).
    Removing cw32f003_ram.o(i.RAM_ITConfig), (36 bytes).
    Removing cw32f003_rcc.o(.rev16_text), (4 bytes).
    Removing cw32f003_rcc.o(.revsh_text), (4 bytes).
    Removing cw32f003_rcc.o(i.RCC_AHBPeriphReset), (32 bytes).
    Removing cw32f003_rcc.o(i.RCC_APBPeriphClk_Enable2), (32 bytes).
    Removing cw32f003_rcc.o(i.RCC_APBPeriphReset1), (32 bytes).
    Removing cw32f003_rcc.o(i.RCC_APBPeriphReset2), (32 bytes).
    Removing cw32f003_rcc.o(i.RCC_ATIMITRSelect), (24 bytes).
    Removing cw32f003_rcc.o(i.RCC_BTIM1ITRSelect), (32 bytes).
    Removing cw32f003_rcc.o(i.RCC_BTIM2ITRSelect), (32 bytes).
    Removing cw32f003_rcc.o(i.RCC_BTIM3ITRSelect), (32 bytes).
    Removing cw32f003_rcc.o(i.RCC_CCS_Config), (48 bytes).
    Removing cw32f003_rcc.o(i.RCC_ClearITPendingBit), (16 bytes).
    Removing cw32f003_rcc.o(i.RCC_ClearRstFlag), (16 bytes).
    Removing cw32f003_rcc.o(i.RCC_DEBUG_Config), (32 bytes).
    Removing cw32f003_rcc.o(i.RCC_DeInit), (132 bytes).
    Removing cw32f003_rcc.o(i.RCC_GTIMITRSelect), (28 bytes).
    Removing cw32f003_rcc.o(i.RCC_GetAllRstFlag), (12 bytes).
    Removing cw32f003_rcc.o(i.RCC_GetAllStableFlag), (12 bytes).
    Removing cw32f003_rcc.o(i.RCC_GetITStatus), (24 bytes).
    Removing cw32f003_rcc.o(i.RCC_GetRstFlag), (24 bytes).
    Removing cw32f003_rcc.o(i.RCC_GetStableFlag), (24 bytes).
    Removing cw32f003_rcc.o(i.RCC_HCLK_OUT), (64 bytes).
    Removing cw32f003_rcc.o(i.RCC_HEX_Disable), (28 bytes).
    Removing cw32f003_rcc.o(i.RCC_HEX_Enable), (176 bytes).
    Removing cw32f003_rcc.o(i.RCC_HSI_Disable), (28 bytes).
    Removing cw32f003_rcc.o(i.RCC_ITConfig), (48 bytes).
    Removing cw32f003_rcc.o(i.RCC_LOCKUP_Config), (32 bytes).
    Removing cw32f003_rcc.o(i.RCC_LSELOCK_Config), (28 bytes).
    Removing cw32f003_rcc.o(i.RCC_LSI_Disable), (28 bytes).
    Removing cw32f003_rcc.o(i.RCC_LSI_Enable), (64 bytes).
    Removing cw32f003_rcc.o(i.RCC_MCO_OUT), (76 bytes).
    Removing cw32f003_rcc.o(i.RCC_PCLK_OUT), (68 bytes).
    Removing cw32f003_rcc.o(i.RCC_RSTIO_Config), (20 bytes).
    Removing cw32f003_rcc.o(i.RCC_SWDIO_Config), (32 bytes).
    Removing cw32f003_rcc.o(i.RCC_SysClk_Switch), (64 bytes).
    Removing cw32f003_rcc.o(i.RCC_WAKEUPCLK_Config), (32 bytes).
    Removing cw32f003_spi.o(.rev16_text), (4 bytes).
    Removing cw32f003_spi.o(.revsh_text), (4 bytes).
    Removing cw32f003_spi.o(i.SPI_BiDirectionalLineConfig), (12 bytes).
    Removing cw32f003_spi.o(i.SPI_ClearFlag), (16 bytes).
    Removing cw32f003_spi.o(i.SPI_ClearITPendingBit), (16 bytes).
    Removing cw32f003_spi.o(i.SPI_Cmd), (28 bytes).
    Removing cw32f003_spi.o(i.SPI_DataSizeConfig), (24 bytes).
    Removing cw32f003_spi.o(i.SPI_DeInit), (36 bytes).
    Removing cw32f003_spi.o(i.SPI_FlushSendBuff), (20 bytes).
    Removing cw32f003_spi.o(i.SPI_GetFlagStatus), (24 bytes).
    Removing cw32f003_spi.o(i.SPI_GetITStatus), (24 bytes).
    Removing cw32f003_spi.o(i.SPI_ITConfig), (32 bytes).
    Removing cw32f003_spi.o(i.SPI_Init), (60 bytes).
    Removing cw32f003_spi.o(i.SPI_MISOOutputConfig), (32 bytes).
    Removing cw32f003_spi.o(i.SPI_NSSInternalSoftwareConfig), (12 bytes).
    Removing cw32f003_spi.o(i.SPI_ReceiveData), (12 bytes).
    Removing cw32f003_spi.o(i.SPI_SendData), (12 bytes).
    Removing cw32f003_spi.o(i.SPI_StructInit), (28 bytes).
    Removing cw32f003_systick.o(.rev16_text), (4 bytes).
    Removing cw32f003_systick.o(.revsh_text), (4 bytes).
    Removing cw32f003_systick.o(i.ResumeTick), (20 bytes).
    Removing cw32f003_systick.o(i.SuspendTick), (20 bytes).
    Removing cw32f003_systick.o(i.SysTickDelay), (44 bytes).
    Removing cw32f003_uart.o(.rev16_text), (4 bytes).
    Removing cw32f003_uart.o(.revsh_text), (4 bytes).
    Removing cw32f003_uart.o(i.UART1_DeInit), (36 bytes).
    Removing cw32f003_uart.o(i.UART2_DeInit), (32 bytes).
    Removing cw32f003_uart.o(i.USART_ClearFlag), (8 bytes).
    Removing cw32f003_uart.o(i.USART_ClearITPendingBit), (8 bytes).
    Removing cw32f003_uart.o(i.USART_ClockInit), (28 bytes).
    Removing cw32f003_uart.o(i.USART_ClockStructInit), (8 bytes).
    Removing cw32f003_uart.o(i.USART_DirectionModeCmd), (26 bytes).
    Removing cw32f003_uart.o(i.USART_GetITStatus), (18 bytes).
    Removing cw32f003_uart.o(i.USART_HalfDuplexCmd), (20 bytes).
    Removing cw32f003_uart.o(i.USART_ITConfig), (26 bytes).
    Removing cw32f003_uart.o(i.USART_InvPinCmd), (26 bytes).
    Removing cw32f003_uart.o(i.USART_ReceiveData), (10 bytes).
    Removing cw32f003_uart.o(i.USART_ReceiveData_8bit), (8 bytes).
    Removing cw32f003_uart.o(i.USART_SendData), (8 bytes).
    Removing cw32f003_uart.o(i.USART_SetMultiMode), (32 bytes).
    Removing cw32f003_uart.o(i.USART_StructInit), (28 bytes).
    Removing cw32f003_vc.o(.rev16_text), (4 bytes).
    Removing cw32f003_vc.o(.revsh_text), (4 bytes).
    Removing cw32f003_vc.o(i.VC1VC2_BlankInit), (12 bytes).
    Removing cw32f003_vc.o(i.VC1VC2_DIVDeInit), (16 bytes).
    Removing cw32f003_vc.o(i.VC1VC2_DIVInit), (92 bytes).
    Removing cw32f003_vc.o(i.VC1VC2_INNInit), (112 bytes).
    Removing cw32f003_vc.o(i.VC1VC2_OutInit), (8 bytes).
    Removing cw32f003_vc.o(i.VC1_BlankCfg), (36 bytes).
    Removing cw32f003_vc.o(i.VC1_ChannelDeInit), (24 bytes).
    Removing cw32f003_vc.o(i.VC1_ChannelInit), (80 bytes).
    Removing cw32f003_vc.o(i.VC1_ClearIrq), (20 bytes).
    Removing cw32f003_vc.o(i.VC1_DisableChannel), (20 bytes).
    Removing cw32f003_vc.o(i.VC1_DisableFilter), (20 bytes).
    Removing cw32f003_vc.o(i.VC1_DisableIrq), (28 bytes).
    Removing cw32f003_vc.o(i.VC1_EnableChannel), (32 bytes).
    Removing cw32f003_vc.o(i.VC1_EnableFilter), (20 bytes).
    Removing cw32f003_vc.o(i.VC1_EnableIrq), (32 bytes).
    Removing cw32f003_vc.o(i.VC1_GetEnableStatus), (16 bytes).
    Removing cw32f003_vc.o(i.VC1_GetFlagStatus), (24 bytes).
    Removing cw32f003_vc.o(i.VC1_ITConfig), (32 bytes).
    Removing cw32f003_vc.o(i.VC1_OutputCfg), (28 bytes).
    Removing cw32f003_vc.o(i.VC1_PolarityCfg), (36 bytes).
    Removing cw32f003_vc.o(i.VC1_WindowEnable), (36 bytes).
    Removing cw32f003_vc.o(i.VC2_BlankCfg), (36 bytes).
    Removing cw32f003_vc.o(i.VC2_ChannelDeInit), (24 bytes).
    Removing cw32f003_vc.o(i.VC2_ChannelInit), (80 bytes).
    Removing cw32f003_vc.o(i.VC2_ClearIrq), (20 bytes).
    Removing cw32f003_vc.o(i.VC2_DisableChannel), (20 bytes).
    Removing cw32f003_vc.o(i.VC2_DisableFilter), (20 bytes).
    Removing cw32f003_vc.o(i.VC2_DisableIrq), (28 bytes).
    Removing cw32f003_vc.o(i.VC2_EnableChannel), (32 bytes).
    Removing cw32f003_vc.o(i.VC2_EnableFilter), (20 bytes).
    Removing cw32f003_vc.o(i.VC2_EnableIrq), (32 bytes).
    Removing cw32f003_vc.o(i.VC2_GetEnableStatus), (16 bytes).
    Removing cw32f003_vc.o(i.VC2_GetFlagStatus), (24 bytes).
    Removing cw32f003_vc.o(i.VC2_ITConfig), (40 bytes).
    Removing cw32f003_vc.o(i.VC2_OutputCfg), (28 bytes).
    Removing cw32f003_vc.o(i.VC2_PolarityCfg), (36 bytes).
    Removing cw32f003_vc.o(i.VC2_WindowEnable), (36 bytes).
    Removing cw32f003_vc.o(i.VC_DeInit), (40 bytes).
    Removing cw32f003_vc.o(i.VC_DisableNvic), (44 bytes).
    Removing cw32f003_vc.o(i.VC_EnableNvic), (60 bytes).
    Removing cw32f003_vc.o(i.__NVIC_ClearPendingIRQ), (24 bytes).
    Removing cw32f003_vc.o(i.__NVIC_SetPriority), (120 bytes).
    Removing cw32f003_wwdt.o(.rev16_text), (4 bytes).
    Removing cw32f003_wwdt.o(.revsh_text), (4 bytes).
    Removing cw32f003_wwdt.o(i.WWDT_ClearFlag), (20 bytes).
    Removing cw32f003_wwdt.o(i.WWDT_Cmd), (20 bytes).
    Removing cw32f003_wwdt.o(i.WWDT_DeInit), (32 bytes).
    Removing cw32f003_wwdt.o(i.WWDT_EnableIT), (24 bytes).
    Removing cw32f003_wwdt.o(i.WWDT_GetCounterValue), (16 bytes).
    Removing cw32f003_wwdt.o(i.WWDT_GetFlagStatus), (12 bytes).
    Removing cw32f003_wwdt.o(i.WWDT_GetWindowValue), (16 bytes).
    Removing cw32f003_wwdt.o(i.WWDT_Init), (76 bytes).
    Removing cw32f003_wwdt.o(i.WWDT_Refresh), (24 bytes).
    Removing cw32f003_wwdt.o(i.WWDT_SetPrescaler), (24 bytes).
    Removing cw32f003_wwdt.o(i.WWDT_SetWindowValue), (24 bytes).
    Removing system_cw32f003.o(.rev16_text), (4 bytes).
    Removing system_cw32f003.o(.revsh_text), (4 bytes).
    Removing system_cw32f003.o(i.FirmwareDelay), (18 bytes).
    Removing system_cw32f003.o(i.MemClr), (32 bytes).
    Removing adc.o(.rev16_text), (4 bytes).
    Removing adc.o(.revsh_text), (4 bytes).
    Removing btim1.o(.rev16_text), (4 bytes).
    Removing btim1.o(.revsh_text), (4 bytes).
    Removing uart2.o(.rev16_text), (4 bytes).
    Removing uart2.o(.revsh_text), (4 bytes).
    Removing interrupts_cw32f003.o(.rev16_text), (4 bytes).
    Removing interrupts_cw32f003.o(.revsh_text), (4 bytes).
    Removing main.o(.rev16_text), (4 bytes).
    Removing main.o(.revsh_text), (4 bytes).
    Removing cw32f003_i2c.o(i.__ARM_common_switch8), (28 bytes).

406 unused section(s) (total 12690 bytes) removed from the image.

==============================================================================

Image Symbol Table

    Local Symbols

    Symbol Name                              Value     Ov Type        Size  Object(Section)

    RESET                                    0x00000000   Section      192  startup_cw32f003.o(RESET)
    ../clib/angel/boardlib.s                 0x00000000   Number         0  boardshut.o ABSOLUTE
    ../clib/angel/boardlib.s                 0x00000000   Number         0  boardinit3.o ABSOLUTE
    ../clib/angel/boardlib.s                 0x00000000   Number         0  boardinit2.o ABSOLUTE
    ../clib/angel/boardlib.s                 0x00000000   Number         0  boardinit1.o ABSOLUTE
    ../clib/angel/handlers.s                 0x00000000   Number         0  __scatter_copy.o ABSOLUTE
    ../clib/angel/handlers.s                 0x00000000   Number         0  __scatter_zi.o ABSOLUTE
    ../clib/angel/kernel.s                   0x00000000   Number         0  rtexit2.o ABSOLUTE
    ../clib/angel/kernel.s                   0x00000000   Number         0  __rtentry4.o ABSOLUTE
    ../clib/angel/kernel.s                   0x00000000   Number         0  __rtentry2.o ABSOLUTE
    ../clib/angel/kernel.s                   0x00000000   Number         0  __rtentry.o ABSOLUTE
    ../clib/angel/kernel.s                   0x00000000   Number         0  rtexit.o ABSOLUTE
    ../clib/angel/rt.s                       0x00000000   Number         0  aeabi_idiv0.o ABSOLUTE
    ../clib/angel/rt.s                       0x00000000   Number         0  aeabi_idiv0_sigfpe.o ABSOLUTE
    ../clib/angel/rt.s                       0x00000000   Number         0  rt_raise.o ABSOLUTE
    ../clib/angel/rt.s                       0x00000000   Number         0  rt_div0.o ABSOLUTE
    ../clib/angel/scatterp.s                 0x00000000   Number         0  __scatter.o ABSOLUTE
    ../clib/angel/startup.s                  0x00000000   Number         0  __main.o ABSOLUTE
    ../clib/angel/sys.s                      0x00000000   Number         0  sys_stackheap_outer.o ABSOLUTE
    ../clib/angel/sys.s                      0x00000000   Number         0  libspace.o ABSOLUTE
    ../clib/angel/sys.s                      0x00000000   Number         0  indicate_semi.o ABSOLUTE
    ../clib/angel/sys.s                      0x00000000   Number         0  use_no_semi.o ABSOLUTE
    ../clib/angel/sys.s                      0x00000000   Number         0  tempstk.o ABSOLUTE
    ../clib/angel/sysapp.c                   0x00000000   Number         0  sys_command.o ABSOLUTE
    ../clib/angel/sysapp.c                   0x00000000   Number         0  sys_exit.o ABSOLUTE
    ../clib/angel/sysapp.c                   0x00000000   Number         0  sys_wrch.o ABSOLUTE
    ../clib/armsys.c                         0x00000000   Number         0  no_argv.o ABSOLUTE
    ../clib/armsys.c                         0x00000000   Number         0  argv_veneer.o ABSOLUTE
    ../clib/armsys.c                         0x00000000   Number         0  _get_argv_nomalloc.o ABSOLUTE
    ../clib/division.c                       0x00000000   Number         0  rtudiv10.o ABSOLUTE
    ../clib/division.s                       0x00000000   Number         0  aeabi_sdiv.o ABSOLUTE
    ../clib/division.s                       0x00000000   Number         0  aeabi_sdiv_div0.o ABSOLUTE
    ../clib/heapalloc.c                      0x00000000   Number         0  hrguard.o ABSOLUTE
    ../clib/heapaux.c                        0x00000000   Number         0  heapauxi.o ABSOLUTE
    ../clib/libinit.s                        0x00000000   Number         0  libshutdown2.o ABSOLUTE
    ../clib/libinit.s                        0x00000000   Number         0  libshutdown.o ABSOLUTE
    ../clib/libinit.s                        0x00000000   Number         0  libinit.o ABSOLUTE
    ../clib/libinit.s                        0x00000000   Number         0  libinit2.o ABSOLUTE
    ../clib/memcpset.c                       0x00000000   Number         0  rt_memcpy.o ABSOLUTE
    ../clib/memcpset.c                       0x00000000   Number         0  rt_memcpy.o ABSOLUTE
    ../clib/printf.c                         0x00000000   Number         0  __printf.o ABSOLUTE
    ../clib/printf.c                         0x00000000   Number         0  _printf_dec.o ABSOLUTE
    ../clib/printf.c                         0x00000000   Number         0  __printf_flags.o ABSOLUTE
    ../clib/printf.c                         0x00000000   Number         0  _sputc.o ABSOLUTE
    ../clib/printf.c                         0x00000000   Number         0  __printf_nopercent.o ABSOLUTE
    ../clib/printf.c                         0x00000000   Number         0  _printf_char_common.o ABSOLUTE
    ../clib/printf.c                         0x00000000   Number         0  _printf_intcommon.o ABSOLUTE
    ../clib/printf.c                         0x00000000   Number         0  __printf_ss_wp.o ABSOLUTE
    ../clib/printf.c                         0x00000000   Number         0  __printf_flags_ss_wp.o ABSOLUTE
    ../clib/printf.c                         0x00000000   Number         0  __printf_flags_wp.o ABSOLUTE
    ../clib/printf.c                         0x00000000   Number         0  __printf_wp.o ABSOLUTE
    ../clib/printf.c                         0x00000000   Number         0  __printf_flags_ss.o ABSOLUTE
    ../clib/printf.c                         0x00000000   Number         0  __printf_ss.o ABSOLUTE
    ../clib/printf.c                         0x00000000   Number         0  __2sprintf.o ABSOLUTE
    ../clib/printf.c                         0x00000000   Number         0  noretval__2sprintf.o ABSOLUTE
    ../clib/printf_percent.s                 0x00000000   Number         0  _printf_percent.o ABSOLUTE
    ../clib/printf_percent.s                 0x00000000   Number         0  _printf_percent_end.o ABSOLUTE
    ../clib/printf_percent.s                 0x00000000   Number         0  _printf_u.o ABSOLUTE
    ../clib/signal.c                         0x00000000   Number         0  defsig_segv_inner.o ABSOLUTE
    ../clib/signal.c                         0x00000000   Number         0  defsig_other.o ABSOLUTE
    ../clib/signal.c                         0x00000000   Number         0  defsig_fpe_formal.o ABSOLUTE
    ../clib/signal.c                         0x00000000   Number         0  defsig_stak_inner.o ABSOLUTE
    ../clib/signal.c                         0x00000000   Number         0  defsig_rtmem_outer.o ABSOLUTE
    ../clib/signal.c                         0x00000000   Number         0  __raise.o ABSOLUTE
    ../clib/signal.c                         0x00000000   Number         0  defsig_general.o ABSOLUTE
    ../clib/signal.c                         0x00000000   Number         0  defsig_fpe_outer.o ABSOLUTE
    ../clib/signal.c                         0x00000000   Number         0  defsig_pvfn_inner.o ABSOLUTE
    ../clib/signal.c                         0x00000000   Number         0  defsig_exit.o ABSOLUTE
    ../clib/signal.c                         0x00000000   Number         0  defsig_fpe_inner.o ABSOLUTE
    ../clib/signal.c                         0x00000000   Number         0  defsig_rtmem_formal.o ABSOLUTE
    ../clib/signal.c                         0x00000000   Number         0  defsig_cppl_inner.o ABSOLUTE
    ../clib/signal.c                         0x00000000   Number         0  defsig_rtmem_inner.o ABSOLUTE
    ../clib/signal.c                         0x00000000   Number         0  defsig_rtred_inner.o ABSOLUTE
    ../clib/signal.c                         0x00000000   Number         0  defsig_abrt_inner.o ABSOLUTE
    ../clib/signal.s                         0x00000000   Number         0  defsig.o ABSOLUTE
    ../clib/stdlib.c                         0x00000000   Number         0  exit.o ABSOLUTE
    ../fplib/cfplib/daddsub.c                0x00000000   Number         0  daddsub.o ABSOLUTE
    ../fplib/cfplib/f2d.c                    0x00000000   Number         0  f2d.o ABSOLUTE
    ../fplib/cfplib/fdiv.c                   0x00000000   Number         0  fdiv.o ABSOLUTE
    ../fplib/cfplib/ffix.c                   0x00000000   Number         0  dfixui.o ABSOLUTE
    ../fplib/cfplib/ffix.c                   0x00000000   Number         0  ffixui.o ABSOLUTE
    ../fplib/cfplib/fflt.c                   0x00000000   Number         0  fflti.o ABSOLUTE
    ../fplib/cfplib/fpinit.c                 0x00000000   Number         0  fpinit.o ABSOLUTE
    ../fplib/faddsub6m.s                     0x00000000   Number         0  faddsub.o ABSOLUTE
    ../fplib/fmul6m.s                        0x00000000   Number         0  fmul.o ABSOLUTE
    ../fplib/usenofp.s                       0x00000000   Number         0  usenofp.o ABSOLUTE
    Driver\\cw32f003_adc.c                   0x00000000   Number         0  cw32f003_adc.o ABSOLUTE
    Driver\\cw32f003_atim.c                  0x00000000   Number         0  cw32f003_atim.o ABSOLUTE
    Driver\\cw32f003_awt.c                   0x00000000   Number         0  cw32f003_awt.o ABSOLUTE
    Driver\\cw32f003_btim.c                  0x00000000   Number         0  cw32f003_btim.o ABSOLUTE
    Driver\\cw32f003_crc.c                   0x00000000   Number         0  cw32f003_crc.o ABSOLUTE
    Driver\\cw32f003_debug.c                 0x00000000   Number         0  cw32f003_debug.o ABSOLUTE
    Driver\\cw32f003_digitalsign.c           0x00000000   Number         0  cw32f003_digitalsign.o ABSOLUTE
    Driver\\cw32f003_flash.c                 0x00000000   Number         0  cw32f003_flash.o ABSOLUTE
    Driver\\cw32f003_gpio.c                  0x00000000   Number         0  cw32f003_gpio.o ABSOLUTE
    Driver\\cw32f003_gtim.c                  0x00000000   Number         0  cw32f003_gtim.o ABSOLUTE
    Driver\\cw32f003_i2c.c                   0x00000000   Number         0  cw32f003_i2c.o ABSOLUTE
    Driver\\cw32f003_iwdt.c                  0x00000000   Number         0  cw32f003_iwdt.o ABSOLUTE
    Driver\\cw32f003_lvd.c                   0x00000000   Number         0  cw32f003_lvd.o ABSOLUTE
    Driver\\cw32f003_pwr.c                   0x00000000   Number         0  cw32f003_pwr.o ABSOLUTE
    Driver\\cw32f003_ram.c                   0x00000000   Number         0  cw32f003_ram.o ABSOLUTE
    Driver\\cw32f003_rcc.c                   0x00000000   Number         0  cw32f003_rcc.o ABSOLUTE
    Driver\\cw32f003_spi.c                   0x00000000   Number         0  cw32f003_spi.o ABSOLUTE
    Driver\\cw32f003_systick.c               0x00000000   Number         0  cw32f003_systick.o ABSOLUTE
    Driver\\cw32f003_uart.c                  0x00000000   Number         0  cw32f003_uart.o ABSOLUTE
    Driver\\cw32f003_vc.c                    0x00000000   Number         0  cw32f003_vc.o ABSOLUTE
    Driver\\cw32f003_wwdt.c                  0x00000000   Number         0  cw32f003_wwdt.o ABSOLUTE
    Driver\\system_cw32f003.c                0x00000000   Number         0  system_cw32f003.o ABSOLUTE
    Driver\cw32f003_adc.c                    0x00000000   Number         0  cw32f003_adc.o ABSOLUTE
    Driver\cw32f003_atim.c                   0x00000000   Number         0  cw32f003_atim.o ABSOLUTE
    Driver\cw32f003_awt.c                    0x00000000   Number         0  cw32f003_awt.o ABSOLUTE
    Driver\cw32f003_btim.c                   0x00000000   Number         0  cw32f003_btim.o ABSOLUTE
    Driver\cw32f003_crc.c                    0x00000000   Number         0  cw32f003_crc.o ABSOLUTE
    Driver\cw32f003_debug.c                  0x00000000   Number         0  cw32f003_debug.o ABSOLUTE
    Driver\cw32f003_digitalsign.c            0x00000000   Number         0  cw32f003_digitalsign.o ABSOLUTE
    Driver\cw32f003_flash.c                  0x00000000   Number         0  cw32f003_flash.o ABSOLUTE
    Driver\cw32f003_gpio.c                   0x00000000   Number         0  cw32f003_gpio.o ABSOLUTE
    Driver\cw32f003_gtim.c                   0x00000000   Number         0  cw32f003_gtim.o ABSOLUTE
    Driver\cw32f003_i2c.c                    0x00000000   Number         0  cw32f003_i2c.o ABSOLUTE
    Driver\cw32f003_iwdt.c                   0x00000000   Number         0  cw32f003_iwdt.o ABSOLUTE
    Driver\cw32f003_lvd.c                    0x00000000   Number         0  cw32f003_lvd.o ABSOLUTE
    Driver\cw32f003_pwr.c                    0x00000000   Number         0  cw32f003_pwr.o ABSOLUTE
    Driver\cw32f003_ram.c                    0x00000000   Number         0  cw32f003_ram.o ABSOLUTE
    Driver\cw32f003_rcc.c                    0x00000000   Number         0  cw32f003_rcc.o ABSOLUTE
    Driver\cw32f003_spi.c                    0x00000000   Number         0  cw32f003_spi.o ABSOLUTE
    Driver\cw32f003_systick.c                0x00000000   Number         0  cw32f003_systick.o ABSOLUTE
    Driver\cw32f003_uart.c                   0x00000000   Number         0  cw32f003_uart.o ABSOLUTE
    Driver\cw32f003_vc.c                     0x00000000   Number         0  cw32f003_vc.o ABSOLUTE
    Driver\cw32f003_wwdt.c                   0x00000000   Number         0  cw32f003_wwdt.o ABSOLUTE
    Driver\startup_cw32f003.s                0x00000000   Number         0  startup_cw32f003.o ABSOLUTE
    Driver\system_cw32f003.c                 0x00000000   Number         0  system_cw32f003.o ABSOLUTE
    Hardware\ADC.c                           0x00000000   Number         0  adc.o ABSOLUTE
    Hardware\BTIM1.c                         0x00000000   Number         0  btim1.o ABSOLUTE
    Hardware\UART2.c                         0x00000000   Number         0  uart2.o ABSOLUTE
    Hardware\\ADC.c                          0x00000000   Number         0  adc.o ABSOLUTE
    Hardware\\BTIM1.c                        0x00000000   Number         0  btim1.o ABSOLUTE
    Hardware\\UART2.c                        0x00000000   Number         0  uart2.o ABSOLUTE
    User\\interrupts_cw32f003.c              0x00000000   Number         0  interrupts_cw32f003.o ABSOLUTE
    User\\main.c                             0x00000000   Number         0  main.o ABSOLUTE
    User\interrupts_cw32f003.c               0x00000000   Number         0  interrupts_cw32f003.o ABSOLUTE
    User\main.c                              0x00000000   Number         0  main.o ABSOLUTE
    dc.s                                     0x00000000   Number         0  dc.o ABSOLUTE
    !!!main                                  0x000000c0   Section        8  __main.o(!!!main)
    !!!scatter                               0x000000c8   Section       60  __scatter.o(!!!scatter)
    !!handler_copy                           0x00000104   Section       26  __scatter_copy.o(!!handler_copy)
    !!handler_zi                             0x00000120   Section       28  __scatter_zi.o(!!handler_zi)
    .ARM.Collect$$_printf_percent$$00000000  0x0000013c   Section        2  _printf_percent.o(.ARM.Collect$$_printf_percent$$00000000)
    .ARM.Collect$$_printf_percent$$0000000A  0x0000013e   Section       10  _printf_u.o(.ARM.Collect$$_printf_percent$$0000000A)
    .ARM.Collect$$_printf_percent$$00000017  0x00000148   Section        4  _printf_percent_end.o(.ARM.Collect$$_printf_percent$$00000017)
    .ARM.Collect$$libinit$$00000000          0x0000014c   Section        2  libinit.o(.ARM.Collect$$libinit$$00000000)
    .ARM.Collect$$libinit$$00000002          0x0000014e   Section        0  libinit2.o(.ARM.Collect$$libinit$$00000002)
    .ARM.Collect$$libinit$$00000004          0x0000014e   Section        0  libinit2.o(.ARM.Collect$$libinit$$00000004)
    .ARM.Collect$$libinit$$0000000A          0x0000014e   Section        0  libinit2.o(.ARM.Collect$$libinit$$0000000A)
    .ARM.Collect$$libinit$$0000000C          0x0000014e   Section        0  libinit2.o(.ARM.Collect$$libinit$$0000000C)
    .ARM.Collect$$libinit$$0000000E          0x0000014e   Section        0  libinit2.o(.ARM.Collect$$libinit$$0000000E)
    .ARM.Collect$$libinit$$00000011          0x0000014e   Section        0  libinit2.o(.ARM.Collect$$libinit$$00000011)
    .ARM.Collect$$libinit$$00000013          0x0000014e   Section        0  libinit2.o(.ARM.Collect$$libinit$$00000013)
    .ARM.Collect$$libinit$$00000015          0x0000014e   Section        0  libinit2.o(.ARM.Collect$$libinit$$00000015)
    .ARM.Collect$$libinit$$00000017          0x0000014e   Section        0  libinit2.o(.ARM.Collect$$libinit$$00000017)
    .ARM.Collect$$libinit$$00000019          0x0000014e   Section        0  libinit2.o(.ARM.Collect$$libinit$$00000019)
    .ARM.Collect$$libinit$$0000001B          0x0000014e   Section        0  libinit2.o(.ARM.Collect$$libinit$$0000001B)
    .ARM.Collect$$libinit$$0000001D          0x0000014e   Section        0  libinit2.o(.ARM.Collect$$libinit$$0000001D)
    .ARM.Collect$$libinit$$0000001F          0x0000014e   Section        0  libinit2.o(.ARM.Collect$$libinit$$0000001F)
    .ARM.Collect$$libinit$$00000021          0x0000014e   Section        0  libinit2.o(.ARM.Collect$$libinit$$00000021)
    .ARM.Collect$$libinit$$00000023          0x0000014e   Section        0  libinit2.o(.ARM.Collect$$libinit$$00000023)
    .ARM.Collect$$libinit$$00000025          0x0000014e   Section        0  libinit2.o(.ARM.Collect$$libinit$$00000025)
    .ARM.Collect$$libinit$$0000002C          0x0000014e   Section        0  libinit2.o(.ARM.Collect$$libinit$$0000002C)
    .ARM.Collect$$libinit$$0000002E          0x0000014e   Section        0  libinit2.o(.ARM.Collect$$libinit$$0000002E)
    .ARM.Collect$$libinit$$00000030          0x0000014e   Section        0  libinit2.o(.ARM.Collect$$libinit$$00000030)
    .ARM.Collect$$libinit$$00000032          0x0000014e   Section        0  libinit2.o(.ARM.Collect$$libinit$$00000032)
    .ARM.Collect$$libinit$$00000033          0x0000014e   Section        2  libinit2.o(.ARM.Collect$$libinit$$00000033)
    .ARM.Collect$$libshutdown$$00000000      0x00000150   Section        2  libshutdown.o(.ARM.Collect$$libshutdown$$00000000)
    .ARM.Collect$$libshutdown$$00000002      0x00000152   Section        0  libshutdown2.o(.ARM.Collect$$libshutdown$$00000002)
    .ARM.Collect$$libshutdown$$00000004      0x00000152   Section        0  libshutdown2.o(.ARM.Collect$$libshutdown$$00000004)
    .ARM.Collect$$libshutdown$$00000006      0x00000152   Section        0  libshutdown2.o(.ARM.Collect$$libshutdown$$00000006)
    .ARM.Collect$$libshutdown$$00000009      0x00000152   Section        0  libshutdown2.o(.ARM.Collect$$libshutdown$$00000009)
    .ARM.Collect$$libshutdown$$0000000C      0x00000152   Section        0  libshutdown2.o(.ARM.Collect$$libshutdown$$0000000C)
    .ARM.Collect$$libshutdown$$0000000E      0x00000152   Section        0  libshutdown2.o(.ARM.Collect$$libshutdown$$0000000E)
    .ARM.Collect$$libshutdown$$00000011      0x00000152   Section        0  libshutdown2.o(.ARM.Collect$$libshutdown$$00000011)
    .ARM.Collect$$libshutdown$$00000012      0x00000152   Section        2  libshutdown2.o(.ARM.Collect$$libshutdown$$00000012)
    .ARM.Collect$$rtentry$$00000000          0x00000154   Section        0  __rtentry.o(.ARM.Collect$$rtentry$$00000000)
    .ARM.Collect$$rtentry$$00000002          0x00000154   Section        0  __rtentry2.o(.ARM.Collect$$rtentry$$00000002)
    .ARM.Collect$$rtentry$$00000004          0x00000154   Section        6  __rtentry4.o(.ARM.Collect$$rtentry$$00000004)
    .ARM.Collect$$rtentry$$00000009          0x0000015a   Section        0  __rtentry2.o(.ARM.Collect$$rtentry$$00000009)
    .ARM.Collect$$rtentry$$0000000A          0x0000015a   Section        4  __rtentry2.o(.ARM.Collect$$rtentry$$0000000A)
    .ARM.Collect$$rtentry$$0000000C          0x0000015e   Section        0  __rtentry2.o(.ARM.Collect$$rtentry$$0000000C)
    .ARM.Collect$$rtentry$$0000000D          0x0000015e   Section        8  __rtentry2.o(.ARM.Collect$$rtentry$$0000000D)
    .ARM.Collect$$rtexit$$00000000           0x00000166   Section        2  rtexit.o(.ARM.Collect$$rtexit$$00000000)
    .ARM.Collect$$rtexit$$00000002           0x00000168   Section        0  rtexit2.o(.ARM.Collect$$rtexit$$00000002)
    .ARM.Collect$$rtexit$$00000003           0x00000168   Section        4  rtexit2.o(.ARM.Collect$$rtexit$$00000003)
    .ARM.Collect$$rtexit$$00000004           0x0000016c   Section        6  rtexit2.o(.ARM.Collect$$rtexit$$00000004)
    .emb_text                                0x00000174   Section       56  rt_memcpy.o(.emb_text)
    .text                                    0x000001ac   Section       68  startup_cw32f003.o(.text)
    .text                                    0x000001f0   Section        0  noretval__2sprintf.o(.text)
    .text                                    0x00000218   Section        0  __printf.o(.text)
    .text                                    0x00000284   Section        0  _printf_dec.o(.text)
    .text                                    0x000002f0   Section      346  aeabi_sdiv.o(.text)
    .text                                    0x0000044a   Section        0  heapauxi.o(.text)
    .text                                    0x00000450   Section        0  daddsub.o(.text)
    _dadd1                                   0x00000451   Thumb Code   290  daddsub.o(.text)
    _dsub1                                   0x00000573   Thumb Code   470  daddsub.o(.text)
    .text                                    0x000007a8   Section        0  dfixui.o(.text)
    .text                                    0x000007f0   Section        0  f2d.o(.text)
    .text                                    0x00000844   Section        0  fdiv.o(.text)
    .text                                    0x000009a4   Section        0  ffixui.o(.text)
    .text                                    0x000009d4   Section        0  fflti.o(.text)
    .text                                    0x00000a32   Section        0  _printf_intcommon.o(.text)
    .text                                    0x00000ae4   Section        0  _printf_char_common.o(.text)
    _printf_input_char                       0x00000ae5   Thumb Code    10  _printf_char_common.o(.text)
    .text                                    0x00000b14   Section        0  _sputc.o(.text)
    .text                                    0x00000b1e   Section        0  rtudiv10.o(.text)
    .text                                    0x00000b46   Section       62  sys_stackheap_outer.o(.text)
    .text                                    0x00000b84   Section        0  exit.o(.text)
    .text                                    0x00000b94   Section        8  libspace.o(.text)
    .text                                    0x00000b9c   Section        0  sys_exit.o(.text)
    .text                                    0x00000ba8   Section        2  use_no_semi.o(.text)
    .text                                    0x00000baa   Section        0  indicate_semi.o(.text)
    i.ADC_BufEnSerialCh                      0x00000bac   Section        0  cw32f003_adc.o(i.ADC_BufEnSerialCh)
    i.ADC_ClearITPendingAll                  0x00000bf0   Section        0  cw32f003_adc.o(i.ADC_ClearITPendingAll)
    i.ADC_Enable                             0x00000c04   Section        0  cw32f003_adc.o(i.ADC_Enable)
    i.ADC_GetITStatus                        0x00000c24   Section        0  cw32f003_adc.o(i.ADC_GetITStatus)
    i.ADC_GetSqr0Result                      0x00000c3c   Section        0  cw32f003_adc.o(i.ADC_GetSqr0Result)
    i.ADC_IRQHandler                         0x00000c50   Section        0  interrupts_cw32f003.o(i.ADC_IRQHandler)
    i.ADC_Init                               0x00000c5c   Section        0  cw32f003_adc.o(i.ADC_Init)
    i.ADC_SerialChCommon                     0x00000ce0   Section        0  cw32f003_adc.o(i.ADC_SerialChCommon)
    i.ADC_SerialChContinuousModeCfg          0x00000d34   Section        0  cw32f003_adc.o(i.ADC_SerialChContinuousModeCfg)
    i.ADC_SoftwareStartConvCmd               0x00000d54   Section        0  cw32f003_adc.o(i.ADC_SoftwareStartConvCmd)
    i.ADC_Sqr01ChannelCfg                    0x00000d78   Section        0  cw32f003_adc.o(i.ADC_Sqr01ChannelCfg)
    i.ADC_Sqr02ChannelCfg                    0x00000dac   Section        0  cw32f003_adc.o(i.ADC_Sqr02ChannelCfg)
    i.ADC_Sqr03ChannelCfg                    0x00000dec   Section        0  cw32f003_adc.o(i.ADC_Sqr03ChannelCfg)
    i.ADC_Sqr0ChannelCfg                     0x00000e34   Section        0  cw32f003_adc.o(i.ADC_Sqr0ChannelCfg)
    i.ADC_StructInit                         0x00000e5c   Section        0  cw32f003_adc.o(i.ADC_StructInit)
    i.ADC_init                               0x00000e74   Section        0  adc.o(i.ADC_init)
    i.ATIM_IRQHandler                        0x00000efc   Section        0  interrupts_cw32f003.o(i.ATIM_IRQHandler)
    i.AWT_IRQHandler                         0x00000efe   Section        0  interrupts_cw32f003.o(i.AWT_IRQHandler)
    i.BTIM1_IRQHandler                       0x00000f00   Section        0  interrupts_cw32f003.o(i.BTIM1_IRQHandler)
    i.BTIM2_IRQHandler                       0x00000f20   Section        0  interrupts_cw32f003.o(i.BTIM2_IRQHandler)
    i.BTIM3_IRQHandler                       0x00000f22   Section        0  interrupts_cw32f003.o(i.BTIM3_IRQHandler)
    i.BTIM_ClearITPendingBit                 0x00000f24   Section        0  cw32f003_btim.o(i.BTIM_ClearITPendingBit)
    i.BTIM_Cmd                               0x00000f2c   Section        0  cw32f003_btim.o(i.BTIM_Cmd)
    i.BTIM_GetITStatus                       0x00000f44   Section        0  cw32f003_btim.o(i.BTIM_GetITStatus)
    i.BTIM_ITConfig                          0x00000f56   Section        0  cw32f003_btim.o(i.BTIM_ITConfig)
    i.BTIM_TimeBaseInit                      0x00000f6c   Section        0  cw32f003_btim.o(i.BTIM_TimeBaseInit)
    i.Btim1_Init                             0x00000f8c   Section        0  btim1.o(i.Btim1_Init)
    i.FLASHRAM_IRQHandler                    0x00000ff4   Section        0  interrupts_cw32f003.o(i.FLASHRAM_IRQHandler)
    i.FLASH_SetLatency                       0x00000ff8   Section        0  cw32f003_flash.o(i.FLASH_SetLatency)
    i.GPIOA_IRQHandler                       0x0000101c   Section        0  interrupts_cw32f003.o(i.GPIOA_IRQHandler)
    i.GPIOB_IRQHandler                       0x0000101e   Section        0  interrupts_cw32f003.o(i.GPIOB_IRQHandler)
    i.GPIOC_IRQHandler                       0x00001020   Section        0  interrupts_cw32f003.o(i.GPIOC_IRQHandler)
    i.GPIO_Init                              0x00001022   Section        0  cw32f003_gpio.o(i.GPIO_Init)
    i.GTIM_IRQHandler                        0x00001104   Section        0  interrupts_cw32f003.o(i.GTIM_IRQHandler)
    i.GetTick                                0x00001108   Section        0  cw32f003_systick.o(i.GetTick)
    i.Get_ADC_Value                          0x00001114   Section        0  adc.o(i.Get_ADC_Value)
    i.HardFault_Handler                      0x00001124   Section        0  interrupts_cw32f003.o(i.HardFault_Handler)
    i.I2C_IRQHandler                         0x00001128   Section        0  interrupts_cw32f003.o(i.I2C_IRQHandler)
    i.InitTick                               0x0000112c   Section        0  cw32f003_systick.o(i.InitTick)
    i.LVD_IRQHandler                         0x00001198   Section        0  interrupts_cw32f003.o(i.LVD_IRQHandler)
    i.NMI_Handler                            0x0000119a   Section        0  interrupts_cw32f003.o(i.NMI_Handler)
    i.PendSV_Handler                         0x0000119c   Section        0  interrupts_cw32f003.o(i.PendSV_Handler)
    i.RCC_AHBPeriphClk_Enable                0x000011a0   Section        0  cw32f003_rcc.o(i.RCC_AHBPeriphClk_Enable)
    i.RCC_APBPeriphClk_Enable1               0x000011c0   Section        0  cw32f003_rcc.o(i.RCC_APBPeriphClk_Enable1)
    i.RCC_Configuration                      0x000011e0   Section        0  main.o(i.RCC_Configuration)
    i.RCC_HCLKPRS_Config                     0x0000120c   Section        0  cw32f003_rcc.o(i.RCC_HCLKPRS_Config)
    i.RCC_HSI_Enable                         0x0000122c   Section        0  cw32f003_rcc.o(i.RCC_HSI_Enable)
    i.RCC_PCLKPRS_Config                     0x00001264   Section        0  cw32f003_rcc.o(i.RCC_PCLKPRS_Config)
    i.RCC_SYSCLKSRC_Config                   0x00001284   Section        0  cw32f003_rcc.o(i.RCC_SYSCLKSRC_Config)
    i.RCC_Sysctrl_GetHClkFreq                0x000012b4   Section        0  cw32f003_rcc.o(i.RCC_Sysctrl_GetHClkFreq)
    i.RCC_Sysctrl_GetPClkFreq                0x0000132c   Section        0  cw32f003_rcc.o(i.RCC_Sysctrl_GetPClkFreq)
    i.RCC_SystemCoreClockUpdate              0x0000134c   Section        0  cw32f003_rcc.o(i.RCC_SystemCoreClockUpdate)
    i.SPI_IRQHandler                         0x00001358   Section        0  interrupts_cw32f003.o(i.SPI_IRQHandler)
    i.SVC_Handler                            0x0000135a   Section        0  interrupts_cw32f003.o(i.SVC_Handler)
    i.SYSCTRL_IRQHandler                     0x0000135c   Section        0  interrupts_cw32f003.o(i.SYSCTRL_IRQHandler)
    i.SysTick_Handler                        0x00001360   Section        0  cw32f003_systick.o(i.SysTick_Handler)
    i.SystemCoreClockUpdate                  0x00001378   Section        0  system_cw32f003.o(i.SystemCoreClockUpdate)
    i.SystemInit                             0x00001388   Section        0  system_cw32f003.o(i.SystemInit)
    i.UART1_IRQHandler                       0x000013c4   Section        0  interrupts_cw32f003.o(i.UART1_IRQHandler)
    i.UART2_IRQHandler                       0x000013c6   Section        0  interrupts_cw32f003.o(i.UART2_IRQHandler)
    i.USART_GetFlagStatus                    0x000013c8   Section        0  cw32f003_uart.o(i.USART_GetFlagStatus)
    i.USART_Init                             0x000013dc   Section        0  cw32f003_uart.o(i.USART_Init)
    i.USART_SendData_8bit                    0x00001550   Section        0  cw32f003_uart.o(i.USART_SendData_8bit)
    i.USART_SendString                       0x00001554   Section        0  uart2.o(i.USART_SendString)
    i.Uart2_Init                             0x0000158c   Section        0  uart2.o(i.Uart2_Init)
    i.VC1_IRQHandler                         0x0000163c   Section        0  interrupts_cw32f003.o(i.VC1_IRQHandler)
    i.VC2_IRQHandler                         0x0000163e   Section        0  interrupts_cw32f003.o(i.VC2_IRQHandler)
    i.Volt_Cal                               0x00001640   Section        0  main.o(i.Volt_Cal)
    i.WDT_IRQHandler                         0x000016a0   Section        0  interrupts_cw32f003.o(i.WDT_IRQHandler)
    i.__NVIC_SetPriority                     0x000016a4   Section        0  cw32f003_systick.o(i.__NVIC_SetPriority)
    __NVIC_SetPriority                       0x000016a5   Thumb Code   110  cw32f003_systick.o(i.__NVIC_SetPriority)
    i.main                                   0x0000171c   Section        0  main.o(i.main)
    x$fpl$fadd                               0x00001788   Section      140  faddsub.o(x$fpl$fadd)
    _fadd1                                   0x00001795   Thumb Code     0  faddsub.o(x$fpl$fadd)
    x$fpl$fmul                               0x00001814   Section      176  fmul.o(x$fpl$fmul)
    x$fpl$frsb                               0x000018c4   Section       24  faddsub.o(x$fpl$frsb)
    x$fpl$fsub                               0x000018dc   Section      208  faddsub.o(x$fpl$fsub)
    _fsub1                                   0x000018e9   Thumb Code     0  faddsub.o(x$fpl$fsub)
    .constdata                               0x000019ac   Section       64  cw32f003_rcc.o(.constdata)
    x$fpl$usenofp                            0x000019ac   Section        0  usenofp.o(x$fpl$usenofp)
    .constdata                               0x000019ec   Section       64  fdiv.o(.constdata)
    fdiv_tab                                 0x000019ec   Data          64  fdiv.o(.constdata)
    .data                                    0x20000000   Section        9  cw32f003_systick.o(.data)
    .data                                    0x2000000c   Section        4  system_cw32f003.o(.data)
    .data                                    0x20000010   Section        2  adc.o(.data)
    .data                                    0x20000014   Section       12  main.o(.data)
    .bss                                     0x20000020   Section       96  libspace.o(.bss)
    HEAP                                     0x20000080   Section      512  startup_cw32f003.o(HEAP)
    Heap_Mem                                 0x20000080   Data         512  startup_cw32f003.o(HEAP)
    STACK                                    0x20000280   Section      512  startup_cw32f003.o(STACK)
    Stack_Mem                                0x20000280   Data         512  startup_cw32f003.o(STACK)
    __initial_sp                             0x20000480   Data           0  startup_cw32f003.o(STACK)

    Global Symbols

    Symbol Name                              Value     Ov Type        Size  Object(Section)

    BuildAttributes$$THM_ISAv3M$S$PE$A:L22$X:L11$S22$IEEE1$IW$USESV6$~STKCKD$USESV7$~SHL$OSPACE$ROPI$EBA8$UX$STANDARDLIB$REQ8$PRES8$EABIv2 0x00000000   Number         0  anon$$obj.o ABSOLUTE
    __ARM_use_no_argv                        0x00000000   Number         0  main.o ABSOLUTE
    __Vectors                                0x00000000   Data           0  startup_cw32f003.o(RESET)
    __ARM_exceptions_init                     - Undefined Weak Reference
    __alloca_initialize                       - Undefined Weak Reference
    __arm_fini_                               - Undefined Weak Reference
    __arm_preinit_                            - Undefined Weak Reference
    __cpp_initialize__aeabi_                  - Undefined Weak Reference
    __cxa_finalize                            - Undefined Weak Reference
    __rt_locale                               - Undefined Weak Reference
    __sigvec_lookup                           - Undefined Weak Reference
    _atexit_init                              - Undefined Weak Reference
    _call_atexit_fns                          - Undefined Weak Reference
    _clock_init                               - Undefined Weak Reference
    _fp_trap_init                             - Undefined Weak Reference
    _fp_trap_shutdown                         - Undefined Weak Reference
    _get_lc_collate                           - Undefined Weak Reference
    _get_lc_ctype                             - Undefined Weak Reference
    _get_lc_monetary                          - Undefined Weak Reference
    _get_lc_numeric                           - Undefined Weak Reference
    _get_lc_time                              - Undefined Weak Reference
    _getenv_init                              - Undefined Weak Reference
    _handle_redirection                       - Undefined Weak Reference
    _init_alloc                               - Undefined Weak Reference
    _init_user_alloc                          - Undefined Weak Reference
    _initio                                   - Undefined Weak Reference
    _printf_post_padding                      - Undefined Weak Reference
    _printf_pre_padding                       - Undefined Weak Reference
    _printf_truncate_signed                   - Undefined Weak Reference
    _printf_truncate_unsigned                 - Undefined Weak Reference
    _rand_init                                - Undefined Weak Reference
    _signal_finish                            - Undefined Weak Reference
    _signal_init                              - Undefined Weak Reference
    _terminate_alloc                          - Undefined Weak Reference
    _terminate_user_alloc                     - Undefined Weak Reference
    _terminateio                              - Undefined Weak Reference
    __Vectors_End                            0x000000c0   Data           0  startup_cw32f003.o(RESET)
    __Vectors_Size                           0x000000c0   Number         0  startup_cw32f003.o ABSOLUTE
    __main                                   0x000000c1   Thumb Code     8  __main.o(!!!main)
    __scatterload                            0x000000c9   Thumb Code     0  __scatter.o(!!!scatter)
    __scatterload_rt2                        0x000000c9   Thumb Code    52  __scatter.o(!!!scatter)
    __scatterload_rt2_thumb_only             0x000000c9   Thumb Code     0  __scatter.o(!!!scatter)
    __scatterload_null                       0x000000d9   Thumb Code     0  __scatter.o(!!!scatter)
    __scatterload_copy                       0x00000105   Thumb Code    26  __scatter_copy.o(!!handler_copy)
    __scatterload_zeroinit                   0x00000121   Thumb Code    28  __scatter_zi.o(!!handler_zi)
    _printf_percent                          0x0000013d   Thumb Code     0  _printf_percent.o(.ARM.Collect$$_printf_percent$$00000000)
    _printf_u                                0x0000013f   Thumb Code     0  _printf_u.o(.ARM.Collect$$_printf_percent$$0000000A)
    _printf_percent_end                      0x00000149   Thumb Code     0  _printf_percent_end.o(.ARM.Collect$$_printf_percent$$00000017)
    __rt_lib_init                            0x0000014d   Thumb Code     0  libinit.o(.ARM.Collect$$libinit$$00000000)
    __rt_lib_init_alloca_1                   0x0000014f   Thumb Code     0  libinit2.o(.ARM.Collect$$libinit$$0000002E)
    __rt_lib_init_argv_1                     0x0000014f   Thumb Code     0  libinit2.o(.ARM.Collect$$libinit$$0000002C)
    __rt_lib_init_atexit_1                   0x0000014f   Thumb Code     0  libinit2.o(.ARM.Collect$$libinit$$0000001B)
    __rt_lib_init_clock_1                    0x0000014f   Thumb Code     0  libinit2.o(.ARM.Collect$$libinit$$00000021)
    __rt_lib_init_cpp_1                      0x0000014f   Thumb Code     0  libinit2.o(.ARM.Collect$$libinit$$00000032)
    __rt_lib_init_exceptions_1               0x0000014f   Thumb Code     0  libinit2.o(.ARM.Collect$$libinit$$00000030)
    __rt_lib_init_fp_1                       0x0000014f   Thumb Code     0  libinit2.o(.ARM.Collect$$libinit$$00000002)
    __rt_lib_init_fp_trap_1                  0x0000014f   Thumb Code     0  libinit2.o(.ARM.Collect$$libinit$$0000001F)
    __rt_lib_init_getenv_1                   0x0000014f   Thumb Code     0  libinit2.o(.ARM.Collect$$libinit$$00000023)
    __rt_lib_init_heap_1                     0x0000014f   Thumb Code     0  libinit2.o(.ARM.Collect$$libinit$$0000000A)
    __rt_lib_init_lc_collate_1               0x0000014f   Thumb Code     0  libinit2.o(.ARM.Collect$$libinit$$00000011)
    __rt_lib_init_lc_ctype_1                 0x0000014f   Thumb Code     0  libinit2.o(.ARM.Collect$$libinit$$00000013)
    __rt_lib_init_lc_monetary_1              0x0000014f   Thumb Code     0  libinit2.o(.ARM.Collect$$libinit$$00000015)
    __rt_lib_init_lc_numeric_1               0x0000014f   Thumb Code     0  libinit2.o(.ARM.Collect$$libinit$$00000017)
    __rt_lib_init_lc_time_1                  0x0000014f   Thumb Code     0  libinit2.o(.ARM.Collect$$libinit$$00000019)
    __rt_lib_init_preinit_1                  0x0000014f   Thumb Code     0  libinit2.o(.ARM.Collect$$libinit$$00000004)
    __rt_lib_init_rand_1                     0x0000014f   Thumb Code     0  libinit2.o(.ARM.Collect$$libinit$$0000000E)
    __rt_lib_init_return                     0x0000014f   Thumb Code     0  libinit2.o(.ARM.Collect$$libinit$$00000033)
    __rt_lib_init_signal_1                   0x0000014f   Thumb Code     0  libinit2.o(.ARM.Collect$$libinit$$0000001D)
    __rt_lib_init_stdio_1                    0x0000014f   Thumb Code     0  libinit2.o(.ARM.Collect$$libinit$$00000025)
    __rt_lib_init_user_alloc_1               0x0000014f   Thumb Code     0  libinit2.o(.ARM.Collect$$libinit$$0000000C)
    __rt_lib_shutdown                        0x00000151   Thumb Code     0  libshutdown.o(.ARM.Collect$$libshutdown$$00000000)
    __rt_lib_shutdown_cpp_1                  0x00000153   Thumb Code     0  libshutdown2.o(.ARM.Collect$$libshutdown$$00000004)
    __rt_lib_shutdown_fini_1                 0x00000153   Thumb Code     0  libshutdown2.o(.ARM.Collect$$libshutdown$$00000002)
    __rt_lib_shutdown_fp_trap_1              0x00000153   Thumb Code     0  libshutdown2.o(.ARM.Collect$$libshutdown$$00000009)
    __rt_lib_shutdown_heap_1                 0x00000153   Thumb Code     0  libshutdown2.o(.ARM.Collect$$libshutdown$$00000011)
    __rt_lib_shutdown_return                 0x00000153   Thumb Code     0  libshutdown2.o(.ARM.Collect$$libshutdown$$00000012)
    __rt_lib_shutdown_signal_1               0x00000153   Thumb Code     0  libshutdown2.o(.ARM.Collect$$libshutdown$$0000000C)
    __rt_lib_shutdown_stdio_1                0x00000153   Thumb Code     0  libshutdown2.o(.ARM.Collect$$libshutdown$$00000006)
    __rt_lib_shutdown_user_alloc_1           0x00000153   Thumb Code     0  libshutdown2.o(.ARM.Collect$$libshutdown$$0000000E)
    __rt_entry                               0x00000155   Thumb Code     0  __rtentry.o(.ARM.Collect$$rtentry$$00000000)
    __rt_entry_presh_1                       0x00000155   Thumb Code     0  __rtentry2.o(.ARM.Collect$$rtentry$$00000002)
    __rt_entry_sh                            0x00000155   Thumb Code     0  __rtentry4.o(.ARM.Collect$$rtentry$$00000004)
    __rt_entry_li                            0x0000015b   Thumb Code     0  __rtentry2.o(.ARM.Collect$$rtentry$$0000000A)
    __rt_entry_postsh_1                      0x0000015b   Thumb Code     0  __rtentry2.o(.ARM.Collect$$rtentry$$00000009)
    __rt_entry_main                          0x0000015f   Thumb Code     0  __rtentry2.o(.ARM.Collect$$rtentry$$0000000D)
    __rt_entry_postli_1                      0x0000015f   Thumb Code     0  __rtentry2.o(.ARM.Collect$$rtentry$$0000000C)
    __rt_exit                                0x00000167   Thumb Code     0  rtexit.o(.ARM.Collect$$rtexit$$00000000)
    __rt_exit_ls                             0x00000169   Thumb Code     0  rtexit2.o(.ARM.Collect$$rtexit$$00000003)
    __rt_exit_prels_1                        0x00000169   Thumb Code     0  rtexit2.o(.ARM.Collect$$rtexit$$00000002)
    __rt_exit_exit                           0x0000016d   Thumb Code     0  rtexit2.o(.ARM.Collect$$rtexit$$00000004)
    __aeabi_memcpy4                          0x00000175   Thumb Code    56  rt_memcpy.o(.emb_text)
    __aeabi_memcpy8                          0x00000175   Thumb Code     0  rt_memcpy.o(.emb_text)
    Reset_Handler                            0x000001ad   Thumb Code    14  startup_cw32f003.o(.text)
    __user_initial_stackheap                 0x000001c9   Thumb Code     0  startup_cw32f003.o(.text)
    __2sprintf                               0x000001f1   Thumb Code    36  noretval__2sprintf.o(.text)
    __printf                                 0x00000219   Thumb Code   108  __printf.o(.text)
    _printf_int_dec                          0x00000285   Thumb Code    90  _printf_dec.o(.text)
    __aeabi_uidiv                            0x000002f1   Thumb Code     0  aeabi_sdiv.o(.text)
    __aeabi_uidivmod                         0x000002f1   Thumb Code    20  aeabi_sdiv.o(.text)
    __aeabi_idiv                             0x00000305   Thumb Code     0  aeabi_sdiv.o(.text)
    __aeabi_idivmod                          0x00000305   Thumb Code   326  aeabi_sdiv.o(.text)
    __use_two_region_memory                  0x0000044b   Thumb Code     2  heapauxi.o(.text)
    __rt_heap_escrow$2region                 0x0000044d   Thumb Code     2  heapauxi.o(.text)
    __rt_heap_expand$2region                 0x0000044f   Thumb Code     2  heapauxi.o(.text)
    __aeabi_dadd                             0x00000749   Thumb Code     0  daddsub.o(.text)
    _dadd                                    0x00000749   Thumb Code    26  daddsub.o(.text)
    __aeabi_dsub                             0x00000763   Thumb Code     0  daddsub.o(.text)
    _dsub                                    0x00000763   Thumb Code    22  daddsub.o(.text)
    __aeabi_drsub                            0x00000779   Thumb Code     0  daddsub.o(.text)
    _drsb                                    0x00000779   Thumb Code    28  daddsub.o(.text)
    __aeabi_d2uiz                            0x000007a9   Thumb Code     0  dfixui.o(.text)
    _dfixu                                   0x000007a9   Thumb Code    68  dfixui.o(.text)
    __aeabi_f2d                              0x000007f1   Thumb Code     0  f2d.o(.text)
    _f2d                                     0x000007f1   Thumb Code    80  f2d.o(.text)
    __aeabi_fdiv                             0x00000845   Thumb Code     0  fdiv.o(.text)
    _fdiv                                    0x00000845   Thumb Code   334  fdiv.o(.text)
    _frdiv                                   0x00000993   Thumb Code     8  fdiv.o(.text)
    __aeabi_f2uiz                            0x000009a5   Thumb Code     0  ffixui.o(.text)
    _ffixu                                   0x000009a5   Thumb Code    48  ffixui.o(.text)
    __aeabi_i2f_normalise                    0x000009d5   Thumb Code    72  fflti.o(.text)
    __aeabi_i2f                              0x00000a1d   Thumb Code    16  fflti.o(.text)
    _fflt                                    0x00000a1d   Thumb Code     0  fflti.o(.text)
    __aeabi_ui2f                             0x00000a2d   Thumb Code     6  fflti.o(.text)
    _ffltu                                   0x00000a2d   Thumb Code     0  fflti.o(.text)
    _printf_int_common                       0x00000a33   Thumb Code   176  _printf_intcommon.o(.text)
    _printf_char_common                      0x00000aef   Thumb Code    32  _printf_char_common.o(.text)
    _sputc                                   0x00000b15   Thumb Code    10  _sputc.o(.text)
    __rt_udiv10                              0x00000b1f   Thumb Code    40  rtudiv10.o(.text)
    __user_setup_stackheap                   0x00000b47   Thumb Code    62  sys_stackheap_outer.o(.text)
    exit                                     0x00000b85   Thumb Code    16  exit.o(.text)
    __user_libspace                          0x00000b95   Thumb Code     8  libspace.o(.text)
    __user_perproc_libspace                  0x00000b95   Thumb Code     0  libspace.o(.text)
    __user_perthread_libspace                0x00000b95   Thumb Code     0  libspace.o(.text)
    _sys_exit                                0x00000b9d   Thumb Code     8  sys_exit.o(.text)
    __I$use$semihosting                      0x00000ba9   Thumb Code     0  use_no_semi.o(.text)
    __use_no_semihosting_swi                 0x00000ba9   Thumb Code     2  use_no_semi.o(.text)
    __semihosting_library_function           0x00000bab   Thumb Code     0  indicate_semi.o(.text)
    ADC_BufEnSerialCh                        0x00000bad   Thumb Code    62  cw32f003_adc.o(i.ADC_BufEnSerialCh)
    ADC_ClearITPendingAll                    0x00000bf1   Thumb Code    14  cw32f003_adc.o(i.ADC_ClearITPendingAll)
    ADC_Enable                               0x00000c05   Thumb Code    28  cw32f003_adc.o(i.ADC_Enable)
    ADC_GetITStatus                          0x00000c25   Thumb Code    20  cw32f003_adc.o(i.ADC_GetITStatus)
    ADC_GetSqr0Result                        0x00000c3d   Thumb Code    16  cw32f003_adc.o(i.ADC_GetSqr0Result)
    ADC_IRQHandler                           0x00000c51   Thumb Code     8  interrupts_cw32f003.o(i.ADC_IRQHandler)
    ADC_Init                                 0x00000c5d   Thumb Code   116  cw32f003_adc.o(i.ADC_Init)
    ADC_SerialChCommon                       0x00000ce1   Thumb Code    82  cw32f003_adc.o(i.ADC_SerialChCommon)
    ADC_SerialChContinuousModeCfg            0x00000d35   Thumb Code    26  cw32f003_adc.o(i.ADC_SerialChContinuousModeCfg)
    ADC_SoftwareStartConvCmd                 0x00000d55   Thumb Code    32  cw32f003_adc.o(i.ADC_SoftwareStartConvCmd)
    ADC_Sqr01ChannelCfg                      0x00000d79   Thumb Code    44  cw32f003_adc.o(i.ADC_Sqr01ChannelCfg)
    ADC_Sqr02ChannelCfg                      0x00000dad   Thumb Code    56  cw32f003_adc.o(i.ADC_Sqr02ChannelCfg)
    ADC_Sqr03ChannelCfg                      0x00000ded   Thumb Code    68  cw32f003_adc.o(i.ADC_Sqr03ChannelCfg)
    ADC_Sqr0ChannelCfg                       0x00000e35   Thumb Code    32  cw32f003_adc.o(i.ADC_Sqr0ChannelCfg)
    ADC_StructInit                           0x00000e5d   Thumb Code    24  cw32f003_adc.o(i.ADC_StructInit)
    ADC_init                                 0x00000e75   Thumb Code   126  adc.o(i.ADC_init)
    ATIM_IRQHandler                          0x00000efd   Thumb Code     2  interrupts_cw32f003.o(i.ATIM_IRQHandler)
    AWT_IRQHandler                           0x00000eff   Thumb Code     2  interrupts_cw32f003.o(i.AWT_IRQHandler)
    BTIM1_IRQHandler                         0x00000f01   Thumb Code    28  interrupts_cw32f003.o(i.BTIM1_IRQHandler)
    BTIM2_IRQHandler                         0x00000f21   Thumb Code     2  interrupts_cw32f003.o(i.BTIM2_IRQHandler)
    BTIM3_IRQHandler                         0x00000f23   Thumb Code     2  interrupts_cw32f003.o(i.BTIM3_IRQHandler)
    BTIM_ClearITPendingBit                   0x00000f25   Thumb Code     8  cw32f003_btim.o(i.BTIM_ClearITPendingBit)
    BTIM_Cmd                                 0x00000f2d   Thumb Code    24  cw32f003_btim.o(i.BTIM_Cmd)
    BTIM_GetITStatus                         0x00000f45   Thumb Code    18  cw32f003_btim.o(i.BTIM_GetITStatus)
    BTIM_ITConfig                            0x00000f57   Thumb Code    20  cw32f003_btim.o(i.BTIM_ITConfig)
    BTIM_TimeBaseInit                        0x00000f6d   Thumb Code    28  cw32f003_btim.o(i.BTIM_TimeBaseInit)
    Btim1_Init                               0x00000f8d   Thumb Code    88  btim1.o(i.Btim1_Init)
    FLASHRAM_IRQHandler                      0x00000ff5   Thumb Code     2  interrupts_cw32f003.o(i.FLASHRAM_IRQHandler)
    FLASH_SetLatency                         0x00000ff9   Thumb Code    24  cw32f003_flash.o(i.FLASH_SetLatency)
    GPIOA_IRQHandler                         0x0000101d   Thumb Code     2  interrupts_cw32f003.o(i.GPIOA_IRQHandler)
    GPIOB_IRQHandler                         0x0000101f   Thumb Code     2  interrupts_cw32f003.o(i.GPIOB_IRQHandler)
    GPIOC_IRQHandler                         0x00001021   Thumb Code     2  interrupts_cw32f003.o(i.GPIOC_IRQHandler)
    GPIO_Init                                0x00001023   Thumb Code   226  cw32f003_gpio.o(i.GPIO_Init)
    GTIM_IRQHandler                          0x00001105   Thumb Code     2  interrupts_cw32f003.o(i.GTIM_IRQHandler)
    GetTick                                  0x00001109   Thumb Code     6  cw32f003_systick.o(i.GetTick)
    Get_ADC_Value                            0x00001115   Thumb Code    10  adc.o(i.Get_ADC_Value)
    HardFault_Handler                        0x00001125   Thumb Code     4  interrupts_cw32f003.o(i.HardFault_Handler)
    I2C_IRQHandler                           0x00001129   Thumb Code     2  interrupts_cw32f003.o(i.I2C_IRQHandler)
    InitTick                                 0x0000112d   Thumb Code    90  cw32f003_systick.o(i.InitTick)
    LVD_IRQHandler                           0x00001199   Thumb Code     2  interrupts_cw32f003.o(i.LVD_IRQHandler)
    NMI_Handler                              0x0000119b   Thumb Code     2  interrupts_cw32f003.o(i.NMI_Handler)
    PendSV_Handler                           0x0000119d   Thumb Code     2  interrupts_cw32f003.o(i.PendSV_Handler)
    RCC_AHBPeriphClk_Enable                  0x000011a1   Thumb Code    28  cw32f003_rcc.o(i.RCC_AHBPeriphClk_Enable)
    RCC_APBPeriphClk_Enable1                 0x000011c1   Thumb Code    28  cw32f003_rcc.o(i.RCC_APBPeriphClk_Enable1)
    RCC_Configuration                        0x000011e1   Thumb Code    40  main.o(i.RCC_Configuration)
    RCC_HCLKPRS_Config                       0x0000120d   Thumb Code    20  cw32f003_rcc.o(i.RCC_HCLKPRS_Config)
    RCC_HSI_Enable                           0x0000122d   Thumb Code    42  cw32f003_rcc.o(i.RCC_HSI_Enable)
    RCC_PCLKPRS_Config                       0x00001265   Thumb Code    20  cw32f003_rcc.o(i.RCC_PCLKPRS_Config)
    RCC_SYSCLKSRC_Config                     0x00001285   Thumb Code    34  cw32f003_rcc.o(i.RCC_SYSCLKSRC_Config)
    RCC_Sysctrl_GetHClkFreq                  0x000012b5   Thumb Code    98  cw32f003_rcc.o(i.RCC_Sysctrl_GetHClkFreq)
    RCC_Sysctrl_GetPClkFreq                  0x0000132d   Thumb Code    28  cw32f003_rcc.o(i.RCC_Sysctrl_GetPClkFreq)
    RCC_SystemCoreClockUpdate                0x0000134d   Thumb Code     6  cw32f003_rcc.o(i.RCC_SystemCoreClockUpdate)
    SPI_IRQHandler                           0x00001359   Thumb Code     2  interrupts_cw32f003.o(i.SPI_IRQHandler)
    SVC_Handler                              0x0000135b   Thumb Code     2  interrupts_cw32f003.o(i.SVC_Handler)
    SYSCTRL_IRQHandler                       0x0000135d   Thumb Code     2  interrupts_cw32f003.o(i.SYSCTRL_IRQHandler)
    SysTick_Handler                          0x00001361   Thumb Code    16  cw32f003_systick.o(i.SysTick_Handler)
    SystemCoreClockUpdate                    0x00001379   Thumb Code     8  system_cw32f003.o(i.SystemCoreClockUpdate)
    SystemInit                               0x00001389   Thumb Code    50  system_cw32f003.o(i.SystemInit)
    UART1_IRQHandler                         0x000013c5   Thumb Code     2  interrupts_cw32f003.o(i.UART1_IRQHandler)
    UART2_IRQHandler                         0x000013c7   Thumb Code     2  interrupts_cw32f003.o(i.UART2_IRQHandler)
    USART_GetFlagStatus                      0x000013c9   Thumb Code    18  cw32f003_uart.o(i.USART_GetFlagStatus)
    USART_Init                               0x000013dd   Thumb Code   362  cw32f003_uart.o(i.USART_Init)
    USART_SendData_8bit                      0x00001551   Thumb Code     4  cw32f003_uart.o(i.USART_SendData_8bit)
    USART_SendString                         0x00001555   Thumb Code    56  uart2.o(i.USART_SendString)
    Uart2_Init                               0x0000158d   Thumb Code   166  uart2.o(i.Uart2_Init)
    VC1_IRQHandler                           0x0000163d   Thumb Code     2  interrupts_cw32f003.o(i.VC1_IRQHandler)
    VC2_IRQHandler                           0x0000163f   Thumb Code     2  interrupts_cw32f003.o(i.VC2_IRQHandler)
    Volt_Cal                                 0x00001641   Thumb Code    82  main.o(i.Volt_Cal)
    WDT_IRQHandler                           0x000016a1   Thumb Code     2  interrupts_cw32f003.o(i.WDT_IRQHandler)
    main                                     0x0000171d   Thumb Code    80  main.o(i.main)
    __aeabi_fadd                             0x00001789   Thumb Code     0  faddsub.o(x$fpl$fadd)
    _fadd                                    0x00001789   Thumb Code   134  faddsub.o(x$fpl$fadd)
    __aeabi_fmul                             0x00001815   Thumb Code     0  fmul.o(x$fpl$fmul)
    _fmul                                    0x00001815   Thumb Code   172  fmul.o(x$fpl$fmul)
    __aeabi_frsub                            0x000018c5   Thumb Code     0  faddsub.o(x$fpl$frsb)
    _frsb                                    0x000018c5   Thumb Code    24  faddsub.o(x$fpl$frsb)
    __aeabi_fsub                             0x000018dd   Thumb Code     0  faddsub.o(x$fpl$fsub)
    _fsub                                    0x000018dd   Thumb Code   204  faddsub.o(x$fpl$fsub)
    __I$use$fp                               0x000019ac   Number         0  usenofp.o(x$fpl$usenofp)
    hsiprs_tbl                               0x000019ac   Data          64  cw32f003_rcc.o(.constdata)
    Region$$Table$$Base                      0x00001a2c   Number         0  anon$$obj.o(Region$$Table)
    Region$$Table$$Limit                     0x00001a4c   Number         0  anon$$obj.o(Region$$Table)
    uwTick                                   0x20000000   Data           4  cw32f003_systick.o(.data)
    uwTickPrio                               0x20000004   Data           4  cw32f003_systick.o(.data)
    uwTickFreq                               0x20000008   Data           1  cw32f003_systick.o(.data)
    SystemCoreClock                          0x2000000c   Data           4  system_cw32f003.o(.data)
    Volt_Buffer                              0x20000010   Data           2  adc.o(.data)
    Cal_Buffer                               0x20000014   Data           2  main.o(.data)
    Ble_Time                                 0x20000018   Data           4  main.o(.data)
    Time_Buffer                              0x2000001c   Data           4  main.o(.data)
    __libspace_start                         0x20000020   Data          96  libspace.o(.bss)
    __temporary_stack_top$libspace           0x20000080   Data           0  libspace.o(.bss)



==============================================================================

Memory Map of the image

  Image Entry point : 0x000000c1

  Load Region LR_IROM1 (Base: 0x00000000, Size: 0x00001a6c, Max: 0x00005000, ABSOLUTE)

    Execution Region ER_IROM1 (Exec base: 0x00000000, Load base: 0x00000000, Size: 0x00001a4c, Max: 0x00005000, ABSOLUTE)

    Exec Addr    Load Addr    Size         Type   Attr      Idx    E Section Name        Object

    0x00000000   0x00000000   0x000000c0   Data   RO         2855    RESET               startup_cw32f003.o
    0x000000c0   0x000000c0   0x00000008   Code   RO         3256  * !!!main             c_p.l(__main.o)
    0x000000c8   0x000000c8   0x0000003c   Code   RO         3460    !!!scatter          c_p.l(__scatter.o)
    0x00000104   0x00000104   0x0000001a   Code   RO         3462    !!handler_copy      c_p.l(__scatter_copy.o)
    0x0000011e   0x0000011e   0x00000002   PAD
    0x00000120   0x00000120   0x0000001c   Code   RO         3464    !!handler_zi        c_p.l(__scatter_zi.o)
    0x0000013c   0x0000013c   0x00000002   Code   RO         3245    .ARM.Collect$$_printf_percent$$00000000  c_p.l(_printf_percent.o)
    0x0000013e   0x0000013e   0x0000000a   Code   RO         3244    .ARM.Collect$$_printf_percent$$0000000A  c_p.l(_printf_u.o)
    0x00000148   0x00000148   0x00000004   Code   RO         3290    .ARM.Collect$$_printf_percent$$00000017  c_p.l(_printf_percent_end.o)
    0x0000014c   0x0000014c   0x00000002   Code   RO         3327    .ARM.Collect$$libinit$$00000000  c_p.l(libinit.o)
    0x0000014e   0x0000014e   0x00000000   Code   RO         3341    .ARM.Collect$$libinit$$00000002  c_p.l(libinit2.o)
    0x0000014e   0x0000014e   0x00000000   Code   RO         3343    .ARM.Collect$$libinit$$00000004  c_p.l(libinit2.o)
    0x0000014e   0x0000014e   0x00000000   Code   RO         3346    .ARM.Collect$$libinit$$0000000A  c_p.l(libinit2.o)
    0x0000014e   0x0000014e   0x00000000   Code   RO         3348    .ARM.Collect$$libinit$$0000000C  c_p.l(libinit2.o)
    0x0000014e   0x0000014e   0x00000000   Code   RO         3350    .ARM.Collect$$libinit$$0000000E  c_p.l(libinit2.o)
    0x0000014e   0x0000014e   0x00000000   Code   RO         3353    .ARM.Collect$$libinit$$00000011  c_p.l(libinit2.o)
    0x0000014e   0x0000014e   0x00000000   Code   RO         3355    .ARM.Collect$$libinit$$00000013  c_p.l(libinit2.o)
    0x0000014e   0x0000014e   0x00000000   Code   RO         3357    .ARM.Collect$$libinit$$00000015  c_p.l(libinit2.o)
    0x0000014e   0x0000014e   0x00000000   Code   RO         3359    .ARM.Collect$$libinit$$00000017  c_p.l(libinit2.o)
    0x0000014e   0x0000014e   0x00000000   Code   RO         3361    .ARM.Collect$$libinit$$00000019  c_p.l(libinit2.o)
    0x0000014e   0x0000014e   0x00000000   Code   RO         3363    .ARM.Collect$$libinit$$0000001B  c_p.l(libinit2.o)
    0x0000014e   0x0000014e   0x00000000   Code   RO         3365    .ARM.Collect$$libinit$$0000001D  c_p.l(libinit2.o)
    0x0000014e   0x0000014e   0x00000000   Code   RO         3367    .ARM.Collect$$libinit$$0000001F  c_p.l(libinit2.o)
    0x0000014e   0x0000014e   0x00000000   Code   RO         3369    .ARM.Collect$$libinit$$00000021  c_p.l(libinit2.o)
    0x0000014e   0x0000014e   0x00000000   Code   RO         3371    .ARM.Collect$$libinit$$00000023  c_p.l(libinit2.o)
    0x0000014e   0x0000014e   0x00000000   Code   RO         3373    .ARM.Collect$$libinit$$00000025  c_p.l(libinit2.o)
    0x0000014e   0x0000014e   0x00000000   Code   RO         3377    .ARM.Collect$$libinit$$0000002C  c_p.l(libinit2.o)
    0x0000014e   0x0000014e   0x00000000   Code   RO         3379    .ARM.Collect$$libinit$$0000002E  c_p.l(libinit2.o)
    0x0000014e   0x0000014e   0x00000000   Code   RO         3381    .ARM.Collect$$libinit$$00000030  c_p.l(libinit2.o)
    0x0000014e   0x0000014e   0x00000000   Code   RO         3383    .ARM.Collect$$libinit$$00000032  c_p.l(libinit2.o)
    0x0000014e   0x0000014e   0x00000002   Code   RO         3384    .ARM.Collect$$libinit$$00000033  c_p.l(libinit2.o)
    0x00000150   0x00000150   0x00000002   Code   RO         3415    .ARM.Collect$$libshutdown$$00000000  c_p.l(libshutdown.o)
    0x00000152   0x00000152   0x00000000   Code   RO         3441    .ARM.Collect$$libshutdown$$00000002  c_p.l(libshutdown2.o)
    0x00000152   0x00000152   0x00000000   Code   RO         3443    .ARM.Collect$$libshutdown$$00000004  c_p.l(libshutdown2.o)
    0x00000152   0x00000152   0x00000000   Code   RO         3445    .ARM.Collect$$libshutdown$$00000006  c_p.l(libshutdown2.o)
    0x00000152   0x00000152   0x00000000   Code   RO         3448    .ARM.Collect$$libshutdown$$00000009  c_p.l(libshutdown2.o)
    0x00000152   0x00000152   0x00000000   Code   RO         3451    .ARM.Collect$$libshutdown$$0000000C  c_p.l(libshutdown2.o)
    0x00000152   0x00000152   0x00000000   Code   RO         3453    .ARM.Collect$$libshutdown$$0000000E  c_p.l(libshutdown2.o)
    0x00000152   0x00000152   0x00000000   Code   RO         3456    .ARM.Collect$$libshutdown$$00000011  c_p.l(libshutdown2.o)
    0x00000152   0x00000152   0x00000002   Code   RO         3457    .ARM.Collect$$libshutdown$$00000012  c_p.l(libshutdown2.o)
    0x00000154   0x00000154   0x00000000   Code   RO         3279    .ARM.Collect$$rtentry$$00000000  c_p.l(__rtentry.o)
    0x00000154   0x00000154   0x00000000   Code   RO         3295    .ARM.Collect$$rtentry$$00000002  c_p.l(__rtentry2.o)
    0x00000154   0x00000154   0x00000006   Code   RO         3307    .ARM.Collect$$rtentry$$00000004  c_p.l(__rtentry4.o)
    0x0000015a   0x0000015a   0x00000000   Code   RO         3297    .ARM.Collect$$rtentry$$00000009  c_p.l(__rtentry2.o)
    0x0000015a   0x0000015a   0x00000004   Code   RO         3298    .ARM.Collect$$rtentry$$0000000A  c_p.l(__rtentry2.o)
    0x0000015e   0x0000015e   0x00000000   Code   RO         3300    .ARM.Collect$$rtentry$$0000000C  c_p.l(__rtentry2.o)
    0x0000015e   0x0000015e   0x00000008   Code   RO         3301    .ARM.Collect$$rtentry$$0000000D  c_p.l(__rtentry2.o)
    0x00000166   0x00000166   0x00000002   Code   RO         3332    .ARM.Collect$$rtexit$$00000000  c_p.l(rtexit.o)
    0x00000168   0x00000168   0x00000000   Code   RO         3388    .ARM.Collect$$rtexit$$00000002  c_p.l(rtexit2.o)
    0x00000168   0x00000168   0x00000004   Code   RO         3389    .ARM.Collect$$rtexit$$00000003  c_p.l(rtexit2.o)
    0x0000016c   0x0000016c   0x00000006   Code   RO         3390    .ARM.Collect$$rtexit$$00000004  c_p.l(rtexit2.o)
    0x00000172   0x00000172   0x00000002   PAD
    0x00000174   0x00000174   0x00000038   Code   RO         3246    .emb_text           c_p.l(rt_memcpy.o)
    0x000001ac   0x000001ac   0x00000044   Code   RO         2856    .text               startup_cw32f003.o
    0x000001f0   0x000001f0   0x00000028   Code   RO         3218    .text               c_p.l(noretval__2sprintf.o)
    0x00000218   0x00000218   0x0000006c   Code   RO         3220    .text               c_p.l(__printf.o)
    0x00000284   0x00000284   0x0000006c   Code   RO         3222    .text               c_p.l(_printf_dec.o)
    0x000002f0   0x000002f0   0x0000015a   Code   RO         3250    .text               c_p.l(aeabi_sdiv.o)
    0x0000044a   0x0000044a   0x00000006   Code   RO         3254    .text               c_p.l(heapauxi.o)
    0x00000450   0x00000450   0x00000358   Code   RO         3258    .text               fz_ps.l(daddsub.o)
    0x000007a8   0x000007a8   0x00000048   Code   RO         3260    .text               fz_ps.l(dfixui.o)
    0x000007f0   0x000007f0   0x00000054   Code   RO         3262    .text               fz_ps.l(f2d.o)
    0x00000844   0x00000844   0x00000160   Code   RO         3270    .text               fz_ps.l(fdiv.o)
    0x000009a4   0x000009a4   0x00000030   Code   RO         3273    .text               fz_ps.l(ffixui.o)
    0x000009d4   0x000009d4   0x0000005e   Code   RO         3275    .text               fz_ps.l(fflti.o)
    0x00000a32   0x00000a32   0x000000b0   Code   RO         3284    .text               c_p.l(_printf_intcommon.o)
    0x00000ae2   0x00000ae2   0x00000002   PAD
    0x00000ae4   0x00000ae4   0x00000030   Code   RO         3286    .text               c_p.l(_printf_char_common.o)
    0x00000b14   0x00000b14   0x0000000a   Code   RO         3288    .text               c_p.l(_sputc.o)
    0x00000b1e   0x00000b1e   0x00000028   Code   RO         3291    .text               c_p.l(rtudiv10.o)
    0x00000b46   0x00000b46   0x0000003e   Code   RO         3313    .text               c_p.l(sys_stackheap_outer.o)
    0x00000b84   0x00000b84   0x00000010   Code   RO         3316    .text               c_p.l(exit.o)
    0x00000b94   0x00000b94   0x00000008   Code   RO         3328    .text               c_p.l(libspace.o)
    0x00000b9c   0x00000b9c   0x0000000c   Code   RO         3385    .text               c_p.l(sys_exit.o)
    0x00000ba8   0x00000ba8   0x00000002   Code   RO         3404    .text               c_p.l(use_no_semi.o)
    0x00000baa   0x00000baa   0x00000000   Code   RO         3406    .text               c_p.l(indicate_semi.o)
    0x00000baa   0x00000baa   0x00000002   PAD
    0x00000bac   0x00000bac   0x00000044   Code   RO            4    i.ADC_BufEnSerialCh  cw32f003_adc.o
    0x00000bf0   0x00000bf0   0x00000014   Code   RO            6    i.ADC_ClearITPendingAll  cw32f003_adc.o
    0x00000c04   0x00000c04   0x00000020   Code   RO           13    i.ADC_Enable        cw32f003_adc.o
    0x00000c24   0x00000c24   0x00000018   Code   RO           19    i.ADC_GetITStatus   cw32f003_adc.o
    0x00000c3c   0x00000c3c   0x00000014   Code   RO           21    i.ADC_GetSqr0Result  cw32f003_adc.o
    0x00000c50   0x00000c50   0x0000000c   Code   RO         2992    i.ADC_IRQHandler    interrupts_cw32f003.o
    0x00000c5c   0x00000c5c   0x00000084   Code   RO           28    i.ADC_Init          cw32f003_adc.o
    0x00000ce0   0x00000ce0   0x00000052   Code   RO           30    i.ADC_SerialChCommon  cw32f003_adc.o
    0x00000d32   0x00000d32   0x00000002   PAD
    0x00000d34   0x00000d34   0x00000020   Code   RO           31    i.ADC_SerialChContinuousModeCfg  cw32f003_adc.o
    0x00000d54   0x00000d54   0x00000024   Code   RO           42    i.ADC_SoftwareStartConvCmd  cw32f003_adc.o
    0x00000d78   0x00000d78   0x00000034   Code   RO           43    i.ADC_Sqr01ChannelCfg  cw32f003_adc.o
    0x00000dac   0x00000dac   0x00000040   Code   RO           44    i.ADC_Sqr02ChannelCfg  cw32f003_adc.o
    0x00000dec   0x00000dec   0x00000048   Code   RO           45    i.ADC_Sqr03ChannelCfg  cw32f003_adc.o
    0x00000e34   0x00000e34   0x00000028   Code   RO           46    i.ADC_Sqr0ChannelCfg  cw32f003_adc.o
    0x00000e5c   0x00000e5c   0x00000018   Code   RO           47    i.ADC_StructInit    cw32f003_adc.o
    0x00000e74   0x00000e74   0x00000088   Code   RO         2862    i.ADC_init          adc.o
    0x00000efc   0x00000efc   0x00000002   Code   RO         2993    i.ATIM_IRQHandler   interrupts_cw32f003.o
    0x00000efe   0x00000efe   0x00000002   Code   RO         2994    i.AWT_IRQHandler    interrupts_cw32f003.o
    0x00000f00   0x00000f00   0x00000020   Code   RO         2995    i.BTIM1_IRQHandler  interrupts_cw32f003.o
    0x00000f20   0x00000f20   0x00000002   Code   RO         2996    i.BTIM2_IRQHandler  interrupts_cw32f003.o
    0x00000f22   0x00000f22   0x00000002   Code   RO         2997    i.BTIM3_IRQHandler  interrupts_cw32f003.o
    0x00000f24   0x00000f24   0x00000008   Code   RO          767    i.BTIM_ClearITPendingBit  cw32f003_btim.o
    0x00000f2c   0x00000f2c   0x00000018   Code   RO          768    i.BTIM_Cmd          cw32f003_btim.o
    0x00000f44   0x00000f44   0x00000012   Code   RO          773    i.BTIM_GetITStatus  cw32f003_btim.o
    0x00000f56   0x00000f56   0x00000014   Code   RO          775    i.BTIM_ITConfig     cw32f003_btim.o
    0x00000f6a   0x00000f6a   0x00000002   PAD
    0x00000f6c   0x00000f6c   0x00000020   Code   RO          784    i.BTIM_TimeBaseInit  cw32f003_btim.o
    0x00000f8c   0x00000f8c   0x00000068   Code   RO         2920    i.Btim1_Init        btim1.o
    0x00000ff4   0x00000ff4   0x00000002   Code   RO         2998    i.FLASHRAM_IRQHandler  interrupts_cw32f003.o
    0x00000ff6   0x00000ff6   0x00000002   PAD
    0x00000ff8   0x00000ff8   0x00000024   Code   RO         1017    i.FLASH_SetLatency  cw32f003_flash.o
    0x0000101c   0x0000101c   0x00000002   Code   RO         2999    i.GPIOA_IRQHandler  interrupts_cw32f003.o
    0x0000101e   0x0000101e   0x00000002   Code   RO         3000    i.GPIOB_IRQHandler  interrupts_cw32f003.o
    0x00001020   0x00001020   0x00000002   Code   RO         3001    i.GPIOC_IRQHandler  interrupts_cw32f003.o
    0x00001022   0x00001022   0x000000e2   Code   RO         1134    i.GPIO_Init         cw32f003_gpio.o
    0x00001104   0x00001104   0x00000002   Code   RO         3002    i.GTIM_IRQHandler   interrupts_cw32f003.o
    0x00001106   0x00001106   0x00000002   PAD
    0x00001108   0x00001108   0x0000000c   Code   RO         2246    i.GetTick           cw32f003_systick.o
    0x00001114   0x00001114   0x00000010   Code   RO         2863    i.Get_ADC_Value     adc.o
    0x00001124   0x00001124   0x00000004   Code   RO         3003    i.HardFault_Handler  interrupts_cw32f003.o
    0x00001128   0x00001128   0x00000002   Code   RO         3004    i.I2C_IRQHandler    interrupts_cw32f003.o
    0x0000112a   0x0000112a   0x00000002   PAD
    0x0000112c   0x0000112c   0x0000006c   Code   RO         2247    i.InitTick          cw32f003_systick.o
    0x00001198   0x00001198   0x00000002   Code   RO         3005    i.LVD_IRQHandler    interrupts_cw32f003.o
    0x0000119a   0x0000119a   0x00000002   Code   RO         3006    i.NMI_Handler       interrupts_cw32f003.o
    0x0000119c   0x0000119c   0x00000002   Code   RO         3007    i.PendSV_Handler    interrupts_cw32f003.o
    0x0000119e   0x0000119e   0x00000002   PAD
    0x000011a0   0x000011a0   0x00000020   Code   RO         1850    i.RCC_AHBPeriphClk_Enable  cw32f003_rcc.o
    0x000011c0   0x000011c0   0x00000020   Code   RO         1852    i.RCC_APBPeriphClk_Enable1  cw32f003_rcc.o
    0x000011e0   0x000011e0   0x0000002c   Code   RO         3176    i.RCC_Configuration  main.o
    0x0000120c   0x0000120c   0x00000020   Code   RO         1871    i.RCC_HCLKPRS_Config  cw32f003_rcc.o
    0x0000122c   0x0000122c   0x00000038   Code   RO         1876    i.RCC_HSI_Enable    cw32f003_rcc.o
    0x00001264   0x00001264   0x00000020   Code   RO         1883    i.RCC_PCLKPRS_Config  cw32f003_rcc.o
    0x00001284   0x00001284   0x00000030   Code   RO         1887    i.RCC_SYSCLKSRC_Config  cw32f003_rcc.o
    0x000012b4   0x000012b4   0x00000078   Code   RO         1889    i.RCC_Sysctrl_GetHClkFreq  cw32f003_rcc.o
    0x0000132c   0x0000132c   0x00000020   Code   RO         1890    i.RCC_Sysctrl_GetPClkFreq  cw32f003_rcc.o
    0x0000134c   0x0000134c   0x0000000c   Code   RO         1891    i.RCC_SystemCoreClockUpdate  cw32f003_rcc.o
    0x00001358   0x00001358   0x00000002   Code   RO         3008    i.SPI_IRQHandler    interrupts_cw32f003.o
    0x0000135a   0x0000135a   0x00000002   Code   RO         3009    i.SVC_Handler       interrupts_cw32f003.o
    0x0000135c   0x0000135c   0x00000002   Code   RO         3010    i.SYSCTRL_IRQHandler  interrupts_cw32f003.o
    0x0000135e   0x0000135e   0x00000002   PAD
    0x00001360   0x00001360   0x00000018   Code   RO         2251    i.SysTick_Handler   cw32f003_systick.o
    0x00001378   0x00001378   0x00000010   Code   RO         2809    i.SystemCoreClockUpdate  system_cw32f003.o
    0x00001388   0x00001388   0x0000003c   Code   RO         2810    i.SystemInit        system_cw32f003.o
    0x000013c4   0x000013c4   0x00000002   Code   RO         3011    i.UART1_IRQHandler  interrupts_cw32f003.o
    0x000013c6   0x000013c6   0x00000002   Code   RO         3012    i.UART2_IRQHandler  interrupts_cw32f003.o
    0x000013c8   0x000013c8   0x00000012   Code   RO         2321    i.USART_GetFlagStatus  cw32f003_uart.o
    0x000013da   0x000013da   0x00000002   PAD
    0x000013dc   0x000013dc   0x00000174   Code   RO         2325    i.USART_Init        cw32f003_uart.o
    0x00001550   0x00001550   0x00000004   Code   RO         2330    i.USART_SendData_8bit  cw32f003_uart.o
    0x00001554   0x00001554   0x00000038   Code   RO         2956    i.USART_SendString  uart2.o
    0x0000158c   0x0000158c   0x000000b0   Code   RO         2957    i.Uart2_Init        uart2.o
    0x0000163c   0x0000163c   0x00000002   Code   RO         3013    i.VC1_IRQHandler    interrupts_cw32f003.o
    0x0000163e   0x0000163e   0x00000002   Code   RO         3014    i.VC2_IRQHandler    interrupts_cw32f003.o
    0x00001640   0x00001640   0x00000060   Code   RO         3177    i.Volt_Cal          main.o
    0x000016a0   0x000016a0   0x00000002   Code   RO         3015    i.WDT_IRQHandler    interrupts_cw32f003.o
    0x000016a2   0x000016a2   0x00000002   PAD
    0x000016a4   0x000016a4   0x00000078   Code   RO         2252    i.__NVIC_SetPriority  cw32f003_systick.o
    0x0000171c   0x0000171c   0x0000006c   Code   RO         3178    i.main              main.o
    0x00001788   0x00001788   0x0000008c   Code   RO         3264    x$fpl$fadd          fz_ps.l(faddsub.o)
    0x00001814   0x00001814   0x000000b0   Code   RO         3277    x$fpl$fmul          fz_ps.l(fmul.o)
    0x000018c4   0x000018c4   0x00000018   Code   RO         3265    x$fpl$frsb          fz_ps.l(faddsub.o)
    0x000018dc   0x000018dc   0x000000d0   Code   RO         3266    x$fpl$fsub          fz_ps.l(faddsub.o)
    0x000019ac   0x000019ac   0x00000000   Code   RO         3293    x$fpl$usenofp       fz_ps.l(usenofp.o)
    0x000019ac   0x000019ac   0x00000040   Data   RO         1893    .constdata          cw32f003_rcc.o
    0x000019ec   0x000019ec   0x00000040   Data   RO         3271    .constdata          fz_ps.l(fdiv.o)
    0x00001a2c   0x00001a2c   0x00000020   Data   RO         3458    Region$$Table       anon$$obj.o


    Execution Region RW_IRAM1 (Exec base: 0x20000000, Load base: 0x00001a4c, Size: 0x00000480, Max: 0x00000c00, ABSOLUTE)

    Exec Addr    Load Addr    Size         Type   Attr      Idx    E Section Name        Object

    0x20000000   0x00001a4c   0x00000009   Data   RW         2253    .data               cw32f003_systick.o
    0x20000009   0x00001a55   0x00000003   PAD
    0x2000000c   0x00001a58   0x00000004   Data   RW         2811    .data               system_cw32f003.o
    0x20000010   0x00001a5c   0x00000002   Data   RW         2864    .data               adc.o
    0x20000012   0x00001a5e   0x00000002   PAD
    0x20000014   0x00001a60   0x0000000c   Data   RW         3179    .data               main.o
    0x20000020        -       0x00000060   Zero   RW         3329    .bss                c_p.l(libspace.o)
    0x20000080        -       0x00000200   Zero   RW         2854    HEAP                startup_cw32f003.o
    0x20000280        -       0x00000200   Zero   RW         2853    STACK               startup_cw32f003.o


==============================================================================

Image component sizes


      Code (inc. data)   RO Data    RW Data    ZI Data      Debug   Object Name

       152         16          0          2          0     116545   adc.o
       104         16          0          0          0      12333   btim1.o
       698         78          0          0          0     127774   cw32f003_adc.o
       102          4          0          0          0       6927   cw32f003_btim.o
        36         12          0          0          0        507   cw32f003_flash.o
       226          0          0          0          0       1100   cw32f003_gpio.o
       396         92         64          0          0       5564   cw32f003_rcc.o
       264         42          0          9          0      11610   cw32f003_systick.o
       394         10          0          0          0       6505   cw32f003_uart.o
        90          8          0          0          0      11040   interrupts_cw32f003.o
       248         46          0         12          0       1812   main.o
        68         32        192          0       1024        644   startup_cw32f003.o
        76         18          0          4          0       1227   system_cw32f003.o
       232         10          0          0          0       5748   uart2.o

    ----------------------------------------------------------------------
      3104        384        288         32       1024     309336   Object Totals
         0          0         32          0          0          0   (incl. Generated)
        18          0          0          5          0          0   (incl. Padding)

    ----------------------------------------------------------------------

      Code (inc. data)   RO Data    RW Data    ZI Data      Debug   Library Member Name

         8          0          0          0          0         68   __main.o
       108          0          0          0          0         76   __printf.o
         0          0          0          0          0          0   __rtentry.o
        12          0          0          0          0          0   __rtentry2.o
         6          0          0          0          0          0   __rtentry4.o
        60          8          0          0          0          0   __scatter.o
        26          0          0          0          0          0   __scatter_copy.o
        28          0          0          0          0          0   __scatter_zi.o
        48          6          0          0          0         88   _printf_char_common.o
       108         18          0          0          0         76   _printf_dec.o
       176          0          0          0          0         84   _printf_intcommon.o
         2          0          0          0          0          0   _printf_percent.o
         4          0          0          0          0          0   _printf_percent_end.o
        10          0          0          0          0          0   _printf_u.o
        10          0          0          0          0         60   _sputc.o
       346          0          0          0          0         92   aeabi_sdiv.o
        16          0          0          0          0         68   exit.o
         6          0          0          0          0        136   heapauxi.o
         0          0          0          0          0          0   indicate_semi.o
         2          0          0          0          0          0   libinit.o
         2          0          0          0          0          0   libinit2.o
         2          0          0          0          0          0   libshutdown.o
         2          0          0          0          0          0   libshutdown2.o
         8          4          0          0         96         68   libspace.o
        40          4          0          0          0         84   noretval__2sprintf.o
        56          0          0          0          0         68   rt_memcpy.o
         2          0          0          0          0          0   rtexit.o
        10          0          0          0          0          0   rtexit2.o
        40          0          0          0          0         60   rtudiv10.o
        12          4          0          0          0         60   sys_exit.o
        62          0          0          0          0         80   sys_stackheap_outer.o
         2          0          0          0          0         68   use_no_semi.o
       856         20          0          0          0        208   daddsub.o
        72          4          0          0          0         68   dfixui.o
        84          4          0          0          0         60   f2d.o
       372          8          0          0          0        240   faddsub.o
       352         10         64          0          0         92   fdiv.o
        48          0          0          0          0         60   ffixui.o
        94          0          0          0          0         92   fflti.o
       176          4          0          0          0         80   fmul.o
         0          0          0          0          0          0   usenofp.o

    ----------------------------------------------------------------------
      3276         94         64          0         96       2136   Library Totals
         8          0          0          0          0          0   (incl. Padding)

    ----------------------------------------------------------------------

      Code (inc. data)   RO Data    RW Data    ZI Data      Debug   Library Name

      1214         44          0          0         96       1236   c_p.l
      2054         50         64          0          0        900   fz_ps.l

    ----------------------------------------------------------------------
      3276         94         64          0         96       2136   Library Totals

    ----------------------------------------------------------------------

==============================================================================


      Code (inc. data)   RO Data    RW Data    ZI Data      Debug   

      6380        478        352         32       1120     307548   Grand Totals
      6380        478        352         32       1120     307548   ELF Image Totals
      6380        478        352         32          0          0   ROM Totals

==============================================================================

    Total RO  Size (Code + RO Data)                 6732 (   6.57kB)
    Total RW  Size (RW Data + ZI Data)              1152 (   1.13kB)
    Total ROM Size (Code + RO Data + RW Data)       6764 (   6.61kB)

==============================================================================

