Component: ARM Compiler 5.05 update 1 (build 106) Tool: armlink [4d0efa]

==============================================================================

Section Cross References

    cw32f003_adc.o(i.ADC_DisableIrq) refers to cw32f003_adc.o(i.ADC_DisableNvic) for ADC_DisableNvic
    cw32f003_adc.o(i.ADC_DisableNvic) refers to cw32f003_adc.o(i.NVIC_ClearPendingIRQ) for NVIC_ClearPendingIRQ
    cw32f003_adc.o(i.ADC_DisableNvic) refers to cw32f003_adc.o(i.NVIC_SetPriority) for NVIC_SetPriority
    cw32f003_adc.o(i.ADC_Enable) refers to cw32f003_adc.o(i.ADC_GetITStatus) for ADC_GetITStatus
    cw32f003_adc.o(i.ADC_EnableIrq) refers to cw32f003_adc.o(i.ADC_EnableNvic) for ADC_EnableNvic
    cw32f003_adc.o(i.ADC_EnableNvic) refers to cw32f003_adc.o(i.NVIC_ClearPendingIRQ) for NVIC_ClearPendingIRQ
    cw32f003_adc.o(i.ADC_EnableNvic) refers to cw32f003_adc.o(i.NVIC_SetPriority) for NVIC_SetPriority
    cw32f003_adc.o(i.ADC_GetTsVref1V5) refers to cw32f003_adc.o(i.ADC_GetConversionValue) for ADC_GetConversionValue
    cw32f003_adc.o(i.ADC_GetTsVref1V5) refers to fflti.o(.text) for __aeabi_i2f
    cw32f003_adc.o(i.ADC_GetTsVref1V5) refers to fmul.o(.text) for __aeabi_fmul
    cw32f003_adc.o(i.ADC_GetTsVref1V5) refers to ffltui.o(.text) for __aeabi_ui2f
    cw32f003_adc.o(i.ADC_GetTsVref1V5) refers to fadd.o(.text) for __aeabi_fadd
    cw32f003_adc.o(i.ADC_GetTsVref2V5) refers to cw32f003_adc.o(i.ADC_GetConversionValue) for ADC_GetConversionValue
    cw32f003_adc.o(i.ADC_GetTsVref2V5) refers to fflti.o(.text) for __aeabi_i2f
    cw32f003_adc.o(i.ADC_GetTsVref2V5) refers to fmul.o(.text) for __aeabi_fmul
    cw32f003_adc.o(i.ADC_GetTsVref2V5) refers to ffltui.o(.text) for __aeabi_ui2f
    cw32f003_adc.o(i.ADC_GetTsVref2V5) refers to fadd.o(.text) for __aeabi_fadd
    cw32f003_adc.o(i.ADC_SerialChBreakModeCfg) refers to cw32f003_adc.o(i.ADC_SerialChCommon) for ADC_SerialChCommon
    cw32f003_adc.o(i.ADC_SerialChCommon) refers to cw32f003_adc.o(i.ADC_Init) for ADC_Init
    cw32f003_adc.o(i.ADC_SerialChCommon) refers to cw32f003_adc.o(i.ADC_Sqr0ChannelCfg) for ADC_Sqr0ChannelCfg
    cw32f003_adc.o(i.ADC_SerialChCommon) refers to cw32f003_adc.o(i.ADC_Sqr01ChannelCfg) for ADC_Sqr01ChannelCfg
    cw32f003_adc.o(i.ADC_SerialChCommon) refers to cw32f003_adc.o(i.ADC_Sqr02ChannelCfg) for ADC_Sqr02ChannelCfg
    cw32f003_adc.o(i.ADC_SerialChCommon) refers to cw32f003_adc.o(i.ADC_Sqr03ChannelCfg) for ADC_Sqr03ChannelCfg
    cw32f003_adc.o(i.ADC_SerialChContinuousModeCfg) refers to cw32f003_adc.o(i.ADC_SerialChCommon) for ADC_SerialChCommon
    cw32f003_adc.o(i.ADC_SerialChMoreModeCfg) refers to cw32f003_adc.o(i.ADC_SerialChCommon) for ADC_SerialChCommon
    cw32f003_adc.o(i.ADC_SerialChScanModeCfg) refers to cw32f003_adc.o(i.ADC_SerialChCommon) for ADC_SerialChCommon
    cw32f003_adc.o(i.ADC_SingleChCommon) refers to cw32f003_adc.o(i.ADC_Init) for ADC_Init
    cw32f003_adc.o(i.ADC_SingleChCommon) refers to cw32f003_adc.o(i.ADC_BufEnSingleCh) for ADC_BufEnSingleCh
    cw32f003_adc.o(i.ADC_SingleChCommon) refers to cw32f003_adc.o(i.ADC_WdtConfig) for ADC_WdtConfig
    cw32f003_adc.o(i.ADC_SingleChContinuousModeCfg) refers to cw32f003_adc.o(i.ADC_SingleChCommon) for ADC_SingleChCommon
    cw32f003_adc.o(i.ADC_SingleChMoreModeCfg) refers to cw32f003_adc.o(i.ADC_SingleChCommon) for ADC_SingleChCommon
    cw32f003_adc.o(i.ADC_SingleChOneModeCfg) refers to cw32f003_adc.o(i.ADC_SingleChCommon) for ADC_SingleChCommon
    cw32f003_adc.o(i.ADC_Sqr01ChannelCfg) refers to cw32f003_adc.o(i.ADC_BufEnSerialCh) for ADC_BufEnSerialCh
    cw32f003_adc.o(i.ADC_Sqr02ChannelCfg) refers to cw32f003_adc.o(i.ADC_BufEnSerialCh) for ADC_BufEnSerialCh
    cw32f003_adc.o(i.ADC_Sqr03ChannelCfg) refers to cw32f003_adc.o(i.ADC_BufEnSerialCh) for ADC_BufEnSerialCh
    cw32f003_adc.o(i.ADC_Sqr0ChannelCfg) refers to cw32f003_adc.o(i.ADC_BufEnSerialCh) for ADC_BufEnSerialCh
    cw32f003_flash.o(i.FLASH_SetReadOutLevel) refers to cw32f003_flash.o(i.FLASH_GetReadOutLevel) for FLASH_GetReadOutLevel
    cw32f003_i2c.o(i.I2C_MasterReadEepomData) refers to cw32f003_i2c.o(i.I2C_GenerateSTART) for I2C_GenerateSTART
    cw32f003_i2c.o(i.I2C_MasterReadEepomData) refers to cw32f003_i2c.o(i.I2C_GetIrq) for I2C_GetIrq
    cw32f003_i2c.o(i.I2C_MasterReadEepomData) refers to cw32f003_i2c.o(i.I2C_GetState) for I2C_GetState
    cw32f003_i2c.o(i.I2C_MasterReadEepomData) refers to cw32f003_i2c.o(i.__ARM_common_switch8) for __ARM_common_switch8
    cw32f003_i2c.o(i.I2C_MasterReadEepomData) refers to cw32f003_i2c.o(i.I2C_Send7bitAddress) for I2C_Send7bitAddress
    cw32f003_i2c.o(i.I2C_MasterReadEepomData) refers to cw32f003_i2c.o(i.I2C_SendData) for I2C_SendData
    cw32f003_i2c.o(i.I2C_MasterReadEepomData) refers to cw32f003_i2c.o(i.I2C_AcknowledgeConfig) for I2C_AcknowledgeConfig
    cw32f003_i2c.o(i.I2C_MasterReadEepomData) refers to cw32f003_i2c.o(i.I2C_ReceiveData) for I2C_ReceiveData
    cw32f003_i2c.o(i.I2C_MasterReadEepomData) refers to cw32f003_i2c.o(i.I2C_GenerateSTOP) for I2C_GenerateSTOP
    cw32f003_i2c.o(i.I2C_MasterReadEepomData) refers to cw32f003_i2c.o(i.I2C_ClearIrq) for I2C_ClearIrq
    cw32f003_i2c.o(i.I2C_MasterRecDataFromSlave) refers to cw32f003_i2c.o(i.I2C_GenerateSTART) for I2C_GenerateSTART
    cw32f003_i2c.o(i.I2C_MasterRecDataFromSlave) refers to cw32f003_i2c.o(i.I2C_GetIrq) for I2C_GetIrq
    cw32f003_i2c.o(i.I2C_MasterRecDataFromSlave) refers to cw32f003_i2c.o(i.I2C_GetState) for I2C_GetState
    cw32f003_i2c.o(i.I2C_MasterRecDataFromSlave) refers to cw32f003_i2c.o(i.I2C_Send7bitAddress) for I2C_Send7bitAddress
    cw32f003_i2c.o(i.I2C_MasterRecDataFromSlave) refers to cw32f003_i2c.o(i.I2C_AcknowledgeConfig) for I2C_AcknowledgeConfig
    cw32f003_i2c.o(i.I2C_MasterRecDataFromSlave) refers to cw32f003_i2c.o(i.I2C_ReceiveData) for I2C_ReceiveData
    cw32f003_i2c.o(i.I2C_MasterRecDataFromSlave) refers to cw32f003_i2c.o(i.I2C_GenerateSTOP) for I2C_GenerateSTOP
    cw32f003_i2c.o(i.I2C_MasterRecDataFromSlave) refers to cw32f003_i2c.o(i.I2C_ClearIrq) for I2C_ClearIrq
    cw32f003_i2c.o(i.I2C_MasterSendDataToSlave) refers to cw32f003_i2c.o(i.I2C_GenerateSTART) for I2C_GenerateSTART
    cw32f003_i2c.o(i.I2C_MasterSendDataToSlave) refers to cw32f003_i2c.o(i.I2C_GetIrq) for I2C_GetIrq
    cw32f003_i2c.o(i.I2C_MasterSendDataToSlave) refers to cw32f003_i2c.o(i.I2C_GetState) for I2C_GetState
    cw32f003_i2c.o(i.I2C_MasterSendDataToSlave) refers to cw32f003_i2c.o(i.I2C_Send7bitAddress) for I2C_Send7bitAddress
    cw32f003_i2c.o(i.I2C_MasterSendDataToSlave) refers to cw32f003_i2c.o(i.I2C_SendData) for I2C_SendData
    cw32f003_i2c.o(i.I2C_MasterSendDataToSlave) refers to cw32f003_i2c.o(i.I2C_GenerateSTOP) for I2C_GenerateSTOP
    cw32f003_i2c.o(i.I2C_MasterSendDataToSlave) refers to cw32f003_i2c.o(i.I2C_ClearIrq) for I2C_ClearIrq
    cw32f003_i2c.o(i.I2C_MasterWriteEepromData) refers to cw32f003_i2c.o(i.I2C_GenerateSTART) for I2C_GenerateSTART
    cw32f003_i2c.o(i.I2C_MasterWriteEepromData) refers to cw32f003_i2c.o(i.I2C_GetIrq) for I2C_GetIrq
    cw32f003_i2c.o(i.I2C_MasterWriteEepromData) refers to cw32f003_i2c.o(i.I2C_GetState) for I2C_GetState
    cw32f003_i2c.o(i.I2C_MasterWriteEepromData) refers to cw32f003_i2c.o(i.I2C_Send7bitAddress) for I2C_Send7bitAddress
    cw32f003_i2c.o(i.I2C_MasterWriteEepromData) refers to cw32f003_i2c.o(i.I2C_SendData) for I2C_SendData
    cw32f003_i2c.o(i.I2C_MasterWriteEepromData) refers to cw32f003_i2c.o(i.I2C_GenerateSTOP) for I2C_GenerateSTOP
    cw32f003_i2c.o(i.I2C_MasterWriteEepromData) refers to cw32f003_i2c.o(i.I2C_ClearIrq) for I2C_ClearIrq
    cw32f003_i2c.o(i.I2C_Master_Init) refers to cw32f003_i2c.o(i.I2C_SetBaud) for I2C_SetBaud
    cw32f003_i2c.o(i.I2C_Master_Init) refers to cw32f003_i2c.o(i.I2C_BaudGeneratorEnable) for I2C_BaudGeneratorEnable
    cw32f003_i2c.o(i.I2C_Master_Init) refers to cw32f003_i2c.o(i.I2C_FilterConfig) for I2C_FilterConfig
    cw32f003_i2c.o(i.I2C_Master_Init) refers to cw32f003_i2c.o(i.I2C_AcknowledgeConfig) for I2C_AcknowledgeConfig
    cw32f003_i2c.o(i.I2C_SlaveRecDataFromMaster) refers to cw32f003_i2c.o(i.I2C_GetIrq) for I2C_GetIrq
    cw32f003_i2c.o(i.I2C_SlaveRecDataFromMaster) refers to cw32f003_i2c.o(i.I2C_GetState) for I2C_GetState
    cw32f003_i2c.o(i.I2C_SlaveRecDataFromMaster) refers to cw32f003_i2c.o(i.__ARM_common_switch8) for __ARM_common_switch8
    cw32f003_i2c.o(i.I2C_SlaveRecDataFromMaster) refers to cw32f003_i2c.o(i.I2C_ReceiveData) for I2C_ReceiveData
    cw32f003_i2c.o(i.I2C_SlaveRecDataFromMaster) refers to cw32f003_i2c.o(i.I2C_ClearIrq) for I2C_ClearIrq
    cw32f003_i2c.o(i.I2C_SlaveSendDataToMaster) refers to cw32f003_i2c.o(i.I2C_GetIrq) for I2C_GetIrq
    cw32f003_i2c.o(i.I2C_SlaveSendDataToMaster) refers to cw32f003_i2c.o(i.I2C_GetState) for I2C_GetState
    cw32f003_i2c.o(i.I2C_SlaveSendDataToMaster) refers to cw32f003_i2c.o(i.I2C_SendData) for I2C_SendData
    cw32f003_i2c.o(i.I2C_SlaveSendDataToMaster) refers to cw32f003_i2c.o(i.I2C_ClearIrq) for I2C_ClearIrq
    cw32f003_i2c.o(i.I2C_Slave_Init) refers to cw32f003_i2c.o(i.I2C_FilterConfig) for I2C_FilterConfig
    cw32f003_i2c.o(i.I2C_Slave_Init) refers to cw32f003_i2c.o(i.I2C_AcknowledgeConfig) for I2C_AcknowledgeConfig
    cw32f003_i2c.o(i.I2C_Slave_Init) refers to cw32f003_i2c.o(i.I2C_SetOwnSlaveAddress0) for I2C_SetOwnSlaveAddress0
    cw32f003_i2c.o(i.I2C_Slave_Init) refers to cw32f003_i2c.o(i.I2C_GcConfig) for I2C_GcConfig
    cw32f003_i2c.o(i.I2C_Slave_Init) refers to cw32f003_i2c.o(i.I2C_SetOwnSlaveAddress1) for I2C_SetOwnSlaveAddress1
    cw32f003_i2c.o(i.I2C_Slave_Init) refers to cw32f003_i2c.o(i.I2C_SetOwnSlaveAddress2) for I2C_SetOwnSlaveAddress2
    cw32f003_lvd.o(i.LVD_DeInit) refers to cw32f003_lvd.o(i.LVD_DisableIrq) for LVD_DisableIrq
    cw32f003_lvd.o(i.LVD_DeInit) refers to cw32f003_lvd.o(i.LVD_Disable) for LVD_Disable
    cw32f003_lvd.o(i.LVD_DisableIrq) refers to cw32f003_lvd.o(i.LVD_DisableNvic) for LVD_DisableNvic
    cw32f003_lvd.o(i.LVD_DisableNvic) refers to cw32f003_lvd.o(i.NVIC_ClearPendingIRQ) for NVIC_ClearPendingIRQ
    cw32f003_lvd.o(i.LVD_EnableIrq) refers to cw32f003_lvd.o(i.LVD_EnableNvic) for LVD_EnableNvic
    cw32f003_lvd.o(i.LVD_EnableNvic) refers to cw32f003_lvd.o(i.NVIC_ClearPendingIRQ) for NVIC_ClearPendingIRQ
    cw32f003_lvd.o(i.LVD_EnableNvic) refers to cw32f003_lvd.o(i.NVIC_SetPriority) for NVIC_SetPriority
    cw32f003_lvd.o(i.LVD_Init) refers to cw32f003_lvd.o(i.LVD_Disable) for LVD_Disable
    cw32f003_lvd.o(i.LVD_Init) refers to cw32f003_lvd.o(i.LVD_DisableIrq) for LVD_DisableIrq
    cw32f003_rcc.o(i.RCC_SYSCLKSRC_Config) refers to cw32f003_rcc.o(i.RCC_Sysctrl_GetHClkFreq) for RCC_Sysctrl_GetHClkFreq
    cw32f003_rcc.o(i.RCC_SYSCLKSRC_Config) refers to cw32f003_rcc.o(i.RCC_SystemCoreClockUpdate) for RCC_SystemCoreClockUpdate
    cw32f003_rcc.o(i.RCC_SysClk_Switch) refers to cw32f003_rcc.o(i.RCC_Sysctrl_GetHClkFreq) for RCC_Sysctrl_GetHClkFreq
    cw32f003_rcc.o(i.RCC_SysClk_Switch) refers to cw32f003_rcc.o(i.RCC_SystemCoreClockUpdate) for RCC_SystemCoreClockUpdate
    cw32f003_rcc.o(i.RCC_Sysctrl_GetHClkFreq) refers to uidiv.o(.text) for __aeabi_uidivmod
    cw32f003_rcc.o(i.RCC_Sysctrl_GetHClkFreq) refers to cw32f003_rcc.o(.constdata) for hsiprs_tbl
    cw32f003_rcc.o(i.RCC_Sysctrl_GetPClkFreq) refers to cw32f003_rcc.o(i.RCC_Sysctrl_GetHClkFreq) for RCC_Sysctrl_GetHClkFreq
    cw32f003_rcc.o(i.RCC_SystemCoreClockUpdate) refers to system_cw32f003.o(.data) for SystemCoreClock
    cw32f003_systick.o(i.GetTick) refers to cw32f003_systick.o(.data) for uwTick
    cw32f003_systick.o(i.InitTick) refers to uidiv.o(.text) for __aeabi_uidivmod
    cw32f003_systick.o(i.InitTick) refers to cw32f003_systick.o(i.NVIC_SetPriority) for NVIC_SetPriority
    cw32f003_systick.o(i.InitTick) refers to cw32f003_systick.o(.data) for uwTickFreq
    cw32f003_systick.o(i.SysTickDelay) refers to cw32f003_systick.o(i.GetTick) for GetTick
    cw32f003_systick.o(i.SysTickDelay) refers to cw32f003_systick.o(.data) for uwTickFreq
    cw32f003_systick.o(i.SysTick_Handler) refers to cw32f003_systick.o(.data) for uwTick
    cw32f003_uart.o(i.USART_Init) refers to ffltui.o(.text) for __aeabi_ui2f
    cw32f003_uart.o(i.USART_Init) refers to fdiv.o(.text) for __aeabi_fdiv
    cw32f003_uart.o(i.USART_Init) refers to ffixui.o(.text) for __aeabi_f2uiz
    cw32f003_uart.o(i.USART_Init) refers to fadd.o(.text) for __aeabi_frsub
    cw32f003_uart.o(i.USART_Init) refers to fmul.o(.text) for __aeabi_fmul
    cw32f003_uart.o(i.USART_Init) refers to f2d.o(.text) for __aeabi_f2d
    cw32f003_uart.o(i.USART_Init) refers to dadd.o(.text) for __aeabi_dadd
    cw32f003_uart.o(i.USART_Init) refers to dfixui.o(.text) for __aeabi_d2uiz
    cw32f003_vc.o(i.VC1VC2_INNInit) refers to cw32f003_adc.o(i.ADC_Enable) for ADC_Enable
    cw32f003_vc.o(i.VC1_ChannelDeInit) refers to cw32f003_vc.o(i.VC_DisableNvic) for VC_DisableNvic
    cw32f003_vc.o(i.VC1_ChannelInit) refers to cw32f003_vc.o(i.VC1VC2_INNInit) for VC1VC2_INNInit
    cw32f003_vc.o(i.VC1_DisableIrq) refers to cw32f003_vc.o(i.VC_DisableNvic) for VC_DisableNvic
    cw32f003_vc.o(i.VC1_EnableChannel) refers to cw32f003_vc.o(i.VC1_GetFlagStatus) for VC1_GetFlagStatus
    cw32f003_vc.o(i.VC1_EnableIrq) refers to cw32f003_vc.o(i.VC_EnableNvic) for VC_EnableNvic
    cw32f003_vc.o(i.VC2_ChannelDeInit) refers to cw32f003_vc.o(i.VC_DisableNvic) for VC_DisableNvic
    cw32f003_vc.o(i.VC2_ChannelInit) refers to cw32f003_vc.o(i.VC1VC2_INNInit) for VC1VC2_INNInit
    cw32f003_vc.o(i.VC2_DisableIrq) refers to cw32f003_vc.o(i.VC_DisableNvic) for VC_DisableNvic
    cw32f003_vc.o(i.VC2_EnableChannel) refers to cw32f003_vc.o(i.VC2_GetFlagStatus) for VC2_GetFlagStatus
    cw32f003_vc.o(i.VC2_EnableIrq) refers to cw32f003_vc.o(i.VC_EnableNvic) for VC_EnableNvic
    cw32f003_vc.o(i.VC_DeInit) refers to cw32f003_vc.o(i.VC1_ChannelDeInit) for VC1_ChannelDeInit
    cw32f003_vc.o(i.VC_DeInit) refers to cw32f003_vc.o(i.VC2_ChannelDeInit) for VC2_ChannelDeInit
    cw32f003_vc.o(i.VC_DisableNvic) refers to cw32f003_vc.o(i.NVIC_ClearPendingIRQ) for NVIC_ClearPendingIRQ
    cw32f003_vc.o(i.VC_EnableNvic) refers to cw32f003_vc.o(i.NVIC_ClearPendingIRQ) for NVIC_ClearPendingIRQ
    cw32f003_vc.o(i.VC_EnableNvic) refers to cw32f003_vc.o(i.NVIC_SetPriority) for NVIC_SetPriority
    system_cw32f003.o(i.SystemCoreClockUpdate) refers to system_cw32f003.o(.data) for SystemCoreClock
    system_cw32f003.o(i.SystemInit) refers to system_cw32f003.o(i.SystemCoreClockUpdate) for SystemCoreClockUpdate
    startup_cw32f003.o(RESET) refers to startup_cw32f003.o(STACK) for __initial_sp
    startup_cw32f003.o(RESET) refers to startup_cw32f003.o(.text) for Reset_Handler
    startup_cw32f003.o(RESET) refers to interrupts_cw32f003.o(i.NMI_Handler) for NMI_Handler
    startup_cw32f003.o(RESET) refers to interrupts_cw32f003.o(i.HardFault_Handler) for HardFault_Handler
    startup_cw32f003.o(RESET) refers to interrupts_cw32f003.o(i.SVC_Handler) for SVC_Handler
    startup_cw32f003.o(RESET) refers to interrupts_cw32f003.o(i.PendSV_Handler) for PendSV_Handler
    startup_cw32f003.o(RESET) refers to cw32f003_systick.o(i.SysTick_Handler) for SysTick_Handler
    startup_cw32f003.o(RESET) refers to interrupts_cw32f003.o(i.WDT_IRQHandler) for WDT_IRQHandler
    startup_cw32f003.o(RESET) refers to interrupts_cw32f003.o(i.LVD_IRQHandler) for LVD_IRQHandler
    startup_cw32f003.o(RESET) refers to interrupts_cw32f003.o(i.FLASHRAM_IRQHandler) for FLASHRAM_IRQHandler
    startup_cw32f003.o(RESET) refers to interrupts_cw32f003.o(i.SYSCTRL_IRQHandler) for SYSCTRL_IRQHandler
    startup_cw32f003.o(RESET) refers to interrupts_cw32f003.o(i.GPIOA_IRQHandler) for GPIOA_IRQHandler
    startup_cw32f003.o(RESET) refers to interrupts_cw32f003.o(i.GPIOB_IRQHandler) for GPIOB_IRQHandler
    startup_cw32f003.o(RESET) refers to interrupts_cw32f003.o(i.GPIOC_IRQHandler) for GPIOC_IRQHandler
    startup_cw32f003.o(RESET) refers to interrupts_cw32f003.o(i.ADC_IRQHandler) for ADC_IRQHandler
    startup_cw32f003.o(RESET) refers to interrupts_cw32f003.o(i.ATIM_IRQHandler) for ATIM_IRQHandler
    startup_cw32f003.o(RESET) refers to interrupts_cw32f003.o(i.VC1_IRQHandler) for VC1_IRQHandler
    startup_cw32f003.o(RESET) refers to interrupts_cw32f003.o(i.VC2_IRQHandler) for VC2_IRQHandler
    startup_cw32f003.o(RESET) refers to interrupts_cw32f003.o(i.GTIM_IRQHandler) for GTIM_IRQHandler
    startup_cw32f003.o(RESET) refers to main.o(i.BTIM1_IRQHandler) for BTIM1_IRQHandler
    startup_cw32f003.o(RESET) refers to interrupts_cw32f003.o(i.BTIM2_IRQHandler) for BTIM2_IRQHandler
    startup_cw32f003.o(RESET) refers to interrupts_cw32f003.o(i.BTIM3_IRQHandler) for BTIM3_IRQHandler
    startup_cw32f003.o(RESET) refers to interrupts_cw32f003.o(i.I2C_IRQHandler) for I2C_IRQHandler
    startup_cw32f003.o(RESET) refers to interrupts_cw32f003.o(i.SPI_IRQHandler) for SPI_IRQHandler
    startup_cw32f003.o(RESET) refers to interrupts_cw32f003.o(i.UART1_IRQHandler) for UART1_IRQHandler
    startup_cw32f003.o(RESET) refers to log.o(i.UART2_IRQHandler) for UART2_IRQHandler
    startup_cw32f003.o(RESET) refers to interrupts_cw32f003.o(i.AWT_IRQHandler) for AWT_IRQHandler
    startup_cw32f003.o(.text) refers to system_cw32f003.o(i.SystemInit) for SystemInit
    startup_cw32f003.o(.text) refers to entry.o(.ARM.Collect$$$$00000000) for __main
    btim1.o(i.Btim1_Init) refers to cw32f003_btim.o(i.BTIM_TimeBaseInit) for BTIM_TimeBaseInit
    btim1.o(i.Btim1_Init) refers to cw32f003_btim.o(i.BTIM_ITConfig) for BTIM_ITConfig
    btim1.o(i.Btim1_Init) refers to cw32f003_btim.o(i.BTIM_Cmd) for BTIM_Cmd
    seg_dis.o(i.Close_Com) refers to cw32f003_gpio.o(i.GPIO_WritePin) for GPIO_WritePin
    seg_dis.o(i.Dis_Refresh) refers to seg_dis.o(i.Close_Com) for Close_Com
    seg_dis.o(i.Dis_Refresh) refers to seg_dis.o(i.Seg_Dis) for Seg_Dis
    seg_dis.o(i.Dis_Refresh) refers to seg_dis.o(.data) for Seg_Reg
    seg_dis.o(i.Display) refers to uidiv.o(.text) for __aeabi_uidivmod
    seg_dis.o(i.Display) refers to seg_dis.o(.data) for Seg_Reg
    seg_dis.o(i.DisplayI) refers to uidiv.o(.text) for __aeabi_uidivmod
    seg_dis.o(i.DisplayI) refers to seg_dis.o(.data) for Seg_Reg
    seg_dis.o(i.DisplaySETV) refers to uidiv.o(.text) for __aeabi_uidivmod
    seg_dis.o(i.DisplaySETV) refers to seg_dis.o(.data) for Seg_Reg
    seg_dis.o(i.Seg_Dis) refers to cw32f003_i2c.o(i.__ARM_common_switch8) for __ARM_common_switch8
    seg_dis.o(i.Seg_Dis) refers to cw32f003_gpio.o(i.GPIO_WritePin) for GPIO_WritePin
    seg_dis.o(i.Seg_Dis) refers to seg_dis.o(.data) for Seg_Table
    seg_dis.o(i.Seg_Init) refers to cw32f003_gpio.o(i.GPIO_Init) for GPIO_Init
    adc.o(i.ADC_init) refers to cw32f003_gpio.o(i.GPIO_Init) for GPIO_Init
    adc.o(i.ADC_init) refers to cw32f003_adc.o(i.ADC_StructInit) for ADC_StructInit
    adc.o(i.ADC_init) refers to memcpya.o(.text) for __aeabi_memcpy4
    adc.o(i.ADC_init) refers to cw32f003_adc.o(i.ADC_SerialChContinuousModeCfg) for ADC_SerialChContinuousModeCfg
    adc.o(i.ADC_init) refers to cw32f003_adc.o(i.ADC_ClearITPendingAll) for ADC_ClearITPendingAll
    adc.o(i.ADC_init) refers to cw32f003_adc.o(i.ADC_Enable) for ADC_Enable
    adc.o(i.ADC_init) refers to cw32f003_adc.o(i.ADC_SoftwareStartConvCmd) for ADC_SoftwareStartConvCmd
    adc.o(i.Get_ADC_Value) refers to cw32f003_adc.o(i.ADC_GetSqr0Result) for ADC_GetSqr0Result
    adc.o(i.Get_ADC_Value) refers to cw32f003_adc.o(i.ADC_GetSqr1Result) for ADC_GetSqr1Result
    adc.o(i.Get_ADC_Value) refers to adc.o(.data) for cnt
    adc.o(i.Get_ADC_Value) refers to adc.o(.bss) for Volt_Buffer
    flash.o(i.FLASH_Erase) refers to cw32f003_flash.o(i.FLASH_UnlockPages) for FLASH_UnlockPages
    flash.o(i.FLASH_Erase) refers to cw32f003_flash.o(i.FLASH_ErasePages) for FLASH_ErasePages
    flash.o(i.FLASH_Erase) refers to cw32f003_flash.o(i.FLASH_LockAllPages) for FLASH_LockAllPages
    flash.o(i.FLASH_Write) refers to cw32f003_flash.o(i.FLASH_UnlockPages) for FLASH_UnlockPages
    flash.o(i.FLASH_Write) refers to cw32f003_flash.o(i.FLASH_WirteHalfWords) for FLASH_WirteHalfWords
    flash.o(i.FLASH_Write) refers to cw32f003_flash.o(i.FLASH_LockAllPages) for FLASH_LockAllPages
    main.o(i.BTIM1_IRQHandler) refers to cw32f003_btim.o(i.BTIM_GetITStatus) for BTIM_GetITStatus
    main.o(i.BTIM1_IRQHandler) refers to cw32f003_btim.o(i.BTIM_ClearITPendingBit) for BTIM_ClearITPendingBit
    main.o(i.BTIM1_IRQHandler) refers to adc.o(i.Get_ADC_Value) for Get_ADC_Value
    main.o(i.BTIM1_IRQHandler) refers to seg_dis.o(i.Dis_Refresh) for Dis_Refresh
    main.o(i.BTIM1_IRQHandler) refers to cw32f003_gpio.o(i.GPIO_ReadPin) for GPIO_ReadPin
    main.o(i.BTIM1_IRQHandler) refers to main.o(i.Mean_Value_Filter) for Mean_Value_Filter
    main.o(i.BTIM1_IRQHandler) refers to main.o(i.save_calibration) for save_calibration
    main.o(i.BTIM1_IRQHandler) refers to main.o(i.ComputeK) for ComputeK
    main.o(i.BTIM1_IRQHandler) refers to main.o(i.Volt_Cal) for Volt_Cal
    main.o(i.BTIM1_IRQHandler) refers to main.o(.data) for timecount
    main.o(i.BTIM1_IRQHandler) refers to adc.o(.bss) for Volt_Buffer
    main.o(i.ComputeK) refers to ffltui.o(.text) for __aeabi_ui2f
    main.o(i.ComputeK) refers to fdiv.o(.text) for __aeabi_fdiv
    main.o(i.ComputeK) refers to main.o(.data) for Y15
    main.o(i.DisplayBuff) refers to seg_dis.o(i.Display) for Display
    main.o(i.DisplayBuff) refers to seg_dis.o(i.DisplayI) for DisplayI
    main.o(i.DisplayBuff) refers to seg_dis.o(i.DisplaySETV) for DisplaySETV
    main.o(i.DisplayBuff) refers to main.o(.data) for Mode
    main.o(i.DisplayBuff) refers to seg_dis.o(.data) for Seg_Reg
    main.o(i.KEYGPIO_Init) refers to cw32f003_gpio.o(i.GPIO_Init) for GPIO_Init
    main.o(i.Mean_Value_Filter) refers to uidiv.o(.text) for __aeabi_uidivmod
    main.o(i.RCC_Configuration) refers to cw32f003_flash.o(i.FLASH_SetLatency) for FLASH_SetLatency
    main.o(i.RCC_Configuration) refers to cw32f003_rcc.o(i.RCC_HSI_Enable) for RCC_HSI_Enable
    main.o(i.RCC_Configuration) refers to cw32f003_rcc.o(i.RCC_SYSCLKSRC_Config) for RCC_SYSCLKSRC_Config
    main.o(i.RCC_Configuration) refers to cw32f003_rcc.o(i.RCC_HCLKPRS_Config) for RCC_HCLKPRS_Config
    main.o(i.RCC_Configuration) refers to cw32f003_rcc.o(i.RCC_PCLKPRS_Config) for RCC_PCLKPRS_Config
    main.o(i.RCC_Configuration) refers to cw32f003_systick.o(i.InitTick) for InitTick
    main.o(i.Volt_Cal) refers to main.o(i.Mean_Value_Filter) for Mean_Value_Filter
    main.o(i.Volt_Cal) refers to ffltui.o(.text) for __aeabi_ui2f
    main.o(i.Volt_Cal) refers to fmul.o(.text) for __aeabi_fmul
    main.o(i.Volt_Cal) refers to fadd.o(.text) for __aeabi_fadd
    main.o(i.Volt_Cal) refers to ffixui.o(.text) for __aeabi_f2uiz
    main.o(i.Volt_Cal) refers to idiv.o(.text) for __aeabi_idivmod
    main.o(i.Volt_Cal) refers to adc.o(.bss) for Volt_Buffer
    main.o(i.Volt_Cal) refers to main.o(.data) for V_Buffer
    main.o(i.main) refers to main.o(i.RCC_Configuration) for RCC_Configuration
    main.o(i.main) refers to main.o(i.KEYGPIO_Init) for KEYGPIO_Init
    main.o(i.main) refers to seg_dis.o(i.Seg_Init) for Seg_Init
    main.o(i.main) refers to btim1.o(i.Btim1_Init) for Btim1_Init
    main.o(i.main) refers to adc.o(i.ADC_init) for ADC_init
    main.o(i.main) refers to log.o(i.LogInit) for LogInit
    main.o(i.main) refers to cw32f003_systick.o(i.GetTick) for GetTick
    main.o(i.main) refers to main.o(i.read_vol_cur_calibration) for read_vol_cur_calibration
    main.o(i.main) refers to main.o(i.ComputeK) for ComputeK
    main.o(i.main) refers to main.o(i.DisplayBuff) for DisplayBuff
    main.o(i.main) refers to main.o(i.Volt_Cal) for Volt_Cal
    main.o(i.main) refers to printfb.o(i.__0printf$bare) for __2printf
    main.o(i.main) refers to main.o(.data) for ble_time
    main.o(i.read_vol_cur_calibration) refers to main.o(i.save_calibration) for save_calibration
    main.o(i.read_vol_cur_calibration) refers to main.o(.data) for X15
    main.o(i.save_calibration) refers to main.o(.data) for X05
    log.o(i.LogInit) refers to log.o(i.SerialInit) for SerialInit
    log.o(i.SerialInit) refers to memseta.o(.text) for __aeabi_memclr4
    log.o(i.SerialInit) refers to cw32f003_gpio.o(i.GPIO_Init) for GPIO_Init
    log.o(i.SerialInit) refers to cw32f003_uart.o(i.USART_Init) for USART_Init
    log.o(i.SerialInit) refers to cw32f003_uart.o(i.USART_ITConfig) for USART_ITConfig
    log.o(i.SerialInit) refers to log.o(.constdata) for pow2_table
    log.o(i.SerialInit) refers to system_cw32f003.o(.data) for SystemCoreClock
    log.o(i.SerialSend) refers to cw32f003_uart.o(i.USART_SendData_8bit) for USART_SendData_8bit
    log.o(i.SerialSend) refers to cw32f003_uart.o(i.USART_GetFlagStatus) for USART_GetFlagStatus
    log.o(i.UART2_IRQHandler) refers to cw32f003_uart.o(i.USART_GetITStatus) for USART_GetITStatus
    log.o(i.UART2_IRQHandler) refers to cw32f003_uart.o(i.USART_ReceiveData_8bit) for USART_ReceiveData_8bit
    log.o(i.UART2_IRQHandler) refers to cw32f003_uart.o(i.USART_ClearITPendingBit) for USART_ClearITPendingBit
    log.o(i.fputc) refers to log.o(i.SerialSend) for SerialSend
    entry.o(.ARM.Collect$$$$00000000) refers (Special) to entry10a.o(.ARM.Collect$$$$0000000D) for __rt_final_cpp
    entry.o(.ARM.Collect$$$$00000000) refers (Special) to entry11a.o(.ARM.Collect$$$$0000000F) for __rt_final_exit
    entry.o(.ARM.Collect$$$$00000000) refers (Special) to entry7b.o(.ARM.Collect$$$$00000008) for _main_clock
    entry.o(.ARM.Collect$$$$00000000) refers (Special) to entry8b.o(.ARM.Collect$$$$0000000A) for _main_cpp_init
    entry.o(.ARM.Collect$$$$00000000) refers (Special) to entry9a.o(.ARM.Collect$$$$0000000B) for _main_init
    entry.o(.ARM.Collect$$$$00000000) refers (Special) to entry5.o(.ARM.Collect$$$$00000004) for _main_scatterload
    entry.o(.ARM.Collect$$$$00000000) refers (Special) to entry2.o(.ARM.Collect$$$$00000001) for _main_stk
    idiv.o(.text) refers to uidiv.o(.text) for __aeabi_uidivmod
    printfb.o(i.__0fprintf$bare) refers to printfb.o(i._printf_core) for _printf_core
    printfb.o(i.__0fprintf$bare) refers to log.o(i.fputc) for fputc
    printfb.o(i.__0printf$bare) refers to printfb.o(i._printf_core) for _printf_core
    printfb.o(i.__0printf$bare) refers to log.o(i.fputc) for fputc
    printfb.o(i.__0printf$bare) refers to stdout.o(.data) for __stdout
    printfb.o(i.__0snprintf$bare) refers to printfb.o(i._printf_core) for _printf_core
    printfb.o(i.__0snprintf$bare) refers to printfb.o(i._snputc) for _snputc
    printfb.o(i.__0sprintf$bare) refers to printfb.o(i._printf_core) for _printf_core
    printfb.o(i.__0sprintf$bare) refers to printfb.o(i._sputc) for _sputc
    printfb.o(i.__0vfprintf$bare) refers to printfb.o(i._printf_core) for _printf_core
    printfb.o(i.__0vfprintf$bare) refers to log.o(i.fputc) for fputc
    printfb.o(i.__0vprintf$bare) refers to printfb.o(i._printf_core) for _printf_core
    printfb.o(i.__0vprintf$bare) refers to log.o(i.fputc) for fputc
    printfb.o(i.__0vprintf$bare) refers to stdout.o(.data) for __stdout
    printfb.o(i.__0vsnprintf$bare) refers to printfb.o(i._printf_core) for _printf_core
    printfb.o(i.__0vsnprintf$bare) refers to printfb.o(i._snputc) for _snputc
    printfb.o(i.__0vsprintf$bare) refers to printfb.o(i._printf_core) for _printf_core
    printfb.o(i.__0vsprintf$bare) refers to printfb.o(i._sputc) for _sputc
    printf0.o(i.__0fprintf$0) refers to printf0.o(i._printf_core) for _printf_core
    printf0.o(i.__0fprintf$0) refers to log.o(i.fputc) for fputc
    printf0.o(i.__0printf$0) refers to printf0.o(i._printf_core) for _printf_core
    printf0.o(i.__0printf$0) refers to log.o(i.fputc) for fputc
    printf0.o(i.__0printf$0) refers to stdout.o(.data) for __stdout
    printf0.o(i.__0snprintf$0) refers to printf0.o(i._printf_core) for _printf_core
    printf0.o(i.__0snprintf$0) refers to printf0.o(i._snputc) for _snputc
    printf0.o(i.__0sprintf$0) refers to printf0.o(i._printf_core) for _printf_core
    printf0.o(i.__0sprintf$0) refers to printf0.o(i._sputc) for _sputc
    printf0.o(i.__0vfprintf$0) refers to printf0.o(i._printf_core) for _printf_core
    printf0.o(i.__0vfprintf$0) refers to log.o(i.fputc) for fputc
    printf0.o(i.__0vprintf$0) refers to printf0.o(i._printf_core) for _printf_core
    printf0.o(i.__0vprintf$0) refers to log.o(i.fputc) for fputc
    printf0.o(i.__0vprintf$0) refers to stdout.o(.data) for __stdout
    printf0.o(i.__0vsnprintf$0) refers to printf0.o(i._printf_core) for _printf_core
    printf0.o(i.__0vsnprintf$0) refers to printf0.o(i._snputc) for _snputc
    printf0.o(i.__0vsprintf$0) refers to printf0.o(i._printf_core) for _printf_core
    printf0.o(i.__0vsprintf$0) refers to printf0.o(i._sputc) for _sputc
    printf1.o(i.__0fprintf$1) refers to printf1.o(i._printf_core) for _printf_core
    printf1.o(i.__0fprintf$1) refers to log.o(i.fputc) for fputc
    printf1.o(i.__0printf$1) refers to printf1.o(i._printf_core) for _printf_core
    printf1.o(i.__0printf$1) refers to log.o(i.fputc) for fputc
    printf1.o(i.__0printf$1) refers to stdout.o(.data) for __stdout
    printf1.o(i.__0snprintf$1) refers to printf1.o(i._printf_core) for _printf_core
    printf1.o(i.__0snprintf$1) refers to printf1.o(i._snputc) for _snputc
    printf1.o(i.__0sprintf$1) refers to printf1.o(i._printf_core) for _printf_core
    printf1.o(i.__0sprintf$1) refers to printf1.o(i._sputc) for _sputc
    printf1.o(i.__0vfprintf$1) refers to printf1.o(i._printf_core) for _printf_core
    printf1.o(i.__0vfprintf$1) refers to log.o(i.fputc) for fputc
    printf1.o(i.__0vprintf$1) refers to printf1.o(i._printf_core) for _printf_core
    printf1.o(i.__0vprintf$1) refers to log.o(i.fputc) for fputc
    printf1.o(i.__0vprintf$1) refers to stdout.o(.data) for __stdout
    printf1.o(i.__0vsnprintf$1) refers to printf1.o(i._printf_core) for _printf_core
    printf1.o(i.__0vsnprintf$1) refers to printf1.o(i._snputc) for _snputc
    printf1.o(i.__0vsprintf$1) refers to printf1.o(i._printf_core) for _printf_core
    printf1.o(i.__0vsprintf$1) refers to printf1.o(i._sputc) for _sputc
    printf1.o(i._printf_core) refers to uidiv.o(.text) for __aeabi_uidivmod
    printf2.o(i.__0fprintf$2) refers to printf2.o(i._printf_core) for _printf_core
    printf2.o(i.__0fprintf$2) refers to log.o(i.fputc) for fputc
    printf2.o(i.__0printf$2) refers to printf2.o(i._printf_core) for _printf_core
    printf2.o(i.__0printf$2) refers to log.o(i.fputc) for fputc
    printf2.o(i.__0printf$2) refers to stdout.o(.data) for __stdout
    printf2.o(i.__0snprintf$2) refers to printf2.o(i._printf_core) for _printf_core
    printf2.o(i.__0snprintf$2) refers to printf2.o(i._snputc) for _snputc
    printf2.o(i.__0sprintf$2) refers to printf2.o(i._printf_core) for _printf_core
    printf2.o(i.__0sprintf$2) refers to printf2.o(i._sputc) for _sputc
    printf2.o(i.__0vfprintf$2) refers to printf2.o(i._printf_core) for _printf_core
    printf2.o(i.__0vfprintf$2) refers to log.o(i.fputc) for fputc
    printf2.o(i.__0vprintf$2) refers to printf2.o(i._printf_core) for _printf_core
    printf2.o(i.__0vprintf$2) refers to log.o(i.fputc) for fputc
    printf2.o(i.__0vprintf$2) refers to stdout.o(.data) for __stdout
    printf2.o(i.__0vsnprintf$2) refers to printf2.o(i._printf_core) for _printf_core
    printf2.o(i.__0vsnprintf$2) refers to printf2.o(i._snputc) for _snputc
    printf2.o(i.__0vsprintf$2) refers to printf2.o(i._printf_core) for _printf_core
    printf2.o(i.__0vsprintf$2) refers to printf2.o(i._sputc) for _sputc
    printf3.o(i.__0fprintf$3) refers to printf3.o(i._printf_core) for _printf_core
    printf3.o(i.__0fprintf$3) refers to log.o(i.fputc) for fputc
    printf3.o(i.__0printf$3) refers to printf3.o(i._printf_core) for _printf_core
    printf3.o(i.__0printf$3) refers to log.o(i.fputc) for fputc
    printf3.o(i.__0printf$3) refers to stdout.o(.data) for __stdout
    printf3.o(i.__0snprintf$3) refers to printf3.o(i._printf_core) for _printf_core
    printf3.o(i.__0snprintf$3) refers to printf3.o(i._snputc) for _snputc
    printf3.o(i.__0sprintf$3) refers to printf3.o(i._printf_core) for _printf_core
    printf3.o(i.__0sprintf$3) refers to printf3.o(i._sputc) for _sputc
    printf3.o(i.__0vfprintf$3) refers to printf3.o(i._printf_core) for _printf_core
    printf3.o(i.__0vfprintf$3) refers to log.o(i.fputc) for fputc
    printf3.o(i.__0vprintf$3) refers to printf3.o(i._printf_core) for _printf_core
    printf3.o(i.__0vprintf$3) refers to log.o(i.fputc) for fputc
    printf3.o(i.__0vprintf$3) refers to stdout.o(.data) for __stdout
    printf3.o(i.__0vsnprintf$3) refers to printf3.o(i._printf_core) for _printf_core
    printf3.o(i.__0vsnprintf$3) refers to printf3.o(i._snputc) for _snputc
    printf3.o(i.__0vsprintf$3) refers to printf3.o(i._printf_core) for _printf_core
    printf3.o(i.__0vsprintf$3) refers to printf3.o(i._sputc) for _sputc
    printf3.o(i._printf_core) refers to uidiv.o(.text) for __aeabi_uidivmod
    printf4.o(i.__0fprintf$4) refers to printf4.o(i._printf_core) for _printf_core
    printf4.o(i.__0fprintf$4) refers to log.o(i.fputc) for fputc
    printf4.o(i.__0printf$4) refers to printf4.o(i._printf_core) for _printf_core
    printf4.o(i.__0printf$4) refers to log.o(i.fputc) for fputc
    printf4.o(i.__0printf$4) refers to stdout.o(.data) for __stdout
    printf4.o(i.__0snprintf$4) refers to printf4.o(i._printf_core) for _printf_core
    printf4.o(i.__0snprintf$4) refers to printf4.o(i._snputc) for _snputc
    printf4.o(i.__0sprintf$4) refers to printf4.o(i._printf_core) for _printf_core
    printf4.o(i.__0sprintf$4) refers to printf4.o(i._sputc) for _sputc
    printf4.o(i.__0vfprintf$4) refers to printf4.o(i._printf_core) for _printf_core
    printf4.o(i.__0vfprintf$4) refers to log.o(i.fputc) for fputc
    printf4.o(i.__0vprintf$4) refers to printf4.o(i._printf_core) for _printf_core
    printf4.o(i.__0vprintf$4) refers to log.o(i.fputc) for fputc
    printf4.o(i.__0vprintf$4) refers to stdout.o(.data) for __stdout
    printf4.o(i.__0vsnprintf$4) refers to printf4.o(i._printf_core) for _printf_core
    printf4.o(i.__0vsnprintf$4) refers to printf4.o(i._snputc) for _snputc
    printf4.o(i.__0vsprintf$4) refers to printf4.o(i._printf_core) for _printf_core
    printf4.o(i.__0vsprintf$4) refers to printf4.o(i._sputc) for _sputc
    printf4.o(i._printf_core) refers to uldiv.o(.text) for __aeabi_uldivmod
    printf5.o(i.__0fprintf$5) refers to printf5.o(i._printf_core) for _printf_core
    printf5.o(i.__0fprintf$5) refers to log.o(i.fputc) for fputc
    printf5.o(i.__0printf$5) refers to printf5.o(i._printf_core) for _printf_core
    printf5.o(i.__0printf$5) refers to log.o(i.fputc) for fputc
    printf5.o(i.__0printf$5) refers to stdout.o(.data) for __stdout
    printf5.o(i.__0snprintf$5) refers to printf5.o(i._printf_core) for _printf_core
    printf5.o(i.__0snprintf$5) refers to printf5.o(i._snputc) for _snputc
    printf5.o(i.__0sprintf$5) refers to printf5.o(i._printf_core) for _printf_core
    printf5.o(i.__0sprintf$5) refers to printf5.o(i._sputc) for _sputc
    printf5.o(i.__0vfprintf$5) refers to printf5.o(i._printf_core) for _printf_core
    printf5.o(i.__0vfprintf$5) refers to log.o(i.fputc) for fputc
    printf5.o(i.__0vprintf$5) refers to printf5.o(i._printf_core) for _printf_core
    printf5.o(i.__0vprintf$5) refers to log.o(i.fputc) for fputc
    printf5.o(i.__0vprintf$5) refers to stdout.o(.data) for __stdout
    printf5.o(i.__0vsnprintf$5) refers to printf5.o(i._printf_core) for _printf_core
    printf5.o(i.__0vsnprintf$5) refers to printf5.o(i._snputc) for _snputc
    printf5.o(i.__0vsprintf$5) refers to printf5.o(i._printf_core) for _printf_core
    printf5.o(i.__0vsprintf$5) refers to printf5.o(i._sputc) for _sputc
    printf5.o(i._printf_core) refers to uldiv.o(.text) for __aeabi_uldivmod
    printf6.o(i.__0fprintf$6) refers to printf6.o(i._printf_core) for _printf_core
    printf6.o(i.__0fprintf$6) refers to log.o(i.fputc) for fputc
    printf6.o(i.__0printf$6) refers to printf6.o(i._printf_core) for _printf_core
    printf6.o(i.__0printf$6) refers to log.o(i.fputc) for fputc
    printf6.o(i.__0printf$6) refers to stdout.o(.data) for __stdout
    printf6.o(i.__0snprintf$6) refers to printf6.o(i._printf_core) for _printf_core
    printf6.o(i.__0snprintf$6) refers to printf6.o(i._snputc) for _snputc
    printf6.o(i.__0sprintf$6) refers to printf6.o(i._printf_core) for _printf_core
    printf6.o(i.__0sprintf$6) refers to printf6.o(i._sputc) for _sputc
    printf6.o(i.__0vfprintf$6) refers to printf6.o(i._printf_core) for _printf_core
    printf6.o(i.__0vfprintf$6) refers to log.o(i.fputc) for fputc
    printf6.o(i.__0vprintf$6) refers to printf6.o(i._printf_core) for _printf_core
    printf6.o(i.__0vprintf$6) refers to log.o(i.fputc) for fputc
    printf6.o(i.__0vprintf$6) refers to stdout.o(.data) for __stdout
    printf6.o(i.__0vsnprintf$6) refers to printf6.o(i._printf_core) for _printf_core
    printf6.o(i.__0vsnprintf$6) refers to printf6.o(i._snputc) for _snputc
    printf6.o(i.__0vsprintf$6) refers to printf6.o(i._printf_core) for _printf_core
    printf6.o(i.__0vsprintf$6) refers to printf6.o(i._sputc) for _sputc
    printf6.o(i._printf_core) refers to printf6.o(i._printf_pre_padding) for _printf_pre_padding
    printf6.o(i._printf_core) refers to printf6.o(i._printf_post_padding) for _printf_post_padding
    printf6.o(i._printf_core) refers to uidiv.o(.text) for __aeabi_uidivmod
    printf7.o(i.__0fprintf$7) refers to printf7.o(i._printf_core) for _printf_core
    printf7.o(i.__0fprintf$7) refers to log.o(i.fputc) for fputc
    printf7.o(i.__0printf$7) refers to printf7.o(i._printf_core) for _printf_core
    printf7.o(i.__0printf$7) refers to log.o(i.fputc) for fputc
    printf7.o(i.__0printf$7) refers to stdout.o(.data) for __stdout
    printf7.o(i.__0snprintf$7) refers to printf7.o(i._printf_core) for _printf_core
    printf7.o(i.__0snprintf$7) refers to printf7.o(i._snputc) for _snputc
    printf7.o(i.__0sprintf$7) refers to printf7.o(i._printf_core) for _printf_core
    printf7.o(i.__0sprintf$7) refers to printf7.o(i._sputc) for _sputc
    printf7.o(i.__0vfprintf$7) refers to printf7.o(i._printf_core) for _printf_core
    printf7.o(i.__0vfprintf$7) refers to log.o(i.fputc) for fputc
    printf7.o(i.__0vprintf$7) refers to printf7.o(i._printf_core) for _printf_core
    printf7.o(i.__0vprintf$7) refers to log.o(i.fputc) for fputc
    printf7.o(i.__0vprintf$7) refers to stdout.o(.data) for __stdout
    printf7.o(i.__0vsnprintf$7) refers to printf7.o(i._printf_core) for _printf_core
    printf7.o(i.__0vsnprintf$7) refers to printf7.o(i._snputc) for _snputc
    printf7.o(i.__0vsprintf$7) refers to printf7.o(i._printf_core) for _printf_core
    printf7.o(i.__0vsprintf$7) refers to printf7.o(i._sputc) for _sputc
    printf7.o(i._printf_core) refers to printf7.o(i._printf_pre_padding) for _printf_pre_padding
    printf7.o(i._printf_core) refers to printf7.o(i._printf_post_padding) for _printf_post_padding
    printf7.o(i._printf_core) refers to uldiv.o(.text) for __aeabi_uldivmod
    printf8.o(i.__0fprintf$8) refers to printf8.o(i._printf_core) for _printf_core
    printf8.o(i.__0fprintf$8) refers to log.o(i.fputc) for fputc
    printf8.o(i.__0printf$8) refers to printf8.o(i._printf_core) for _printf_core
    printf8.o(i.__0printf$8) refers to log.o(i.fputc) for fputc
    printf8.o(i.__0printf$8) refers to stdout.o(.data) for __stdout
    printf8.o(i.__0snprintf$8) refers to printf8.o(i._printf_core) for _printf_core
    printf8.o(i.__0snprintf$8) refers to printf8.o(i._snputc) for _snputc
    printf8.o(i.__0sprintf$8) refers to printf8.o(i._printf_core) for _printf_core
    printf8.o(i.__0sprintf$8) refers to printf8.o(i._sputc) for _sputc
    printf8.o(i.__0vfprintf$8) refers to printf8.o(i._printf_core) for _printf_core
    printf8.o(i.__0vfprintf$8) refers to log.o(i.fputc) for fputc
    printf8.o(i.__0vprintf$8) refers to printf8.o(i._printf_core) for _printf_core
    printf8.o(i.__0vprintf$8) refers to log.o(i.fputc) for fputc
    printf8.o(i.__0vprintf$8) refers to stdout.o(.data) for __stdout
    printf8.o(i.__0vsnprintf$8) refers to printf8.o(i._printf_core) for _printf_core
    printf8.o(i.__0vsnprintf$8) refers to printf8.o(i._snputc) for _snputc
    printf8.o(i.__0vsprintf$8) refers to printf8.o(i._printf_core) for _printf_core
    printf8.o(i.__0vsprintf$8) refers to printf8.o(i._sputc) for _sputc
    printf8.o(i._printf_core) refers to printf8.o(i._printf_pre_padding) for _printf_pre_padding
    printf8.o(i._printf_core) refers to printf8.o(i._printf_post_padding) for _printf_post_padding
    printf8.o(i._printf_core) refers to uldiv.o(.text) for __aeabi_uldivmod
    printfa.o(i.__0fprintf) refers (Special) to iusefp.o(.text) for __I$use$fp
    printfa.o(i.__0fprintf) refers to printfa.o(i._printf_core) for _printf_core
    printfa.o(i.__0fprintf) refers to log.o(i.fputc) for fputc
    printfa.o(i.__0printf) refers (Special) to iusefp.o(.text) for __I$use$fp
    printfa.o(i.__0printf) refers to printfa.o(i._printf_core) for _printf_core
    printfa.o(i.__0printf) refers to log.o(i.fputc) for fputc
    printfa.o(i.__0printf) refers to stdout.o(.data) for __stdout
    printfa.o(i.__0snprintf) refers (Special) to iusefp.o(.text) for __I$use$fp
    printfa.o(i.__0snprintf) refers to printfa.o(i._printf_core) for _printf_core
    printfa.o(i.__0snprintf) refers to printfa.o(i._snputc) for _snputc
    printfa.o(i.__0sprintf) refers (Special) to iusefp.o(.text) for __I$use$fp
    printfa.o(i.__0sprintf) refers to printfa.o(i._printf_core) for _printf_core
    printfa.o(i.__0sprintf) refers to printfa.o(i._sputc) for _sputc
    printfa.o(i.__0vfprintf) refers (Special) to iusefp.o(.text) for __I$use$fp
    printfa.o(i.__0vfprintf) refers to printfa.o(i._printf_core) for _printf_core
    printfa.o(i.__0vfprintf) refers to log.o(i.fputc) for fputc
    printfa.o(i.__0vprintf) refers (Special) to iusefp.o(.text) for __I$use$fp
    printfa.o(i.__0vprintf) refers to printfa.o(i._printf_core) for _printf_core
    printfa.o(i.__0vprintf) refers to log.o(i.fputc) for fputc
    printfa.o(i.__0vprintf) refers to stdout.o(.data) for __stdout
    printfa.o(i.__0vsnprintf) refers (Special) to iusefp.o(.text) for __I$use$fp
    printfa.o(i.__0vsnprintf) refers to printfa.o(i._printf_core) for _printf_core
    printfa.o(i.__0vsnprintf) refers to printfa.o(i._snputc) for _snputc
    printfa.o(i.__0vsprintf) refers (Special) to iusefp.o(.text) for __I$use$fp
    printfa.o(i.__0vsprintf) refers to printfa.o(i._printf_core) for _printf_core
    printfa.o(i.__0vsprintf) refers to printfa.o(i._sputc) for _sputc
    printfa.o(i._fp_digits) refers (Special) to iusefp.o(.text) for __I$use$fp
    printfa.o(i._fp_digits) refers to dmul.o(.text) for __aeabi_dmul
    printfa.o(i._fp_digits) refers to ddiv.o(.text) for __aeabi_ddiv
    printfa.o(i._fp_digits) refers to cdrcmple.o(.text) for __aeabi_cdrcmple
    printfa.o(i._fp_digits) refers to dadd.o(.text) for __aeabi_dadd
    printfa.o(i._fp_digits) refers to dfixul.o(.text) for __aeabi_d2ulz
    printfa.o(i._fp_digits) refers to uldiv.o(.text) for __aeabi_uldivmod
    printfa.o(i._printf_core) refers (Special) to iusefp.o(.text) for __I$use$fp
    printfa.o(i._printf_core) refers to printfa.o(i._printf_pre_padding) for _printf_pre_padding
    printfa.o(i._printf_core) refers to uldiv.o(.text) for __aeabi_uldivmod
    printfa.o(i._printf_core) refers to printfa.o(i._printf_post_padding) for _printf_post_padding
    printfa.o(i._printf_core) refers to printfa.o(i._fp_digits) for _fp_digits
    printfa.o(i._printf_core) refers to uidiv.o(.text) for __aeabi_uidivmod
    printfa.o(i._printf_post_padding) refers (Special) to iusefp.o(.text) for __I$use$fp
    printfa.o(i._printf_pre_padding) refers (Special) to iusefp.o(.text) for __I$use$fp
    printfa.o(i._snputc) refers (Special) to iusefp.o(.text) for __I$use$fp
    printfa.o(i._sputc) refers (Special) to iusefp.o(.text) for __I$use$fp
    fadd.o(.text) refers (Special) to iusefp.o(.text) for __I$use$fp
    fadd.o(.text) refers to fepilogue.o(.text) for _float_epilogue
    fmul.o(.text) refers (Special) to iusefp.o(.text) for __I$use$fp
    fdiv.o(.text) refers (Special) to iusefp.o(.text) for __I$use$fp
    fdiv.o(.text) refers to fepilogue.o(.text) for _float_round
    dadd.o(.text) refers (Special) to iusefp.o(.text) for __I$use$fp
    dadd.o(.text) refers to llshl.o(.text) for __aeabi_llsl
    dadd.o(.text) refers to llsshr.o(.text) for __aeabi_lasr
    dadd.o(.text) refers to depilogue.o(.text) for _double_epilogue
    fflti.o(.text) refers (Special) to iusefp.o(.text) for __I$use$fp
    fflti.o(.text) refers to fepilogue.o(.text) for _float_epilogue
    ffltui.o(.text) refers (Special) to iusefp.o(.text) for __I$use$fp
    ffltui.o(.text) refers to fepilogue.o(.text) for _float_epilogue
    ffixui.o(.text) refers (Special) to iusefp.o(.text) for __I$use$fp
    dfixui.o(.text) refers (Special) to iusefp.o(.text) for __I$use$fp
    dfixui.o(.text) refers to llushr.o(.text) for __aeabi_llsr
    f2d.o(.text) refers (Special) to iusefp.o(.text) for __I$use$fp
    entry2.o(.ARM.Collect$$$$00000001) refers to entry2.o(.ARM.Collect$$$$00002712) for __lit__00000000
    entry2.o(.ARM.Collect$$$$00002712) refers to startup_cw32f003.o(STACK) for __initial_sp
    entry2.o(__vectab_stack_and_reset_area) refers to startup_cw32f003.o(STACK) for __initial_sp
    entry2.o(__vectab_stack_and_reset_area) refers to entry.o(.ARM.Collect$$$$00000000) for __main
    entry5.o(.ARM.Collect$$$$00000004) refers to init.o(.text) for __scatterload
    entry9a.o(.ARM.Collect$$$$0000000B) refers to main.o(i.main) for main
    entry9b.o(.ARM.Collect$$$$0000000C) refers to main.o(i.main) for main
    uldiv.o(.text) refers to llushr.o(.text) for __aeabi_llsr
    uldiv.o(.text) refers to llshl.o(.text) for __aeabi_llsl
    depilogue.o(.text) refers to depilogue.o(i.__ARM_clz) for __ARM_clz
    depilogue.o(.text) refers to llshl.o(.text) for __aeabi_llsl
    depilogue.o(.text) refers to llushr.o(.text) for __aeabi_llsr
    dmul.o(.text) refers to depilogue.o(.text) for _double_epilogue
    ddiv.o(.text) refers to depilogue.o(.text) for _double_round
    dfixul.o(.text) refers to llushr.o(.text) for __aeabi_llsr
    dfixul.o(.text) refers to llshl.o(.text) for __aeabi_llsl
    init.o(.text) refers to entry5.o(.ARM.Collect$$$$00000004) for __main_after_scatterload


==============================================================================

Removing Unused input sections from the image.

    Removing cw32f003_adc.o(.rev16_text), (4 bytes).
    Removing cw32f003_adc.o(.revsh_text), (4 bytes).
    Removing cw32f003_adc.o(i.ADC_AutoStop), (20 bytes).
    Removing cw32f003_adc.o(i.ADC_BufEnSingleCh), (68 bytes).
    Removing cw32f003_adc.o(i.ADC_ClearITPendingBit), (16 bytes).
    Removing cw32f003_adc.o(i.ADC_ClrAccResult), (20 bytes).
    Removing cw32f003_adc.o(i.ADC_DeInit), (32 bytes).
    Removing cw32f003_adc.o(i.ADC_Disable), (20 bytes).
    Removing cw32f003_adc.o(i.ADC_DisableIrq), (24 bytes).
    Removing cw32f003_adc.o(i.ADC_DisableNvic), (32 bytes).
    Removing cw32f003_adc.o(i.ADC_EnableIrq), (12 bytes).
    Removing cw32f003_adc.o(i.ADC_EnableNvic), (40 bytes).
    Removing cw32f003_adc.o(i.ADC_ExtTrigCfg), (40 bytes).
    Removing cw32f003_adc.o(i.ADC_GetAccResult), (20 bytes).
    Removing cw32f003_adc.o(i.ADC_GetConversionValue), (12 bytes).
    Removing cw32f003_adc.o(i.ADC_GetITStatusAll), (12 bytes).
    Removing cw32f003_adc.o(i.ADC_GetSqr2Result), (20 bytes).
    Removing cw32f003_adc.o(i.ADC_GetSqr3Result), (20 bytes).
    Removing cw32f003_adc.o(i.ADC_GetTsVref1V5), (68 bytes).
    Removing cw32f003_adc.o(i.ADC_GetTsVref2V5), (68 bytes).
    Removing cw32f003_adc.o(i.ADC_ITConfig), (40 bytes).
    Removing cw32f003_adc.o(i.ADC_SerialChBreakModeCfg), (32 bytes).
    Removing cw32f003_adc.o(i.ADC_SerialChMoreModeCfg), (56 bytes).
    Removing cw32f003_adc.o(i.ADC_SerialChScanModeCfg), (32 bytes).
    Removing cw32f003_adc.o(i.ADC_SetAlign), (20 bytes).
    Removing cw32f003_adc.o(i.ADC_SetDiscard), (20 bytes).
    Removing cw32f003_adc.o(i.ADC_SetTs), (20 bytes).
    Removing cw32f003_adc.o(i.ADC_SetVref), (60 bytes).
    Removing cw32f003_adc.o(i.ADC_SingleChCommon), (64 bytes).
    Removing cw32f003_adc.o(i.ADC_SingleChContinuousModeCfg), (32 bytes).
    Removing cw32f003_adc.o(i.ADC_SingleChMoreModeCfg), (56 bytes).
    Removing cw32f003_adc.o(i.ADC_SingleChOneModeCfg), (28 bytes).
    Removing cw32f003_adc.o(i.ADC_WdtConfig), (84 bytes).
    Removing cw32f003_adc.o(i.ADC_WdtInit), (28 bytes).
    Removing cw32f003_adc.o(i.NVIC_ClearPendingIRQ), (20 bytes).
    Removing cw32f003_adc.o(i.NVIC_SetPriority), (120 bytes).
    Removing cw32f003_atim.o(.rev16_text), (4 bytes).
    Removing cw32f003_atim.o(.revsh_text), (4 bytes).
    Removing cw32f003_atim.o(i.ATIM_ADCTriggerConfig), (36 bytes).
    Removing cw32f003_atim.o(i.ATIM_BrakeConfig), (28 bytes).
    Removing cw32f003_atim.o(i.ATIM_CH1Config), (32 bytes).
    Removing cw32f003_atim.o(i.ATIM_CH2Config), (32 bytes).
    Removing cw32f003_atim.o(i.ATIM_CH3Config), (32 bytes).
    Removing cw32f003_atim.o(i.ATIM_CH4Config), (32 bytes).
    Removing cw32f003_atim.o(i.ATIM_ClearITPendingBit), (12 bytes).
    Removing cw32f003_atim.o(i.ATIM_Cmd), (24 bytes).
    Removing cw32f003_atim.o(i.ATIM_CtrlPWMOutputs), (32 bytes).
    Removing cw32f003_atim.o(i.ATIM_DeInit), (32 bytes).
    Removing cw32f003_atim.o(i.ATIM_ETRConfig), (24 bytes).
    Removing cw32f003_atim.o(i.ATIM_ETRSelect), (12 bytes).
    Removing cw32f003_atim.o(i.ATIM_GetCapture1A), (12 bytes).
    Removing cw32f003_atim.o(i.ATIM_GetCapture1B), (12 bytes).
    Removing cw32f003_atim.o(i.ATIM_GetCapture2A), (12 bytes).
    Removing cw32f003_atim.o(i.ATIM_GetCapture2B), (12 bytes).
    Removing cw32f003_atim.o(i.ATIM_GetCapture3A), (12 bytes).
    Removing cw32f003_atim.o(i.ATIM_GetCapture3B), (12 bytes).
    Removing cw32f003_atim.o(i.ATIM_GetITStatus), (24 bytes).
    Removing cw32f003_atim.o(i.ATIM_IC1AInit), (48 bytes).
    Removing cw32f003_atim.o(i.ATIM_IC1BInit), (52 bytes).
    Removing cw32f003_atim.o(i.ATIM_IC2AInit), (52 bytes).
    Removing cw32f003_atim.o(i.ATIM_IC2BInit), (56 bytes).
    Removing cw32f003_atim.o(i.ATIM_IC3AInit), (52 bytes).
    Removing cw32f003_atim.o(i.ATIM_IC3BInit), (56 bytes).
    Removing cw32f003_atim.o(i.ATIM_ITConfig), (32 bytes).
    Removing cw32f003_atim.o(i.ATIM_ITRSelect), (24 bytes).
    Removing cw32f003_atim.o(i.ATIM_Init), (104 bytes).
    Removing cw32f003_atim.o(i.ATIM_MasterModeConfig), (24 bytes).
    Removing cw32f003_atim.o(i.ATIM_OC1AInit), (100 bytes).
    Removing cw32f003_atim.o(i.ATIM_OC1BInit), (80 bytes).
    Removing cw32f003_atim.o(i.ATIM_OC2AInit), (104 bytes).
    Removing cw32f003_atim.o(i.ATIM_OC2BInit), (84 bytes).
    Removing cw32f003_atim.o(i.ATIM_OC3AInit), (104 bytes).
    Removing cw32f003_atim.o(i.ATIM_OC3BInit), (84 bytes).
    Removing cw32f003_atim.o(i.ATIM_OC4Init), (52 bytes).
    Removing cw32f003_atim.o(i.ATIM_PWMOutputConfig), (76 bytes).
    Removing cw32f003_atim.o(i.ATIM_SetCompare1A), (12 bytes).
    Removing cw32f003_atim.o(i.ATIM_SetCompare1B), (12 bytes).
    Removing cw32f003_atim.o(i.ATIM_SetCompare2A), (12 bytes).
    Removing cw32f003_atim.o(i.ATIM_SetCompare2B), (12 bytes).
    Removing cw32f003_atim.o(i.ATIM_SetCompare3A), (12 bytes).
    Removing cw32f003_atim.o(i.ATIM_SetCompare3B), (12 bytes).
    Removing cw32f003_atim.o(i.ATIM_SetCompare4), (12 bytes).
    Removing cw32f003_atim.o(i.ATIM_SetReloadValue), (12 bytes).
    Removing cw32f003_atim.o(i.ATIM_SlaverModeConfig), (32 bytes).
    Removing cw32f003_atim.o(i.ATIM_TriggerSelect), (28 bytes).
    Removing cw32f003_atim.o(i.ATIM_UpdateEventSelect), (32 bytes).
    Removing cw32f003_awt.o(.rev16_text), (4 bytes).
    Removing cw32f003_awt.o(.revsh_text), (4 bytes).
    Removing cw32f003_awt.o(i.AWT_ClearITPendingBit), (16 bytes).
    Removing cw32f003_awt.o(i.AWT_ClkSourceConfig), (24 bytes).
    Removing cw32f003_awt.o(i.AWT_Cmd), (36 bytes).
    Removing cw32f003_awt.o(i.AWT_DeInit), (28 bytes).
    Removing cw32f003_awt.o(i.AWT_GetAutoreload), (12 bytes).
    Removing cw32f003_awt.o(i.AWT_GetClkSource), (16 bytes).
    Removing cw32f003_awt.o(i.AWT_GetCounter), (12 bytes).
    Removing cw32f003_awt.o(i.AWT_GetITStatus), (24 bytes).
    Removing cw32f003_awt.o(i.AWT_GetPrescaler), (16 bytes).
    Removing cw32f003_awt.o(i.AWT_ITConfig), (32 bytes).
    Removing cw32f003_awt.o(i.AWT_PrescalerConfig), (20 bytes).
    Removing cw32f003_awt.o(i.AWT_TimeCntInit), (40 bytes).
    Removing cw32f003_awt.o(i.AWT_TimeCntStructInit), (24 bytes).
    Removing cw32f003_btim.o(.rev16_text), (4 bytes).
    Removing cw32f003_btim.o(.revsh_text), (4 bytes).
    Removing cw32f003_btim.o(i.BTIM_DeInit), (24 bytes).
    Removing cw32f003_btim.o(i.BTIM_ETRConfig), (24 bytes).
    Removing cw32f003_btim.o(i.BTIM_GetAutoreload), (8 bytes).
    Removing cw32f003_btim.o(i.BTIM_GetCounter), (8 bytes).
    Removing cw32f003_btim.o(i.BTIM_GetPrescaler), (10 bytes).
    Removing cw32f003_btim.o(i.BTIM_ModeConfig), (12 bytes).
    Removing cw32f003_btim.o(i.BTIM_OutputToggleCmd), (24 bytes).
    Removing cw32f003_btim.o(i.BTIM_PrescalerConfig), (34 bytes).
    Removing cw32f003_btim.o(i.BTIM_SelectETRInputPolarity), (12 bytes).
    Removing cw32f003_btim.o(i.BTIM_SelectInputTrigger), (12 bytes).
    Removing cw32f003_btim.o(i.BTIM_SelectOnePulseMode), (12 bytes).
    Removing cw32f003_btim.o(i.BTIM_SetAutoreload), (4 bytes).
    Removing cw32f003_btim.o(i.BTIM_SetCounter), (4 bytes).
    Removing cw32f003_btim.o(i.BTIM_TimeBaseStructInit), (12 bytes).
    Removing cw32f003_crc.o(.rev16_text), (4 bytes).
    Removing cw32f003_crc.o(.revsh_text), (4 bytes).
    Removing cw32f003_crc.o(i.CRC16_Calc_8bit), (40 bytes).
    Removing cw32f003_debug.o(.rev16_text), (4 bytes).
    Removing cw32f003_debug.o(.revsh_text), (4 bytes).
    Removing cw32f003_debug.o(i.DBGMCU_Config), (32 bytes).
    Removing cw32f003_digitalsign.o(.rev16_text), (4 bytes).
    Removing cw32f003_digitalsign.o(.revsh_text), (4 bytes).
    Removing cw32f003_digitalsign.o(i.DIGITALSIGN_GetChipType), (28 bytes).
    Removing cw32f003_digitalsign.o(i.DIGITALSIGN_GetChipUid), (88 bytes).
    Removing cw32f003_digitalsign.o(i.DIGITALSIGN_GetFlashSize), (12 bytes).
    Removing cw32f003_digitalsign.o(i.DIGITALSIGN_GetPinCount), (12 bytes).
    Removing cw32f003_digitalsign.o(i.DIGITALSIGN_GetRamSize), (12 bytes).
    Removing cw32f003_flash.o(.rev16_text), (4 bytes).
    Removing cw32f003_flash.o(.revsh_text), (4 bytes).
    Removing cw32f003_flash.o(i.FLASH_ClearITPendingBit), (16 bytes).
    Removing cw32f003_flash.o(i.FLASH_ErasePage), (104 bytes).
    Removing cw32f003_flash.o(i.FLASH_ErasePages), (124 bytes).
    Removing cw32f003_flash.o(i.FLASH_GetITStatus), (24 bytes).
    Removing cw32f003_flash.o(i.FLASH_GetReadOutLevel), (16 bytes).
    Removing cw32f003_flash.o(i.FLASH_GetStatus), (64 bytes).
    Removing cw32f003_flash.o(i.FLASH_ITConfig), (32 bytes).
    Removing cw32f003_flash.o(i.FLASH_LockAllPages), (16 bytes).
    Removing cw32f003_flash.o(i.FLASH_LockPage), (40 bytes).
    Removing cw32f003_flash.o(i.FLASH_LockPages), (68 bytes).
    Removing cw32f003_flash.o(i.FLASH_SetReadOutLevel), (52 bytes).
    Removing cw32f003_flash.o(i.FLASH_UnlockAllPages), (16 bytes).
    Removing cw32f003_flash.o(i.FLASH_UnlockPage), (40 bytes).
    Removing cw32f003_flash.o(i.FLASH_UnlockPages), (68 bytes).
    Removing cw32f003_flash.o(i.FLASH_WirteBytes), (124 bytes).
    Removing cw32f003_flash.o(i.FLASH_WirteHalfWords), (152 bytes).
    Removing cw32f003_gpio.o(.rev16_text), (4 bytes).
    Removing cw32f003_gpio.o(.revsh_text), (4 bytes).
    Removing cw32f003_gpio.o(i.GPIO_ConfigFilter), (8 bytes).
    Removing cw32f003_gpio.o(i.GPIO_DeInit), (56 bytes).
    Removing cw32f003_gpio.o(i.GPIO_GPIO2NRST), (28 bytes).
    Removing cw32f003_gpio.o(i.GPIO_GPIO2SWD), (28 bytes).
    Removing cw32f003_gpio.o(i.GPIO_NRST2GPIO), (24 bytes).
    Removing cw32f003_gpio.o(i.GPIO_SWD2GPIO), (24 bytes).
    Removing cw32f003_gpio.o(i.GPIO_TogglePin), (4 bytes).
    Removing cw32f003_gtim.o(.rev16_text), (4 bytes).
    Removing cw32f003_gtim.o(.revsh_text), (4 bytes).
    Removing cw32f003_gtim.o(i.GTIM_ClearITPendingBit), (12 bytes).
    Removing cw32f003_gtim.o(i.GTIM_Cmd), (24 bytes).
    Removing cw32f003_gtim.o(i.GTIM_DeInit), (32 bytes).
    Removing cw32f003_gtim.o(i.GTIM_ETRConfig), (36 bytes).
    Removing cw32f003_gtim.o(i.GTIM_EncodeInit), (84 bytes).
    Removing cw32f003_gtim.o(i.GTIM_GetCapture1), (12 bytes).
    Removing cw32f003_gtim.o(i.GTIM_GetCapture2), (12 bytes).
    Removing cw32f003_gtim.o(i.GTIM_GetCapture3), (12 bytes).
    Removing cw32f003_gtim.o(i.GTIM_GetCapture4), (12 bytes).
    Removing cw32f003_gtim.o(i.GTIM_GetITStatus), (24 bytes).
    Removing cw32f003_gtim.o(i.GTIM_ICChannelConfig), (32 bytes).
    Removing cw32f003_gtim.o(i.GTIM_ICInit), (60 bytes).
    Removing cw32f003_gtim.o(i.GTIM_ITConfig), (32 bytes).
    Removing cw32f003_gtim.o(i.GTIM_ITRConfig), (44 bytes).
    Removing cw32f003_gtim.o(i.GTIM_OCInit), (28 bytes).
    Removing cw32f003_gtim.o(i.GTIM_SetCompare1), (12 bytes).
    Removing cw32f003_gtim.o(i.GTIM_SetCompare2), (12 bytes).
    Removing cw32f003_gtim.o(i.GTIM_SetCompare3), (12 bytes).
    Removing cw32f003_gtim.o(i.GTIM_SetCompare4), (12 bytes).
    Removing cw32f003_gtim.o(i.GTIM_SetCounterValue), (12 bytes).
    Removing cw32f003_gtim.o(i.GTIM_SetPrescaler), (24 bytes).
    Removing cw32f003_gtim.o(i.GTIM_SetReloadValue), (12 bytes).
    Removing cw32f003_gtim.o(i.GTIM_TimeBaseInit), (52 bytes).
    Removing cw32f003_i2c.o(.rev16_text), (4 bytes).
    Removing cw32f003_i2c.o(.revsh_text), (4 bytes).
    Removing cw32f003_i2c.o(i.I2C_AcknowledgeConfig), (40 bytes).
    Removing cw32f003_i2c.o(i.I2C_BaudGeneratorEnable), (40 bytes).
    Removing cw32f003_i2c.o(i.I2C_ClearIrq), (20 bytes).
    Removing cw32f003_i2c.o(i.I2C_Cmd), (40 bytes).
    Removing cw32f003_i2c.o(i.I2C_DeInit), (44 bytes).
    Removing cw32f003_i2c.o(i.I2C_FilterConfig), (40 bytes).
    Removing cw32f003_i2c.o(i.I2C_GcConfig), (40 bytes).
    Removing cw32f003_i2c.o(i.I2C_GenerateSTART), (100 bytes).
    Removing cw32f003_i2c.o(i.I2C_GenerateSTOP), (40 bytes).
    Removing cw32f003_i2c.o(i.I2C_GetIrq), (16 bytes).
    Removing cw32f003_i2c.o(i.I2C_GetState), (12 bytes).
    Removing cw32f003_i2c.o(i.I2C_MasterReadEepomData), (228 bytes).
    Removing cw32f003_i2c.o(i.I2C_MasterRecDataFromSlave), (190 bytes).
    Removing cw32f003_i2c.o(i.I2C_MasterSendDataToSlave), (144 bytes).
    Removing cw32f003_i2c.o(i.I2C_MasterWriteEepromData), (152 bytes).
    Removing cw32f003_i2c.o(i.I2C_Master_Init), (42 bytes).
    Removing cw32f003_i2c.o(i.I2C_ReceiveData), (12 bytes).
    Removing cw32f003_i2c.o(i.I2C_Send7bitAddress), (24 bytes).
    Removing cw32f003_i2c.o(i.I2C_SendData), (12 bytes).
    Removing cw32f003_i2c.o(i.I2C_SetBaud), (12 bytes).
    Removing cw32f003_i2c.o(i.I2C_SetOwnSlaveAddress0), (28 bytes).
    Removing cw32f003_i2c.o(i.I2C_SetOwnSlaveAddress1), (28 bytes).
    Removing cw32f003_i2c.o(i.I2C_SetOwnSlaveAddress2), (28 bytes).
    Removing cw32f003_i2c.o(i.I2C_SlaveRecDataFromMaster), (108 bytes).
    Removing cw32f003_i2c.o(i.I2C_SlaveSendDataToMaster), (114 bytes).
    Removing cw32f003_i2c.o(i.I2C_Slave_Init), (42 bytes).
    Removing cw32f003_i2c.o(i.I2C_SoftwareResetCmd), (44 bytes).
    Removing cw32f003_iwdt.o(.rev16_text), (4 bytes).
    Removing cw32f003_iwdt.o(.revsh_text), (4 bytes).
    Removing cw32f003_iwdt.o(i.IWDT_DeInit), (32 bytes).
    Removing cw32f003_iwdt.o(i.IWDT_GetCounterValue), (20 bytes).
    Removing cw32f003_iwdt.o(i.IWDT_GetFlagStatus), (16 bytes).
    Removing cw32f003_iwdt.o(i.IWDT_ITConfig), (72 bytes).
    Removing cw32f003_iwdt.o(i.IWDT_Init), (100 bytes).
    Removing cw32f003_iwdt.o(i.IWDT_SetPrescaler), (56 bytes).
    Removing cw32f003_iwdt.o(i.IWDT_SetReloadValue), (44 bytes).
    Removing cw32f003_iwdt.o(i.IWDT_SetWindowValue), (44 bytes).
    Removing cw32f003_lvd.o(.rev16_text), (4 bytes).
    Removing cw32f003_lvd.o(.revsh_text), (4 bytes).
    Removing cw32f003_lvd.o(i.LVD_ClearIrq), (20 bytes).
    Removing cw32f003_lvd.o(i.LVD_DeInit), (12 bytes).
    Removing cw32f003_lvd.o(i.LVD_Disable), (20 bytes).
    Removing cw32f003_lvd.o(i.LVD_DisableIrq), (40 bytes).
    Removing cw32f003_lvd.o(i.LVD_DisableNvic), (28 bytes).
    Removing cw32f003_lvd.o(i.LVD_Enable), (20 bytes).
    Removing cw32f003_lvd.o(i.LVD_EnableIrq), (32 bytes).
    Removing cw32f003_lvd.o(i.LVD_EnableNvic), (36 bytes).
    Removing cw32f003_lvd.o(i.LVD_GetFilterResult), (16 bytes).
    Removing cw32f003_lvd.o(i.LVD_GetFlagStatus), (24 bytes).
    Removing cw32f003_lvd.o(i.LVD_GetIrqStatus), (16 bytes).
    Removing cw32f003_lvd.o(i.LVD_Init), (68 bytes).
    Removing cw32f003_lvd.o(i.LVD_TrigConfig), (40 bytes).
    Removing cw32f003_lvd.o(i.NVIC_ClearPendingIRQ), (20 bytes).
    Removing cw32f003_lvd.o(i.NVIC_SetPriority), (120 bytes).
    Removing cw32f003_pwr.o(.rev16_text), (4 bytes).
    Removing cw32f003_pwr.o(.revsh_text), (4 bytes).
    Removing cw32f003_pwr.o(i.PWR_Config), (32 bytes).
    Removing cw32f003_pwr.o(i.PWR_GotoLpmMode), (4 bytes).
    Removing cw32f003_ram.o(.rev16_text), (4 bytes).
    Removing cw32f003_ram.o(.revsh_text), (4 bytes).
    Removing cw32f003_ram.o(i.RAM_ClearITPendingBit), (16 bytes).
    Removing cw32f003_ram.o(i.RAM_GetErrorAddress), (12 bytes).
    Removing cw32f003_ram.o(i.RAM_GetITStatus), (24 bytes).
    Removing cw32f003_ram.o(i.RAM_ITConfig), (36 bytes).
    Removing cw32f003_rcc.o(.rev16_text), (4 bytes).
    Removing cw32f003_rcc.o(.revsh_text), (4 bytes).
    Removing cw32f003_rcc.o(i.RCC_AHBPeriphClk_Enable), (32 bytes).
    Removing cw32f003_rcc.o(i.RCC_AHBPeriphReset), (32 bytes).
    Removing cw32f003_rcc.o(i.RCC_APBPeriphClk_Enable1), (32 bytes).
    Removing cw32f003_rcc.o(i.RCC_APBPeriphClk_Enable2), (32 bytes).
    Removing cw32f003_rcc.o(i.RCC_APBPeriphReset1), (32 bytes).
    Removing cw32f003_rcc.o(i.RCC_APBPeriphReset2), (32 bytes).
    Removing cw32f003_rcc.o(i.RCC_ATIMITRSelect), (24 bytes).
    Removing cw32f003_rcc.o(i.RCC_BTIM1ITRSelect), (32 bytes).
    Removing cw32f003_rcc.o(i.RCC_BTIM2ITRSelect), (32 bytes).
    Removing cw32f003_rcc.o(i.RCC_BTIM3ITRSelect), (32 bytes).
    Removing cw32f003_rcc.o(i.RCC_CCS_Config), (48 bytes).
    Removing cw32f003_rcc.o(i.RCC_ClearITPendingBit), (16 bytes).
    Removing cw32f003_rcc.o(i.RCC_ClearRstFlag), (16 bytes).
    Removing cw32f003_rcc.o(i.RCC_DEBUG_Config), (32 bytes).
    Removing cw32f003_rcc.o(i.RCC_DeInit), (132 bytes).
    Removing cw32f003_rcc.o(i.RCC_GTIMITRSelect), (28 bytes).
    Removing cw32f003_rcc.o(i.RCC_GetAllRstFlag), (12 bytes).
    Removing cw32f003_rcc.o(i.RCC_GetAllStableFlag), (12 bytes).
    Removing cw32f003_rcc.o(i.RCC_GetITStatus), (24 bytes).
    Removing cw32f003_rcc.o(i.RCC_GetRstFlag), (24 bytes).
    Removing cw32f003_rcc.o(i.RCC_GetStableFlag), (24 bytes).
    Removing cw32f003_rcc.o(i.RCC_HCLK_OUT), (64 bytes).
    Removing cw32f003_rcc.o(i.RCC_HEX_Disable), (28 bytes).
    Removing cw32f003_rcc.o(i.RCC_HEX_Enable), (176 bytes).
    Removing cw32f003_rcc.o(i.RCC_HSI_Disable), (28 bytes).
    Removing cw32f003_rcc.o(i.RCC_ITConfig), (48 bytes).
    Removing cw32f003_rcc.o(i.RCC_LOCKUP_Config), (32 bytes).
    Removing cw32f003_rcc.o(i.RCC_LSELOCK_Config), (28 bytes).
    Removing cw32f003_rcc.o(i.RCC_LSI_Disable), (28 bytes).
    Removing cw32f003_rcc.o(i.RCC_LSI_Enable), (64 bytes).
    Removing cw32f003_rcc.o(i.RCC_MCO_OUT), (76 bytes).
    Removing cw32f003_rcc.o(i.RCC_PCLK_OUT), (68 bytes).
    Removing cw32f003_rcc.o(i.RCC_RSTIO_Config), (20 bytes).
    Removing cw32f003_rcc.o(i.RCC_SWDIO_Config), (32 bytes).
    Removing cw32f003_rcc.o(i.RCC_SysClk_Switch), (64 bytes).
    Removing cw32f003_rcc.o(i.RCC_Sysctrl_GetPClkFreq), (32 bytes).
    Removing cw32f003_rcc.o(i.RCC_WAKEUPCLK_Config), (32 bytes).
    Removing cw32f003_spi.o(.rev16_text), (4 bytes).
    Removing cw32f003_spi.o(.revsh_text), (4 bytes).
    Removing cw32f003_spi.o(i.SPI_BiDirectionalLineConfig), (12 bytes).
    Removing cw32f003_spi.o(i.SPI_ClearFlag), (16 bytes).
    Removing cw32f003_spi.o(i.SPI_ClearITPendingBit), (16 bytes).
    Removing cw32f003_spi.o(i.SPI_Cmd), (28 bytes).
    Removing cw32f003_spi.o(i.SPI_DataSizeConfig), (24 bytes).
    Removing cw32f003_spi.o(i.SPI_DeInit), (36 bytes).
    Removing cw32f003_spi.o(i.SPI_FlushSendBuff), (20 bytes).
    Removing cw32f003_spi.o(i.SPI_GetFlagStatus), (24 bytes).
    Removing cw32f003_spi.o(i.SPI_GetITStatus), (24 bytes).
    Removing cw32f003_spi.o(i.SPI_ITConfig), (32 bytes).
    Removing cw32f003_spi.o(i.SPI_Init), (60 bytes).
    Removing cw32f003_spi.o(i.SPI_MISOOutputConfig), (32 bytes).
    Removing cw32f003_spi.o(i.SPI_NSSInternalSoftwareConfig), (12 bytes).
    Removing cw32f003_spi.o(i.SPI_ReceiveData), (12 bytes).
    Removing cw32f003_spi.o(i.SPI_SendData), (12 bytes).
    Removing cw32f003_spi.o(i.SPI_StructInit), (28 bytes).
    Removing cw32f003_systick.o(.rev16_text), (4 bytes).
    Removing cw32f003_systick.o(.revsh_text), (4 bytes).
    Removing cw32f003_systick.o(i.ResumeTick), (20 bytes).
    Removing cw32f003_systick.o(i.SuspendTick), (20 bytes).
    Removing cw32f003_systick.o(i.SysTickDelay), (44 bytes).
    Removing cw32f003_uart.o(.rev16_text), (4 bytes).
    Removing cw32f003_uart.o(.revsh_text), (4 bytes).
    Removing cw32f003_uart.o(i.UART1_DeInit), (36 bytes).
    Removing cw32f003_uart.o(i.UART2_DeInit), (32 bytes).
    Removing cw32f003_uart.o(i.USART_ClearFlag), (8 bytes).
    Removing cw32f003_uart.o(i.USART_ClockInit), (28 bytes).
    Removing cw32f003_uart.o(i.USART_ClockStructInit), (8 bytes).
    Removing cw32f003_uart.o(i.USART_DirectionModeCmd), (26 bytes).
    Removing cw32f003_uart.o(i.USART_HalfDuplexCmd), (20 bytes).
    Removing cw32f003_uart.o(i.USART_InvPinCmd), (26 bytes).
    Removing cw32f003_uart.o(i.USART_ReceiveData), (10 bytes).
    Removing cw32f003_uart.o(i.USART_SendData), (8 bytes).
    Removing cw32f003_uart.o(i.USART_SetMultiMode), (32 bytes).
    Removing cw32f003_uart.o(i.USART_StructInit), (28 bytes).
    Removing cw32f003_vc.o(.rev16_text), (4 bytes).
    Removing cw32f003_vc.o(.revsh_text), (4 bytes).
    Removing cw32f003_vc.o(i.NVIC_ClearPendingIRQ), (20 bytes).
    Removing cw32f003_vc.o(i.NVIC_SetPriority), (120 bytes).
    Removing cw32f003_vc.o(i.VC1VC2_BlankInit), (12 bytes).
    Removing cw32f003_vc.o(i.VC1VC2_DIVDeInit), (16 bytes).
    Removing cw32f003_vc.o(i.VC1VC2_DIVInit), (92 bytes).
    Removing cw32f003_vc.o(i.VC1VC2_INNInit), (112 bytes).
    Removing cw32f003_vc.o(i.VC1VC2_OutInit), (8 bytes).
    Removing cw32f003_vc.o(i.VC1_BlankCfg), (36 bytes).
    Removing cw32f003_vc.o(i.VC1_ChannelDeInit), (24 bytes).
    Removing cw32f003_vc.o(i.VC1_ChannelInit), (80 bytes).
    Removing cw32f003_vc.o(i.VC1_ClearIrq), (20 bytes).
    Removing cw32f003_vc.o(i.VC1_DisableChannel), (20 bytes).
    Removing cw32f003_vc.o(i.VC1_DisableFilter), (20 bytes).
    Removing cw32f003_vc.o(i.VC1_DisableIrq), (28 bytes).
    Removing cw32f003_vc.o(i.VC1_EnableChannel), (32 bytes).
    Removing cw32f003_vc.o(i.VC1_EnableFilter), (20 bytes).
    Removing cw32f003_vc.o(i.VC1_EnableIrq), (32 bytes).
    Removing cw32f003_vc.o(i.VC1_GetEnableStatus), (16 bytes).
    Removing cw32f003_vc.o(i.VC1_GetFlagStatus), (24 bytes).
    Removing cw32f003_vc.o(i.VC1_ITConfig), (32 bytes).
    Removing cw32f003_vc.o(i.VC1_OutputCfg), (28 bytes).
    Removing cw32f003_vc.o(i.VC1_PolarityCfg), (36 bytes).
    Removing cw32f003_vc.o(i.VC1_WindowEnable), (36 bytes).
    Removing cw32f003_vc.o(i.VC2_BlankCfg), (36 bytes).
    Removing cw32f003_vc.o(i.VC2_ChannelDeInit), (24 bytes).
    Removing cw32f003_vc.o(i.VC2_ChannelInit), (80 bytes).
    Removing cw32f003_vc.o(i.VC2_ClearIrq), (20 bytes).
    Removing cw32f003_vc.o(i.VC2_DisableChannel), (20 bytes).
    Removing cw32f003_vc.o(i.VC2_DisableFilter), (20 bytes).
    Removing cw32f003_vc.o(i.VC2_DisableIrq), (28 bytes).
    Removing cw32f003_vc.o(i.VC2_EnableChannel), (32 bytes).
    Removing cw32f003_vc.o(i.VC2_EnableFilter), (20 bytes).
    Removing cw32f003_vc.o(i.VC2_EnableIrq), (32 bytes).
    Removing cw32f003_vc.o(i.VC2_GetEnableStatus), (16 bytes).
    Removing cw32f003_vc.o(i.VC2_GetFlagStatus), (24 bytes).
    Removing cw32f003_vc.o(i.VC2_ITConfig), (40 bytes).
    Removing cw32f003_vc.o(i.VC2_OutputCfg), (28 bytes).
    Removing cw32f003_vc.o(i.VC2_PolarityCfg), (36 bytes).
    Removing cw32f003_vc.o(i.VC2_WindowEnable), (36 bytes).
    Removing cw32f003_vc.o(i.VC_DeInit), (40 bytes).
    Removing cw32f003_vc.o(i.VC_DisableNvic), (32 bytes).
    Removing cw32f003_vc.o(i.VC_EnableNvic), (48 bytes).
    Removing cw32f003_wwdt.o(.rev16_text), (4 bytes).
    Removing cw32f003_wwdt.o(.revsh_text), (4 bytes).
    Removing cw32f003_wwdt.o(i.WWDT_ClearFlag), (20 bytes).
    Removing cw32f003_wwdt.o(i.WWDT_Cmd), (20 bytes).
    Removing cw32f003_wwdt.o(i.WWDT_DeInit), (32 bytes).
    Removing cw32f003_wwdt.o(i.WWDT_EnableIT), (24 bytes).
    Removing cw32f003_wwdt.o(i.WWDT_GetCounterValue), (16 bytes).
    Removing cw32f003_wwdt.o(i.WWDT_GetFlagStatus), (12 bytes).
    Removing cw32f003_wwdt.o(i.WWDT_GetWindowValue), (16 bytes).
    Removing cw32f003_wwdt.o(i.WWDT_Init), (76 bytes).
    Removing cw32f003_wwdt.o(i.WWDT_Refresh), (24 bytes).
    Removing cw32f003_wwdt.o(i.WWDT_SetPrescaler), (24 bytes).
    Removing cw32f003_wwdt.o(i.WWDT_SetWindowValue), (24 bytes).
    Removing system_cw32f003.o(.rev16_text), (4 bytes).
    Removing system_cw32f003.o(.revsh_text), (4 bytes).
    Removing system_cw32f003.o(i.FirmwareDelay), (18 bytes).
    Removing system_cw32f003.o(i.MemClr), (32 bytes).
    Removing startup_cw32f003.o(HEAP), (512 bytes).
    Removing btim1.o(.rev16_text), (4 bytes).
    Removing btim1.o(.revsh_text), (4 bytes).
    Removing seg_dis.o(.rev16_text), (4 bytes).
    Removing seg_dis.o(.revsh_text), (4 bytes).
    Removing adc.o(.rev16_text), (4 bytes).
    Removing adc.o(.revsh_text), (4 bytes).
    Removing flash.o(.rev16_text), (4 bytes).
    Removing flash.o(.revsh_text), (4 bytes).
    Removing flash.o(i.FLASH_Erase), (44 bytes).
    Removing flash.o(i.FLASH_Read), (32 bytes).
    Removing flash.o(i.FLASH_Write), (56 bytes).
    Removing interrupts_cw32f003.o(.rev16_text), (4 bytes).
    Removing interrupts_cw32f003.o(.revsh_text), (4 bytes).
    Removing main.o(.rev16_text), (4 bytes).
    Removing main.o(.revsh_text), (4 bytes).
    Removing log.o(.rev16_text), (4 bytes).
    Removing log.o(.revsh_text), (4 bytes).
    Removing fflti.o(.text), (22 bytes).
    Removing dmul.o(.text), (208 bytes).
    Removing ddiv.o(.text), (240 bytes).
    Removing dfixul.o(.text), (64 bytes).
    Removing cdrcmple.o(.text), (40 bytes).
    Removing cw32f003_iwdt.o(i.IWDT_Cmd), (16 bytes).
    Removing cw32f003_iwdt.o(i.IWDT_Refresh), (16 bytes).
    Removing cw32f003_iwdt.o(i.IWDT_Unlock), (16 bytes).
    Removing cw32f003_iwdt.o(i.IWDT_Lock), (16 bytes).
    Removing cw32f003_iwdt.o(i.IWDT_Stop), (28 bytes).
    Removing cw32f003_iwdt.o(i.IWDT_ClearOVFlag), (20 bytes).

414 unused section(s) (total 13778 bytes) removed from the image.

==============================================================================

Memory Map of the image

  Image Entry point : 0x00000000

  Load Region LR_IROM1 (Base: 0x00000000, Size: 0x00001e94, Max: 0x00005000, ABSOLUTE)

    Execution Region ER_IROM1 (Base: 0x00000000, Size: 0x00001e18, Max: 0x00005000, ABSOLUTE)

    Base Addr    Size         Type   Attr      Idx    E Section Name        Object

    0x00000000   0x000000c0   Data   RO         2768    RESET               startup_cw32f003.o
    0x000000c0   0x00000000   Code   RO         3251  * .ARM.Collect$$$$00000000  mc_p.l(entry.o)
    0x000000c0   0x00000004   Code   RO         3542    .ARM.Collect$$$$00000001  mc_p.l(entry2.o)
    0x000000c4   0x00000004   Code   RO         3545    .ARM.Collect$$$$00000004  mc_p.l(entry5.o)
    0x000000c8   0x00000000   Code   RO         3547    .ARM.Collect$$$$00000008  mc_p.l(entry7b.o)
    0x000000c8   0x00000000   Code   RO         3549    .ARM.Collect$$$$0000000A  mc_p.l(entry8b.o)
    0x000000c8   0x00000008   Code   RO         3550    .ARM.Collect$$$$0000000B  mc_p.l(entry9a.o)
    0x000000d0   0x00000000   Code   RO         3552    .ARM.Collect$$$$0000000D  mc_p.l(entry10a.o)
    0x000000d0   0x00000000   Code   RO         3554    .ARM.Collect$$$$0000000F  mc_p.l(entry11a.o)
    0x000000d0   0x00000004   Code   RO         3543    .ARM.Collect$$$$00002712  mc_p.l(entry2.o)
    0x000000d4   0x00000028   Code   RO         2769    .text               startup_cw32f003.o
    0x000000fc   0x0000002c   Code   RO         3254    .text               mc_p.l(uidiv.o)
    0x00000128   0x00000028   Code   RO         3256    .text               mc_p.l(idiv.o)
    0x00000150   0x00000024   Code   RO         3258    .text               mc_p.l(memcpya.o)
    0x00000174   0x00000024   Code   RO         3260    .text               mc_p.l(memseta.o)
    0x00000198   0x000000b2   Code   RO         3524    .text               mf_p.l(fadd.o)
    0x0000024a   0x0000007a   Code   RO         3526    .text               mf_p.l(fmul.o)
    0x000002c4   0x0000007c   Code   RO         3528    .text               mf_p.l(fdiv.o)
    0x00000340   0x00000164   Code   RO         3530    .text               mf_p.l(dadd.o)
    0x000004a4   0x0000000e   Code   RO         3534    .text               mf_p.l(ffltui.o)
    0x000004b2   0x00000028   Code   RO         3536    .text               mf_p.l(ffixui.o)
    0x000004da   0x00000002   PAD
    0x000004dc   0x0000003c   Code   RO         3538    .text               mf_p.l(dfixui.o)
    0x00000518   0x00000028   Code   RO         3540    .text               mf_p.l(f2d.o)
    0x00000540   0x00000020   Code   RO         3559    .text               mc_p.l(llshl.o)
    0x00000560   0x00000022   Code   RO         3561    .text               mc_p.l(llushr.o)
    0x00000582   0x00000026   Code   RO         3563    .text               mc_p.l(llsshr.o)
    0x000005a8   0x00000000   Code   RO         3565    .text               mc_p.l(iusefp.o)
    0x000005a8   0x00000082   Code   RO         3566    .text               mf_p.l(fepilogue.o)
    0x0000062a   0x000000be   Code   RO         3568    .text               mf_p.l(depilogue.o)
    0x000006e8   0x00000024   Code   RO         3580    .text               mc_p.l(init.o)
    0x0000070c   0x00000044   Code   RO            4    i.ADC_BufEnSerialCh  cw32f003_adc.o
    0x00000750   0x00000014   Code   RO            6    i.ADC_ClearITPendingAll  cw32f003_adc.o
    0x00000764   0x00000020   Code   RO           13    i.ADC_Enable        cw32f003_adc.o
    0x00000784   0x00000018   Code   RO           19    i.ADC_GetITStatus   cw32f003_adc.o
    0x0000079c   0x00000014   Code   RO           21    i.ADC_GetSqr0Result  cw32f003_adc.o
    0x000007b0   0x00000014   Code   RO           22    i.ADC_GetSqr1Result  cw32f003_adc.o
    0x000007c4   0x0000000c   Code   RO         2962    i.ADC_IRQHandler    interrupts_cw32f003.o
    0x000007d0   0x00000084   Code   RO           28    i.ADC_Init          cw32f003_adc.o
    0x00000854   0x00000052   Code   RO           30    i.ADC_SerialChCommon  cw32f003_adc.o
    0x000008a6   0x00000002   PAD
    0x000008a8   0x00000020   Code   RO           31    i.ADC_SerialChContinuousModeCfg  cw32f003_adc.o
    0x000008c8   0x00000024   Code   RO           42    i.ADC_SoftwareStartConvCmd  cw32f003_adc.o
    0x000008ec   0x00000034   Code   RO           43    i.ADC_Sqr01ChannelCfg  cw32f003_adc.o
    0x00000920   0x00000040   Code   RO           44    i.ADC_Sqr02ChannelCfg  cw32f003_adc.o
    0x00000960   0x00000048   Code   RO           45    i.ADC_Sqr03ChannelCfg  cw32f003_adc.o
    0x000009a8   0x00000028   Code   RO           46    i.ADC_Sqr0ChannelCfg  cw32f003_adc.o
    0x000009d0   0x00000018   Code   RO           47    i.ADC_StructInit    cw32f003_adc.o
    0x000009e8   0x0000009c   Code   RO         2888    i.ADC_init          adc.o
    0x00000a84   0x00000002   Code   RO         2963    i.ATIM_IRQHandler   interrupts_cw32f003.o
    0x00000a86   0x00000002   Code   RO         2964    i.AWT_IRQHandler    interrupts_cw32f003.o
    0x00000a88   0x000001a0   Code   RO         3125    i.BTIM1_IRQHandler  main.o
    0x00000c28   0x00000002   Code   RO         2965    i.BTIM2_IRQHandler  interrupts_cw32f003.o
    0x00000c2a   0x00000002   Code   RO         2966    i.BTIM3_IRQHandler  interrupts_cw32f003.o
    0x00000c2c   0x00000008   Code   RO          756    i.BTIM_ClearITPendingBit  cw32f003_btim.o
    0x00000c34   0x00000018   Code   RO          757    i.BTIM_Cmd          cw32f003_btim.o
    0x00000c4c   0x00000012   Code   RO          762    i.BTIM_GetITStatus  cw32f003_btim.o
    0x00000c5e   0x00000014   Code   RO          764    i.BTIM_ITConfig     cw32f003_btim.o
    0x00000c72   0x00000002   PAD
    0x00000c74   0x00000020   Code   RO          773    i.BTIM_TimeBaseInit  cw32f003_btim.o
    0x00000c94   0x00000058   Code   RO         2775    i.Btim1_Init        btim1.o
    0x00000cec   0x0000004c   Code   RO         2820    i.Close_Com         seg_dis.o
    0x00000d38   0x0000008c   Code   RO         3126    i.ComputeK          main.o
    0x00000dc4   0x00000038   Code   RO         2821    i.Dis_Refresh       seg_dis.o
    0x00000dfc   0x000000bc   Code   RO         2822    i.Display           seg_dis.o
    0x00000eb8   0x000000ac   Code   RO         3127    i.DisplayBuff       main.o
    0x00000f64   0x0000003c   Code   RO         2823    i.DisplayI          seg_dis.o
    0x00000fa0   0x000000bc   Code   RO         2824    i.DisplaySETV       seg_dis.o
    0x0000105c   0x00000002   Code   RO         2967    i.FLASHRAM_IRQHandler  interrupts_cw32f003.o
    0x0000105e   0x00000002   PAD
    0x00001060   0x00000024   Code   RO          990    i.FLASH_SetLatency  cw32f003_flash.o
    0x00001084   0x00000002   Code   RO         2968    i.GPIOA_IRQHandler  interrupts_cw32f003.o
    0x00001086   0x00000002   Code   RO         2969    i.GPIOB_IRQHandler  interrupts_cw32f003.o
    0x00001088   0x00000002   Code   RO         2970    i.GPIOC_IRQHandler  interrupts_cw32f003.o
    0x0000108a   0x000000e2   Code   RO         1103    i.GPIO_Init         cw32f003_gpio.o
    0x0000116c   0x00000012   Code   RO         1105    i.GPIO_ReadPin      cw32f003_gpio.o
    0x0000117e   0x0000000c   Code   RO         1108    i.GPIO_WritePin     cw32f003_gpio.o
    0x0000118a   0x00000002   Code   RO         2971    i.GTIM_IRQHandler   interrupts_cw32f003.o
    0x0000118c   0x0000000c   Code   RO         2179    i.GetTick           cw32f003_systick.o
    0x00001198   0x00000044   Code   RO         2889    i.Get_ADC_Value     adc.o
    0x000011dc   0x00000004   Code   RO         2972    i.HardFault_Handler  interrupts_cw32f003.o
    0x000011e0   0x00000002   Code   RO         2973    i.I2C_IRQHandler    interrupts_cw32f003.o
    0x000011e2   0x00000002   PAD
    0x000011e4   0x0000006c   Code   RO         2180    i.InitTick          cw32f003_systick.o
    0x00001250   0x00000034   Code   RO         3128    i.KEYGPIO_Init      main.o
    0x00001284   0x00000002   Code   RO         2974    i.LVD_IRQHandler    interrupts_cw32f003.o
    0x00001286   0x0000000c   Code   RO         3206    i.LogInit           log.o
    0x00001292   0x00000002   PAD
    0x00001294   0x0000005c   Code   RO         3129    i.Mean_Value_Filter  main.o
    0x000012f0   0x00000002   Code   RO         2975    i.NMI_Handler       interrupts_cw32f003.o
    0x000012f2   0x00000002   PAD
    0x000012f4   0x00000078   Code   RO         2181    i.NVIC_SetPriority  cw32f003_systick.o
    0x0000136c   0x00000002   Code   RO         2976    i.PendSV_Handler    interrupts_cw32f003.o
    0x0000136e   0x00000002   PAD
    0x00001370   0x0000002c   Code   RO         3130    i.RCC_Configuration  main.o
    0x0000139c   0x00000020   Code   RO         1812    i.RCC_HCLKPRS_Config  cw32f003_rcc.o
    0x000013bc   0x00000038   Code   RO         1817    i.RCC_HSI_Enable    cw32f003_rcc.o
    0x000013f4   0x00000020   Code   RO         1824    i.RCC_PCLKPRS_Config  cw32f003_rcc.o
    0x00001414   0x00000030   Code   RO         1828    i.RCC_SYSCLKSRC_Config  cw32f003_rcc.o
    0x00001444   0x00000078   Code   RO         1830    i.RCC_Sysctrl_GetHClkFreq  cw32f003_rcc.o
    0x000014bc   0x0000000c   Code   RO         1832    i.RCC_SystemCoreClockUpdate  cw32f003_rcc.o
    0x000014c8   0x00000002   Code   RO         2977    i.SPI_IRQHandler    interrupts_cw32f003.o
    0x000014ca   0x00000002   Code   RO         2978    i.SVC_Handler       interrupts_cw32f003.o
    0x000014cc   0x00000002   Code   RO         2979    i.SYSCTRL_IRQHandler  interrupts_cw32f003.o
    0x000014ce   0x00000002   PAD
    0x000014d0   0x00000128   Code   RO         2825    i.Seg_Dis           seg_dis.o
    0x000015f8   0x00000084   Code   RO         2826    i.Seg_Init          seg_dis.o
    0x0000167c   0x000000f8   Code   RO         3207    i.SerialInit        log.o
    0x00001774   0x00000020   Code   RO         3208    i.SerialSend        log.o
    0x00001794   0x00000018   Code   RO         2185    i.SysTick_Handler   cw32f003_systick.o
    0x000017ac   0x00000010   Code   RO         2726    i.SystemCoreClockUpdate  system_cw32f003.o
    0x000017bc   0x0000003c   Code   RO         2727    i.SystemInit        system_cw32f003.o
    0x000017f8   0x00000002   Code   RO         2980    i.UART1_IRQHandler  interrupts_cw32f003.o
    0x000017fa   0x00000002   PAD
    0x000017fc   0x00000024   Code   RO         3209    i.UART2_IRQHandler  log.o
    0x00001820   0x00000008   Code   RO         2246    i.USART_ClearITPendingBit  cw32f003_uart.o
    0x00001828   0x00000012   Code   RO         2250    i.USART_GetFlagStatus  cw32f003_uart.o
    0x0000183a   0x00000012   Code   RO         2251    i.USART_GetITStatus  cw32f003_uart.o
    0x0000184c   0x0000001a   Code   RO         2253    i.USART_ITConfig    cw32f003_uart.o
    0x00001866   0x00000002   PAD
    0x00001868   0x00000174   Code   RO         2254    i.USART_Init        cw32f003_uart.o
    0x000019dc   0x00000008   Code   RO         2257    i.USART_ReceiveData_8bit  cw32f003_uart.o
    0x000019e4   0x00000004   Code   RO         2259    i.USART_SendData_8bit  cw32f003_uart.o
    0x000019e8   0x00000002   Code   RO         2981    i.VC1_IRQHandler    interrupts_cw32f003.o
    0x000019ea   0x00000002   Code   RO         2982    i.VC2_IRQHandler    interrupts_cw32f003.o
    0x000019ec   0x000001bc   Code   RO         3131    i.Volt_Cal          main.o
    0x00001ba8   0x00000002   Code   RO         2983    i.WDT_IRQHandler    interrupts_cw32f003.o
    0x00001baa   0x00000002   PAD
    0x00001bac   0x00000014   Code   RO         3265    i.__0printf$bare    mc_p.l(printfb.o)
    0x00001bc0   0x0000002e   Code   RO         3570    i.__ARM_clz         mf_p.l(depilogue.o)
    0x00001bee   0x0000001c   Code   RO         1499    i.__ARM_common_switch8  cw32f003_i2c.o
    0x00001c0a   0x0000001e   Code   RO         3272    i._printf_core      mc_p.l(printfb.o)
    0x00001c28   0x00000010   Code   RO         3210    i.fputc             log.o
    0x00001c38   0x000000d8   Code   RO         3132    i.main              main.o
    0x00001d10   0x00000070   Code   RO         3133    i.read_vol_cur_calibration  main.o
    0x00001d80   0x00000050   Code   RO         3134    i.save_calibration  main.o
    0x00001dd0   0x00000040   Data   RO         1834    .constdata          cw32f003_rcc.o
    0x00001e10   0x00000008   Data   RO         3211    .constdata          log.o
    0x00001e18   0x00000000   Data   RO         3582    Region$$Table       anon$$obj.o


    Execution Region RW_IRAM1 (Base: 0x20000000, Size: 0x00000410, Max: 0x00000c00, ABSOLUTE)

    Base Addr    Size         Type   Attr      Idx    E Section Name        Object

    0x20000000   0x00000009   Data   RW         2186    .data               cw32f003_systick.o
    0x20000009   0x00000003   PAD
    0x2000000c   0x00000004   Data   RW         2728    .data               system_cw32f003.o
    0x20000010   0x0000001c   Data   RW         2827    .data               seg_dis.o
    0x2000002c   0x00000001   Data   RW         2891    .data               adc.o
    0x2000002d   0x00000003   PAD
    0x20000030   0x00000048   Data   RW         3135    .data               main.o
    0x20000078   0x00000004   Data   RW         3556    .data               mc_p.l(stdout.o)
    0x2000007c   0x00000190   Zero   RW         2890    .bss                adc.o
    0x2000020c   0x00000004   PAD
    0x20000210   0x00000200   Zero   RW         2766    STACK               startup_cw32f003.o

