<html>
<body>
<pre>
<h1>礦ision Build Log</h1>
<h2>Tool Versions:</h2>
IDE-Version: μVision V5.38.0.0
Copyright (C) 2022 ARM Ltd and ARM Germany GmbH. All rights reserved.
License Information: peng mao, uestc, LIC=03C6R-KGJNR-8TH3P-MQBX9-NK0DW-EZB2F
 
Tool Versions:
Toolchain:       MDK-ARM Plus  Version: 5.38.0.0
Toolchain Path:  C:\Keil_v5\ARM\ARMCC\Bin
C Compiler:      Armcc.exe V5.06 update 7 (build 960)
Assembler:       Armasm.exe V5.06 update 7 (build 960)
Linker/Locator:  ArmLink.exe V5.06 update 7 (build 960)
Library Manager: ArmAr.exe V5.06 update 7 (build 960)
Hex Converter:   FromElf.exe V5.06 update 7 (build 960)
CPU DLL:         SARMCM3.DLL V5.38.0.0
Dialog DLL:      DARMCM1.DLL V1.19.6.0
Target DLL:      CMSIS_AGDI.dll V1.33.15.0
Dialog DLL:      TARMCM1.DLL V1.14.6.0
 
<h2>Project:</h2>
C:\Users\asdjeqiow\Desktop\工作\电压电流表实训班资料\例程\实验四_数码管动态显示\数码管动态显示.uvprojx
Project File Date:  03/15/2024

<h2>Output:</h2>
*** Using Compiler 'V5.06 update 7 (build 960)', folder: 'C:\Keil_v5\ARM\ARMCC\Bin'
Build target 'Target 1'
compiling main.c...
compiling Seg_Dis.c...
Hardware\Seg_Dis.c(52): warning:  #188-D: enumerated type mixed with another type
                GPIO_WritePin(CW_GPIOC,GPIO_PIN_4,(Dis_Value >> i) & 0x01);    //PC04,A
Hardware\Seg_Dis.c(55): warning:  #188-D: enumerated type mixed with another type
                GPIO_WritePin(CW_GPIOB,GPIO_PIN_6,(Dis_Value >> i) & 0x01);    //PB06,B
Hardware\Seg_Dis.c(58): warning:  #188-D: enumerated type mixed with another type
                GPIO_WritePin(CW_GPIOB,GPIO_PIN_4,(Dis_Value >> i) & 0x01);    //PB04,C
Hardware\Seg_Dis.c(61): warning:  #188-D: enumerated type mixed with another type
                GPIO_WritePin(CW_GPIOB,GPIO_PIN_2,(Dis_Value >> i) & 0x01);    //PB02,D
Hardware\Seg_Dis.c(64): warning:  #188-D: enumerated type mixed with another type
                GPIO_WritePin(CW_GPIOA,GPIO_PIN_0,(Dis_Value >> i) & 0x01);    //PA00,E
Hardware\Seg_Dis.c(67): warning:  #188-D: enumerated type mixed with another type
                GPIO_WritePin(CW_GPIOB,GPIO_PIN_0,(Dis_Value >> i) & 0x01);    //PB00,F
Hardware\Seg_Dis.c(70): warning:  #188-D: enumerated type mixed with another type
                GPIO_WritePin(CW_GPIOA,GPIO_PIN_4,(Dis_Value >> i) & 0x01);    //PA04,G
Hardware\Seg_Dis.c(73): warning:  #188-D: enumerated type mixed with another type
                GPIO_WritePin(CW_GPIOB,GPIO_PIN_3,(Dis_Value >> i) & 0x01);    //PB03,DP
Hardware\Seg_Dis.c: 8 warnings, 0 errors
compiling interrupts_cw32f003.c...
linking...
Program Size: Code=2392 RO-data=288 RW-data=40 ZI-data=1120  
".\Objects\数码管动态显示.axf" - 0 Error(s), 8 Warning(s).

<h2>Software Packages used:</h2>

Package Vendor: ARM
                http://www.keil.com/pack/ARM.CMSIS.5.9.0.pack
                ARM.CMSIS.5.9.0
                CMSIS (Common Microcontroller Software Interface Standard)
   * Component: CORE Version: 5.6.0

Package Vendor: WHXY
                
                WHXY.CW32F003_DFP.1.0.4
                CW32 ARM Cortex-M0+ Device Family Pack

<h2>Collection of Component include folders:</h2>
  ./RTE/_Target_1
  C:/Users/asdjeqiow/AppData/Local/Arm/Packs/ARM/CMSIS/5.9.0/CMSIS/Core/Include
  C:/Users/asdjeqiow/AppData/Local/Arm/Packs/WHXY/CW32F003_DFP/1.0.4/Device/Include

<h2>Collection of Component Files used:</h2>

   * Component: ARM::CMSIS:CORE:5.6.0
Build Time Elapsed:  00:00:00
</pre>
</body>
</html>
