Component: ARM Compiler 5.06 update 7 (build 960) Tool: armlink [4d3601]

==============================================================================

Section Cross References

    cw32f003_adc.o(i.ADC_DisableIrq) refers to cw32f003_adc.o(i.ADC_DisableNvic) for ADC_DisableNvic
    cw32f003_adc.o(i.ADC_DisableNvic) refers to cw32f003_adc.o(i.__NVIC_ClearPendingIRQ) for __NVIC_ClearPendingIRQ
    cw32f003_adc.o(i.ADC_DisableNvic) refers to cw32f003_adc.o(i.__NVIC_SetPriority) for __NVIC_SetPriority
    cw32f003_adc.o(i.ADC_Enable) refers to cw32f003_adc.o(i.ADC_GetITStatus) for ADC_GetITStatus
    cw32f003_adc.o(i.ADC_EnableIrq) refers to cw32f003_adc.o(i.ADC_EnableNvic) for ADC_EnableNvic
    cw32f003_adc.o(i.ADC_EnableNvic) refers to cw32f003_adc.o(i.__NVIC_ClearPendingIRQ) for __NVIC_ClearPendingIRQ
    cw32f003_adc.o(i.ADC_EnableNvic) refers to cw32f003_adc.o(i.__NVIC_SetPriority) for __NVIC_SetPriority
    cw32f003_adc.o(i.ADC_GetTsVref1V5) refers to cw32f003_adc.o(i.ADC_GetConversionValue) for ADC_GetConversionValue
    cw32f003_adc.o(i.ADC_GetTsVref1V5) refers to fflti.o(.text) for __aeabi_i2f
    cw32f003_adc.o(i.ADC_GetTsVref1V5) refers to fmul.o(.text) for __aeabi_fmul
    cw32f003_adc.o(i.ADC_GetTsVref1V5) refers to ffltui.o(.text) for __aeabi_ui2f
    cw32f003_adc.o(i.ADC_GetTsVref1V5) refers to fadd.o(.text) for __aeabi_fadd
    cw32f003_adc.o(i.ADC_GetTsVref2V5) refers to cw32f003_adc.o(i.ADC_GetConversionValue) for ADC_GetConversionValue
    cw32f003_adc.o(i.ADC_GetTsVref2V5) refers to fflti.o(.text) for __aeabi_i2f
    cw32f003_adc.o(i.ADC_GetTsVref2V5) refers to fmul.o(.text) for __aeabi_fmul
    cw32f003_adc.o(i.ADC_GetTsVref2V5) refers to ffltui.o(.text) for __aeabi_ui2f
    cw32f003_adc.o(i.ADC_GetTsVref2V5) refers to fadd.o(.text) for __aeabi_fadd
    cw32f003_adc.o(i.ADC_SerialChBreakModeCfg) refers to cw32f003_adc.o(i.ADC_SerialChCommon) for ADC_SerialChCommon
    cw32f003_adc.o(i.ADC_SerialChCommon) refers to cw32f003_adc.o(i.ADC_Init) for ADC_Init
    cw32f003_adc.o(i.ADC_SerialChCommon) refers to cw32f003_adc.o(i.ADC_Sqr0ChannelCfg) for ADC_Sqr0ChannelCfg
    cw32f003_adc.o(i.ADC_SerialChCommon) refers to cw32f003_adc.o(i.ADC_Sqr01ChannelCfg) for ADC_Sqr01ChannelCfg
    cw32f003_adc.o(i.ADC_SerialChCommon) refers to cw32f003_adc.o(i.ADC_Sqr02ChannelCfg) for ADC_Sqr02ChannelCfg
    cw32f003_adc.o(i.ADC_SerialChCommon) refers to cw32f003_adc.o(i.ADC_Sqr03ChannelCfg) for ADC_Sqr03ChannelCfg
    cw32f003_adc.o(i.ADC_SerialChContinuousModeCfg) refers to cw32f003_adc.o(i.ADC_SerialChCommon) for ADC_SerialChCommon
    cw32f003_adc.o(i.ADC_SerialChMoreModeCfg) refers to cw32f003_adc.o(i.ADC_SerialChCommon) for ADC_SerialChCommon
    cw32f003_adc.o(i.ADC_SerialChScanModeCfg) refers to cw32f003_adc.o(i.ADC_SerialChCommon) for ADC_SerialChCommon
    cw32f003_adc.o(i.ADC_SingleChCommon) refers to cw32f003_adc.o(i.ADC_Init) for ADC_Init
    cw32f003_adc.o(i.ADC_SingleChCommon) refers to cw32f003_adc.o(i.ADC_BufEnSingleCh) for ADC_BufEnSingleCh
    cw32f003_adc.o(i.ADC_SingleChCommon) refers to cw32f003_adc.o(i.ADC_WdtConfig) for ADC_WdtConfig
    cw32f003_adc.o(i.ADC_SingleChContinuousModeCfg) refers to cw32f003_adc.o(i.ADC_SingleChCommon) for ADC_SingleChCommon
    cw32f003_adc.o(i.ADC_SingleChMoreModeCfg) refers to cw32f003_adc.o(i.ADC_SingleChCommon) for ADC_SingleChCommon
    cw32f003_adc.o(i.ADC_SingleChOneModeCfg) refers to cw32f003_adc.o(i.ADC_SingleChCommon) for ADC_SingleChCommon
    cw32f003_adc.o(i.ADC_Sqr01ChannelCfg) refers to cw32f003_adc.o(i.ADC_BufEnSerialCh) for ADC_BufEnSerialCh
    cw32f003_adc.o(i.ADC_Sqr02ChannelCfg) refers to cw32f003_adc.o(i.ADC_BufEnSerialCh) for ADC_BufEnSerialCh
    cw32f003_adc.o(i.ADC_Sqr03ChannelCfg) refers to cw32f003_adc.o(i.ADC_BufEnSerialCh) for ADC_BufEnSerialCh
    cw32f003_adc.o(i.ADC_Sqr0ChannelCfg) refers to cw32f003_adc.o(i.ADC_BufEnSerialCh) for ADC_BufEnSerialCh
    cw32f003_flash.o(i.FLASH_SetReadOutLevel) refers to cw32f003_flash.o(i.FLASH_GetReadOutLevel) for FLASH_GetReadOutLevel
    cw32f003_i2c.o(i.I2C_MasterReadEepomData) refers to cw32f003_i2c.o(i.I2C_GenerateSTART) for I2C_GenerateSTART
    cw32f003_i2c.o(i.I2C_MasterReadEepomData) refers to cw32f003_i2c.o(i.I2C_GetIrq) for I2C_GetIrq
    cw32f003_i2c.o(i.I2C_MasterReadEepomData) refers to cw32f003_i2c.o(i.I2C_GetState) for I2C_GetState
    cw32f003_i2c.o(i.I2C_MasterReadEepomData) refers to cw32f003_i2c.o(i.__ARM_common_switch8) for __ARM_common_switch8
    cw32f003_i2c.o(i.I2C_MasterReadEepomData) refers to cw32f003_i2c.o(i.I2C_Send7bitAddress) for I2C_Send7bitAddress
    cw32f003_i2c.o(i.I2C_MasterReadEepomData) refers to cw32f003_i2c.o(i.I2C_SendData) for I2C_SendData
    cw32f003_i2c.o(i.I2C_MasterReadEepomData) refers to cw32f003_i2c.o(i.I2C_AcknowledgeConfig) for I2C_AcknowledgeConfig
    cw32f003_i2c.o(i.I2C_MasterReadEepomData) refers to cw32f003_i2c.o(i.I2C_ReceiveData) for I2C_ReceiveData
[...]
    printf8.o(i._printf_core) refers to printf8.o(i._printf_post_padding) for _printf_post_padding
    printf8.o(i._printf_core) refers to uldiv.o(.text) for __aeabi_uldivmod
    printfa.o(i.__0fprintf) refers (Special) to iusefp.o(.text) for __I$use$fp
    printfa.o(i.__0fprintf) refers to printfa.o(i._printf_core) for _printf_core
    printfa.o(i.__0fprintf) refers to log.o(i.fputc) for fputc
    printfa.o(i.__0printf) refers (Special) to iusefp.o(.text) for __I$use$fp
    printfa.o(i.__0printf) refers to printfa.o(i._printf_core) for _printf_core
    printfa.o(i.__0printf) refers to log.o(i.fputc) for fputc
    printfa.o(i.__0printf) refers to stdout.o(.data) for __stdout
    printfa.o(i.__0snprintf) refers (Special) to iusefp.o(.text) for __I$use$fp
    printfa.o(i.__0snprintf) refers to printfa.o(i._printf_core) for _printf_core
    printfa.o(i.__0snprintf) refers to printfa.o(i._snputc) for _snputc
    printfa.o(i.__0sprintf) refers (Special) to iusefp.o(.text) for __I$use$fp
    printfa.o(i.__0sprintf) refers to printfa.o(i._printf_core) for _printf_core
    printfa.o(i.__0sprintf) refers to printfa.o(i._sputc) for _sputc
    printfa.o(i.__0vfprintf) refers (Special) to iusefp.o(.text) for __I$use$fp
    printfa.o(i.__0vfprintf) refers to printfa.o(i._printf_core) for _printf_core
    printfa.o(i.__0vfprintf) refers to log.o(i.fputc) for fputc
    printfa.o(i.__0vprintf) refers (Special) to iusefp.o(.text) for __I$use$fp
    printfa.o(i.__0vprintf) refers to printfa.o(i._printf_core) for _printf_core
    printfa.o(i.__0vprintf) refers to log.o(i.fputc) for fputc
    printfa.o(i.__0vprintf) refers to stdout.o(.data) for __stdout
    printfa.o(i.__0vsnprintf) refers (Special) to iusefp.o(.text) for __I$use$fp
    printfa.o(i.__0vsnprintf) refers to printfa.o(i._printf_core) for _printf_core
    printfa.o(i.__0vsnprintf) refers to printfa.o(i._snputc) for _snputc
    printfa.o(i.__0vsprintf) refers (Special) to iusefp.o(.text) for __I$use$fp
    printfa.o(i.__0vsprintf) refers to printfa.o(i._printf_core) for _printf_core
    printfa.o(i.__0vsprintf) refers to printfa.o(i._sputc) for _sputc
    printfa.o(i._fp_digits) refers (Special) to iusefp.o(.text) for __I$use$fp
    printfa.o(i._fp_digits) refers to dmul.o(.text) for __aeabi_dmul
    printfa.o(i._fp_digits) refers to ddiv.o(.text) for __aeabi_ddiv
    printfa.o(i._fp_digits) refers to cdrcmple.o(.text) for __aeabi_cdrcmple
    printfa.o(i._fp_digits) refers to dadd.o(.text) for __aeabi_dadd
    printfa.o(i._fp_digits) refers to dfixul.o(.text) for __aeabi_d2ulz
    printfa.o(i._fp_digits) refers to uldiv.o(.text) for __aeabi_uldivmod
    printfa.o(i._printf_core) refers (Special) to iusefp.o(.text) for __I$use$fp
    printfa.o(i._printf_core) refers to printfa.o(i._printf_pre_padding) for _printf_pre_padding
    printfa.o(i._printf_core) refers to uldiv.o(.text) for __aeabi_uldivmod
    printfa.o(i._printf_core) refers to printfa.o(i._printf_post_padding) for _printf_post_padding
    printfa.o(i._printf_core) refers to printfa.o(i._fp_digits) for _fp_digits
    printfa.o(i._printf_core) refers to uidiv.o(.text) for __aeabi_uidivmod
    printfa.o(i._printf_post_padding) refers (Special) to iusefp.o(.text) for __I$use$fp
    printfa.o(i._printf_pre_padding) refers (Special) to iusefp.o(.text) for __I$use$fp
    printfa.o(i._snputc) refers (Special) to iusefp.o(.text) for __I$use$fp
    printfa.o(i._sputc) refers (Special) to iusefp.o(.text) for __I$use$fp
    fadd.o(.text) refers (Special) to iusefp.o(.text) for __I$use$fp
    fadd.o(.text) refers to fepilogue.o(.text) for _float_epilogue
    fmul.o(.text) refers (Special) to iusefp.o(.text) for __I$use$fp
    fdiv.o(.text) refers (Special) to iusefp.o(.text) for __I$use$fp
    fdiv.o(.text) refers to fepilogue.o(.text) for _float_round
    dadd.o(.text) refers (Special) to iusefp.o(.text) for __I$use$fp
    dadd.o(.text) refers to llshl.o(.text) for __aeabi_llsl
    dadd.o(.text) refers to llsshr.o(.text) for __aeabi_lasr
    dadd.o(.text) refers to depilogue.o(.text) for _double_epilogue
    fflti.o(.text) refers (Special) to iusefp.o(.text) for __I$use$fp
    fflti.o(.text) refers to fepilogue.o(.text) for _float_epilogue
    ffltui.o(.text) refers (Special) to iusefp.o(.text) for __I$use$fp
    ffltui.o(.text) refers to fepilogue.o(.text) for _float_epilogue
    ffixui.o(.text) refers (Special) to iusefp.o(.text) for __I$use$fp
    dfixui.o(.text) refers (Special) to iusefp.o(.text) for __I$use$fp
    dfixui.o(.text) refers to llushr.o(.text) for __aeabi_llsr
    f2d.o(.text) refers (Special) to iusefp.o(.text) for __I$use$fp
    entry2.o(.ARM.Collect$$$$00000001) refers to entry2.o(.ARM.Collect$$$$00002712) for __lit__00000000
    entry2.o(.ARM.Collect$$$$00002712) refers to startup_cw32f003.o(STACK) for __initial_sp
    entry2.o(__vectab_stack_and_reset_area) refers to startup_cw32f003.o(STACK) for __initial_sp
    entry2.o(__vectab_stack_and_reset_area) refers to entry.o(.ARM.Collect$$$$00000000) for __main
    entry5.o(.ARM.Collect$$$$00000004) refers to init.o(.text) for __scatterload
    entry9a.o(.ARM.Collect$$$$0000000B) refers to main.o(i.main) for main
    entry9b.o(.ARM.Collect$$$$0000000C) refers to main.o(i.main) for main
    uldiv.o(.text) refers to llushr.o(.text) for __aeabi_llsr
    uldiv.o(.text) refers to llshl.o(.text) for __aeabi_llsl
    depilogue.o(.text) refers to depilogue.o(i.__ARM_clz) for __ARM_clz
    depilogue.o(.text) refers to llshl.o(.text) for __aeabi_llsl
    depilogue.o(.text) refers to llushr.o(.text) for __aeabi_llsr
    dmul.o(.text) refers to depilogue.o(.text) for _double_epilogue
    ddiv.o(.text) refers to depilogue.o(.text) for _double_round
    dfixul.o(.text) refers to llushr.o(.text) for __aeabi_llsr
    dfixul.o(.text) refers to llshl.o(.text) for __aeabi_llsl
    init.o(.text) refers to entry5.o(.ARM.Collect$$$$00000004) for __main_after_scatterload


==============================================================================

Removing Unused input sections from the image.

    Removing cw32f003_adc.o(.rev16_text), (4 bytes).
    Removing cw32f003_adc.o(.revsh_text), (4 bytes).
    Removing cw32f003_adc.o(i.ADC_AutoStop), (20 bytes).
    Removing cw32f003_adc.o(i.ADC_BufEnSingleCh), (68 bytes).
    Removing cw32f003_adc.o(i.ADC_ClearITPendingBit), (16 bytes).
    Removing cw32f003_adc.o(i.ADC_ClrAccResult), (20 bytes).
    Removing cw32f003_adc.o(i.ADC_DeInit), (32 bytes).
    Removing cw32f003_adc.o(i.ADC_Disable), (20 bytes).
    Removing cw32f003_adc.o(i.ADC_DisableIrq), (24 bytes).
    Removing cw32f003_adc.o(i.ADC_DisableNvic), (52 bytes).
    Removing cw32f003_adc.o(i.ADC_EnableIrq), (12 bytes).
    Removing cw32f003_adc.o(i.ADC_EnableNvic), (56 bytes).
    Removing cw32f003_adc.o(i.ADC_ExtTrigCfg), (40 bytes).
    Removing cw32f003_adc.o(i.ADC_GetAccResult), (20 bytes).
    Removing cw32f003_adc.o(i.ADC_GetConversionValue), (12 bytes).
    Removing cw32f003_adc.o(i.ADC_GetITStatusAll), (12 bytes).
    Removing cw32f003_adc.o(i.ADC_GetSqr1Result), (20 bytes).
    Removing cw32f003_adc.o(i.ADC_GetSqr2Result), (20 bytes).
    Removing cw32f003_adc.o(i.ADC_GetSqr3Result), (20 bytes).
    Removing cw32f003_adc.o(i.ADC_GetTsVref1V5), (68 bytes).
    Removing cw32f003_adc.o(i.ADC_GetTsVref2V5), (68 bytes).
    Removing cw32f003_adc.o(i.ADC_ITConfig), (40 bytes).
    Removing cw32f003_adc.o(i.ADC_SerialChBreakModeCfg), (32 bytes).
    Removing cw32f003_adc.o(i.ADC_SerialChMoreModeCfg), (56 bytes).
    Removing cw32f003_adc.o(i.ADC_SerialChScanModeCfg), (32 bytes).
    Removing cw32f003_adc.o(i.ADC_SetAlign), (20 bytes).
    Removing cw32f003_adc.o(i.ADC_SetDiscard), (20 bytes).
    Removing cw32f003_adc.o(i.ADC_SetTs), (20 bytes).
    Removing cw32f003_adc.o(i.ADC_SetVref), (60 bytes).
    Removing cw32f003_adc.o(i.ADC_SingleChCommon), (64 bytes).
    Removing cw32f003_adc.o(i.ADC_SingleChContinuousModeCfg), (32 bytes).
    Removing cw32f003_adc.o(i.ADC_SingleChMoreModeCfg), (56 bytes).
    Removing cw32f003_adc.o(i.ADC_SingleChOneModeCfg), (28 bytes).
    Removing cw32f003_adc.o(i.ADC_WdtConfig), (84 bytes).
    Removing cw32f003_adc.o(i.ADC_WdtInit), (28 bytes).
    Removing cw32f003_adc.o(i.__NVIC_ClearPendingIRQ), (24 bytes).
    Removing cw32f003_adc.o(i.__NVIC_SetPriority), (120 bytes).
    Removing cw32f003_atim.o(.rev16_text), (4 bytes).
    Removing cw32f003_atim.o(.revsh_text), (4 bytes).
    Removing cw32f003_atim.o(i.ATIM_ADCTriggerConfig), (36 bytes).
    Removing cw32f003_atim.o(i.ATIM_BrakeConfig), (28 bytes).
    Removing cw32f003_atim.o(i.ATIM_CH1Config), (32 bytes).
    Removing cw32f003_atim.o(i.ATIM_CH2Config), (32 bytes).
    Removing cw32f003_atim.o(i.ATIM_CH3Config), (32 bytes).
    Removing cw32f003_atim.o(i.ATIM_CH4Config), (32 bytes).
    Removing cw32f003_atim.o(i.ATIM_ClearITPendingBit), (12 bytes).
    Removing cw32f003_atim.o(i.ATIM_Cmd), (24 bytes).
    Removing cw32f003_atim.o(i.ATIM_CtrlPWMOutputs), (32 bytes).
    Removing cw32f003_atim.o(i.ATIM_DeInit), (32 bytes).
    Removing cw32f003_atim.o(i.ATIM_ETRConfig), (24 bytes).
    Removing cw32f003_atim.o(i.ATIM_ETRSelect), (12 bytes).
    Removing cw32f003_atim.o(i.ATIM_GetCapture1A), (12 bytes).
    Removing cw32f003_atim.o(i.ATIM_GetCapture1B), (12 bytes).
    Removing cw32f003_atim.o(i.ATIM_GetCapture2A), (12 bytes).
    Removing cw32f003_atim.o(i.ATIM_GetCapture2B), (12 bytes).
    Removing cw32f003_atim.o(i.ATIM_GetCapture3A), (12 bytes).
    Removing cw32f003_atim.o(i.ATIM_GetCapture3B), (12 bytes).
    Removing cw32f003_atim.o(i.ATIM_GetITStatus), (24 bytes).
    Removing cw32f003_atim.o(i.ATIM_IC1AInit), (48 bytes).
    Removing cw32f003_atim.o(i.ATIM_IC1BInit), (52 bytes).
    Removing cw32f003_atim.o(i.ATIM_IC2AInit), (52 bytes).
    Removing cw32f003_atim.o(i.ATIM_IC2BInit), (56 bytes).
    Removing cw32f003_atim.o(i.ATIM_IC3AInit), (52 bytes).
    Removing cw32f003_atim.o(i.ATIM_IC3BInit), (56 bytes).
    Removing cw32f003_atim.o(i.ATIM_ITConfig), (32 bytes).
    Removing cw32f003_atim.o(i.ATIM_ITRSelect), (24 bytes).
    Removing cw32f003_atim.o(i.ATIM_Init), (104 bytes).
    Removing cw32f003_atim.o(i.ATIM_MasterModeConfig), (24 bytes).
    Removing cw32f003_atim.o(i.ATIM_OC1AInit), (100 bytes).
    Removing cw32f003_atim.o(i.ATIM_OC1BInit), (80 bytes).
    Removing cw32f003_atim.o(i.ATIM_OC2AInit), (104 bytes).
    Removing cw32f003_atim.o(i.ATIM_OC2BInit), (84 bytes).
    Removing cw32f003_atim.o(i.ATIM_OC3AInit), (104 bytes).
    Removing cw32f003_atim.o(i.ATIM_OC3BInit), (84 bytes).
    Removing cw32f003_atim.o(i.ATIM_OC4Init), (52 bytes).
    Removing cw32f003_atim.o(i.ATIM_PWMOutputConfig), (76 bytes).
    Removing cw32f003_atim.o(i.ATIM_SetCompare1A), (12 bytes).
    Removing cw32f003_atim.o(i.ATIM_SetCompare1B), (12 bytes).
    Removing cw32f003_atim.o(i.ATIM_SetCompare2A), (12 bytes).
    Removing cw32f003_atim.o(i.ATIM_SetCompare2B), (12 bytes).
    Removing cw32f003_atim.o(i.ATIM_SetCompare3A), (12 bytes).
    Removing cw32f003_atim.o(i.ATIM_SetCompare3B), (12 bytes).
    Removing cw32f003_atim.o(i.ATIM_SetCompare4), (12 bytes).
    Removing cw32f003_atim.o(i.ATIM_SetReloadValue), (12 bytes).
    Removing cw32f003_atim.o(i.ATIM_SlaverModeConfig), (32 bytes).
    Removing cw32f003_atim.o(i.ATIM_TriggerSelect), (28 bytes).
    Removing cw32f003_atim.o(i.ATIM_UpdateEventSelect), (32 bytes).
    Removing cw32f003_awt.o(.rev16_text), (4 bytes).
    Removing cw32f003_awt.o(.revsh_text), (4 bytes).
    Removing cw32f003_awt.o(i.AWT_ClearITPendingBit), (16 bytes).
    Removing cw32f003_awt.o(i.AWT_ClkSourceConfig), (24 bytes).
    Removing cw32f003_awt.o(i.AWT_Cmd), (36 bytes).
    Removing cw32f003_awt.o(i.AWT_DeInit), (28 bytes).
    Removing cw32f003_awt.o(i.AWT_GetAutoreload), (12 bytes).
    Removing cw32f003_awt.o(i.AWT_GetClkSource), (16 bytes).
    Removing cw32f003_awt.o(i.AWT_GetCounter), (12 bytes).
    Removing cw32f003_awt.o(i.AWT_GetITStatus), (24 bytes).
    Removing cw32f003_awt.o(i.AWT_GetPrescaler), (16 bytes).
    Removing cw32f003_awt.o(i.AWT_ITConfig), (32 bytes).
    Removing cw32f003_awt.o(i.AWT_PrescalerConfig), (20 bytes).
    Removing cw32f003_awt.o(i.AWT_TimeCntInit), (40 bytes).
    Removing cw32f003_awt.o(i.AWT_TimeCntStructInit), (24 bytes).
    Removing cw32f003_btim.o(.rev16_text), (4 bytes).
    Removing cw32f003_btim.o(.revsh_text), (4 bytes).
    Removing cw32f003_btim.o(i.BTIM_DeInit), (24 bytes).
    Removing cw32f003_btim.o(i.BTIM_ETRConfig), (24 bytes).
    Removing cw32f003_btim.o(i.BTIM_GetAutoreload), (8 bytes).
    Removing cw32f003_btim.o(i.BTIM_GetCounter), (8 bytes).
    Removing cw32f003_btim.o(i.BTIM_GetPrescaler), (10 bytes).
    Removing cw32f003_btim.o(i.BTIM_ModeConfig), (12 bytes).
    Removing cw32f003_btim.o(i.BTIM_OutputToggleCmd), (24 bytes).
    Removing cw32f003_btim.o(i.BTIM_PrescalerConfig), (34 bytes).
    Removing cw32f003_btim.o(i.BTIM_SelectETRInputPolarity), (12 bytes).
    Removing cw32f003_btim.o(i.BTIM_SelectInputTrigger), (12 bytes).
    Removing cw32f003_btim.o(i.BTIM_SelectOnePulseMode), (12 bytes).
    Removing cw32f003_btim.o(i.BTIM_SetAutoreload), (4 bytes).
    Removing cw32f003_btim.o(i.BTIM_SetCounter), (4 bytes).
    Removing cw32f003_btim.o(i.BTIM_TimeBaseStructInit), (12 bytes).
    Removing cw32f003_crc.o(.rev16_text), (4 bytes).
    Removing cw32f003_crc.o(.revsh_text), (4 bytes).
    Removing cw32f003_crc.o(i.CRC16_Calc_8bit), (40 bytes).
    Removing cw32f003_debug.o(.rev16_text), (4 bytes).
    Removing cw32f003_debug.o(.revsh_text), (4 bytes).
    Removing cw32f003_debug.o(i.DBGMCU_Config), (32 bytes).
    Removing cw32f003_digitalsign.o(.rev16_text), (4 bytes).
    Removing cw32f003_digitalsign.o(.revsh_text), (4 bytes).
    Removing cw32f003_digitalsign.o(i.DIGITALSIGN_GetChipType), (28 bytes).
    Removing cw32f003_digitalsign.o(i.DIGITALSIGN_GetChipUid), (88 bytes).
    Removing cw32f003_digitalsign.o(i.DIGITALSIGN_GetFlashSize), (12 bytes).
    Removing cw32f003_digitalsign.o(i.DIGITALSIGN_GetPinCount), (12 bytes).
    Removing cw32f003_digitalsign.o(i.DIGITALSIGN_GetRamSize), (12 bytes).
    Removing cw32f003_flash.o(.rev16_text), (4 bytes).
    Removing cw32f003_flash.o(.revsh_text), (4 bytes).
    Removing cw32f003_flash.o(i.FLASH_ClearITPendingBit), (16 bytes).
    Removing cw32f003_flash.o(i.FLASH_ErasePage), (104 bytes).
    Removing cw32f003_flash.o(i.FLASH_ErasePages), (124 bytes).
    Removing cw32f003_flash.o(i.FLASH_GetITStatus), (24 bytes).
    Removing cw32f003_flash.o(i.FLASH_GetReadOutLevel), (16 bytes).
    Removing cw32f003_flash.o(i.FLASH_GetStatus), (64 bytes).
    Removing cw32f003_flash.o(i.FLASH_ITConfig), (32 bytes).
    Removing cw32f003_flash.o(i.FLASH_LockAllPages), (16 bytes).
    Removing cw32f003_flash.o(i.FLASH_LockPage), (40 bytes).
    Removing cw32f003_flash.o(i.FLASH_LockPages), (68 bytes).
    Removing cw32f003_flash.o(i.FLASH_SetReadOutLevel), (52 bytes).
    Removing cw32f003_flash.o(i.FLASH_UnlockAllPages), (16 bytes).
    Removing cw32f003_flash.o(i.FLASH_UnlockPage), (40 bytes).
    Removing cw32f003_flash.o(i.FLASH_UnlockPages), (68 bytes).
    Removing cw32f003_flash.o(i.FLASH_WirteBytes), (124 bytes).
    Removing cw32f003_flash.o(i.FLASH_WirteHalfWords), (152 bytes).
    Removing cw32f003_gpio.o(.rev16_text), (4 bytes).
    Removing cw32f003_gpio.o(.revsh_text), (4 bytes).
    Removing cw32f003_gpio.o(i.GPIO_ConfigFilter), (8 bytes).
    Removing cw32f003_gpio.o(i.GPIO_DeInit), (56 bytes).
    Removing cw32f003_gpio.o(i.GPIO_GPIO2NRST), (28 bytes).
    Removing cw32f003_gpio.o(i.GPIO_GPIO2SWD), (28 bytes).
    Removing cw32f003_gpio.o(i.GPIO_NRST2GPIO), (24 bytes).
    Removing cw32f003_gpio.o(i.GPIO_ReadPin), (18 bytes).
    Removing cw32f003_gpio.o(i.GPIO_SWD2GPIO), (24 bytes).
    Removing cw32f003_gpio.o(i.GPIO_TogglePin), (4 bytes).
    Removing cw32f003_gtim.o(.rev16_text), (4 bytes).
    Removing cw32f003_gtim.o(.revsh_text), (4 bytes).
    Removing cw32f003_gtim.o(i.GTIM_ClearITPendingBit), (12 bytes).
    Removing cw32f003_gtim.o(i.GTIM_Cmd), (24 bytes).
    Removing cw32f003_gtim.o(i.GTIM_DeInit), (32 bytes).
    Removing cw32f003_gtim.o(i.GTIM_ETRConfig), (36 bytes).
    Removing cw32f003_gtim.o(i.GTIM_EncodeInit), (84 bytes).
    Removing cw32f003_gtim.o(i.GTIM_GetCapture1), (12 bytes).
    Removing cw32f003_gtim.o(i.GTIM_GetCapture2), (12 bytes).
    Removing cw32f003_gtim.o(i.GTIM_GetCapture3), (12 bytes).
    Removing cw32f003_gtim.o(i.GTIM_GetCapture4), (12 bytes).
    Removing cw32f003_gtim.o(i.GTIM_GetITStatus), (24 bytes).
    Removing cw32f003_gtim.o(i.GTIM_ICChannelConfig), (32 bytes).
    Removing cw32f003_gtim.o(i.GTIM_ICInit), (60 bytes).
    Removing cw32f003_gtim.o(i.GTIM_ITConfig), (32 bytes).
    Removing cw32f003_gtim.o(i.GTIM_ITRConfig), (44 bytes).
    Removing cw32f003_gtim.o(i.GTIM_OCInit), (28 bytes).
    Removing cw32f003_gtim.o(i.GTIM_SetCompare1), (12 bytes).
    Removing cw32f003_gtim.o(i.GTIM_SetCompare2), (12 bytes).
    Removing cw32f003_gtim.o(i.GTIM_SetCompare3), (12 bytes).
    Removing cw32f003_gtim.o(i.GTIM_SetCompare4), (12 bytes).
    Removing cw32f003_gtim.o(i.GTIM_SetCounterValue), (12 bytes).
    Removing cw32f003_gtim.o(i.GTIM_SetPrescaler), (24 bytes).
    Removing cw32f003_gtim.o(i.GTIM_SetReloadValue), (12 bytes).
    Removing cw32f003_gtim.o(i.GTIM_TimeBaseInit), (52 bytes).
    Removing cw32f003_i2c.o(.rev16_text), (4 bytes).
    Removing cw32f003_i2c.o(.revsh_text), (4 bytes).
    Removing cw32f003_i2c.o(i.I2C_AcknowledgeConfig), (40 bytes).
    Removing cw32f003_i2c.o(i.I2C_BaudGeneratorEnable), (40 bytes).
    Removing cw32f003_i2c.o(i.I2C_ClearIrq), (20 bytes).
    Removing cw32f003_i2c.o(i.I2C_Cmd), (40 bytes).
    Removing cw32f003_i2c.o(i.I2C_DeInit), (44 bytes).
    Removing cw32f003_i2c.o(i.I2C_FilterConfig), (40 bytes).
    Removing cw32f003_i2c.o(i.I2C_GcConfig), (40 bytes).
    Removing cw32f003_i2c.o(i.I2C_GenerateSTART), (100 bytes).
    Removing cw32f003_i2c.o(i.I2C_GenerateSTOP), (40 bytes).
    Removing cw32f003_i2c.o(i.I2C_GetIrq), (16 bytes).
    Removing cw32f003_i2c.o(i.I2C_GetState), (12 bytes).
    Removing cw32f003_i2c.o(i.I2C_MasterReadEepomData), (228 bytes).
    Removing cw32f003_i2c.o(i.I2C_MasterRecDataFromSlave), (190 bytes).
    Removing cw32f003_i2c.o(i.I2C_MasterSendDataToSlave), (144 bytes).
    Removing cw32f003_i2c.o(i.I2C_MasterWriteEepromData), (152 bytes).
    Removing cw32f003_i2c.o(i.I2C_Master_Init), (42 bytes).
    Removing cw32f003_i2c.o(i.I2C_ReceiveData), (12 bytes).
    Removing cw32f003_i2c.o(i.I2C_Send7bitAddress), (24 bytes).
    Removing cw32f003_i2c.o(i.I2C_SendData), (12 bytes).
    Removing cw32f003_i2c.o(i.I2C_SetBaud), (12 bytes).
    Removing cw32f003_i2c.o(i.I2C_SetOwnSlaveAddress0), (28 bytes).
    Removing cw32f003_i2c.o(i.I2C_SetOwnSlaveAddress1), (28 bytes).
    Removing cw32f003_i2c.o(i.I2C_SetOwnSlaveAddress2), (28 bytes).
    Removing cw32f003_i2c.o(i.I2C_SlaveRecDataFromMaster), (108 bytes).
    Removing cw32f003_i2c.o(i.I2C_SlaveSendDataToMaster), (114 bytes).
    Removing cw32f003_i2c.o(i.I2C_Slave_Init), (42 bytes).
    Removing cw32f003_i2c.o(i.I2C_SoftwareResetCmd), (44 bytes).
    Removing cw32f003_iwdt.o(.rev16_text), (4 bytes).
    Removing cw32f003_iwdt.o(.revsh_text), (4 bytes).
    Removing cw32f003_iwdt.o(i.IWDT_DeInit), (32 bytes).
    Removing cw32f003_iwdt.o(i.IWDT_GetCounterValue), (20 bytes).
    Removing cw32f003_iwdt.o(i.IWDT_GetFlagStatus), (16 bytes).
    Removing cw32f003_iwdt.o(i.IWDT_ITConfig), (72 bytes).
    Removing cw32f003_iwdt.o(i.IWDT_Init), (100 bytes).
    Removing cw32f003_iwdt.o(i.IWDT_SetPrescaler), (56 bytes).
    Removing cw32f003_iwdt.o(i.IWDT_SetReloadValue), (44 bytes).
    Removing cw32f003_iwdt.o(i.IWDT_SetWindowValue), (44 bytes).
    Removing cw32f003_lvd.o(.rev16_text), (4 bytes).
    Removing cw32f003_lvd.o(.revsh_text), (4 bytes).
    Removing cw32f003_lvd.o(i.LVD_ClearIrq), (20 bytes).
    Removing cw32f003_lvd.o(i.LVD_DeInit), (12 bytes).
    Removing cw32f003_lvd.o(i.LVD_Disable), (20 bytes).
    Removing cw32f003_lvd.o(i.LVD_DisableIrq), (40 bytes).
    Removing cw32f003_lvd.o(i.LVD_DisableNvic), (44 bytes).
    Removing cw32f003_lvd.o(i.LVD_Enable), (20 bytes).
    Removing cw32f003_lvd.o(i.LVD_EnableIrq), (32 bytes).
    Removing cw32f003_lvd.o(i.LVD_EnableNvic), (52 bytes).
    Removing cw32f003_lvd.o(i.LVD_GetFilterResult), (16 bytes).
    Removing cw32f003_lvd.o(i.LVD_GetFlagStatus), (24 bytes).
    Removing cw32f003_lvd.o(i.LVD_GetIrqStatus), (16 bytes).
    Removing cw32f003_lvd.o(i.LVD_Init), (68 bytes).
    Removing cw32f003_lvd.o(i.LVD_TrigConfig), (40 bytes).
    Removing cw32f003_lvd.o(i.__NVIC_ClearPendingIRQ), (24 bytes).
    Removing cw32f003_lvd.o(i.__NVIC_SetPriority), (120 bytes).
    Removing cw32f003_pwr.o(.rev16_text), (4 bytes).
    Removing cw32f003_pwr.o(.revsh_text), (4 bytes).
    Removing cw32f003_pwr.o(i.PWR_Config), (32 bytes).
    Removing cw32f003_pwr.o(i.PWR_GotoLpmMode), (4 bytes).
    Removing cw32f003_ram.o(.rev16_text), (4 bytes).
    Removing cw32f003_ram.o(.revsh_text), (4 bytes).
    Removing cw32f003_ram.o(i.RAM_ClearITPendingBit), (16 bytes).
    Removing cw32f003_ram.o(i.RAM_GetErrorAddress), (12 bytes).
    Removing cw32f003_ram.o(i.RAM_GetITStatus), (24 bytes).
    Removing cw32f003_ram.o(i.RAM_ITConfig), (36 bytes).
    Removing cw32f003_rcc.o(.rev16_text), (4 bytes).
    Removing cw32f003_rcc.o(.revsh_text), (4 bytes).
    Removing cw32f003_rcc.o(i.RCC_AHBPeriphClk_Enable), (32 bytes).
    Removing cw32f003_rcc.o(i.RCC_AHBPeriphReset), (32 bytes).
    Removing cw32f003_rcc.o(i.RCC_APBPeriphClk_Enable1), (32 bytes).
    Removing cw32f003_rcc.o(i.RCC_APBPeriphClk_Enable2), (32 bytes).
    Removing cw32f003_rcc.o(i.RCC_APBPeriphReset1), (32 bytes).
    Removing cw32f003_rcc.o(i.RCC_APBPeriphReset2), (32 bytes).
    Removing cw32f003_rcc.o(i.RCC_ATIMITRSelect), (24 bytes).
    Removing cw32f003_rcc.o(i.RCC_BTIM1ITRSelect), (32 bytes).
    Removing cw32f003_rcc.o(i.RCC_BTIM2ITRSelect), (32 bytes).
    Removing cw32f003_rcc.o(i.RCC_BTIM3ITRSelect), (32 bytes).
    Removing cw32f003_rcc.o(i.RCC_CCS_Config), (48 bytes).
    Removing cw32f003_rcc.o(i.RCC_ClearITPendingBit), (16 bytes).
    Removing cw32f003_rcc.o(i.RCC_ClearRstFlag), (16 bytes).
    Removing cw32f003_rcc.o(i.RCC_DEBUG_Config), (32 bytes).
    Removing cw32f003_rcc.o(i.RCC_DeInit), (132 bytes).
    Removing cw32f003_rcc.o(i.RCC_GTIMITRSelect), (28 bytes).
    Removing cw32f003_rcc.o(i.RCC_GetAllRstFlag), (12 bytes).
    Removing cw32f003_rcc.o(i.RCC_GetAllStableFlag), (12 bytes).
    Removing cw32f003_rcc.o(i.RCC_GetITStatus), (24 bytes).
    Removing cw32f003_rcc.o(i.RCC_GetRstFlag), (24 bytes).
    Removing cw32f003_rcc.o(i.RCC_GetStableFlag), (24 bytes).
    Removing cw32f003_rcc.o(i.RCC_HCLK_OUT), (64 bytes).
    Removing cw32f003_rcc.o(i.RCC_HEX_Disable), (28 bytes).
    Removing cw32f003_rcc.o(i.RCC_HEX_Enable), (176 bytes).
    Removing cw32f003_rcc.o(i.RCC_HSI_Disable), (28 bytes).
    Removing cw32f003_rcc.o(i.RCC_ITConfig), (48 bytes).
    Removing cw32f003_rcc.o(i.RCC_LOCKUP_Config), (32 bytes).
    Removing cw32f003_rcc.o(i.RCC_LSELOCK_Config), (28 bytes).
    Removing cw32f003_rcc.o(i.RCC_LSI_Disable), (28 bytes).
    Removing cw32f003_rcc.o(i.RCC_LSI_Enable), (64 bytes).
    Removing cw32f003_rcc.o(i.RCC_MCO_OUT), (76 bytes).
    Removing cw32f003_rcc.o(i.RCC_PCLK_OUT), (68 bytes).
    Removing cw32f003_rcc.o(i.RCC_RSTIO_Config), (20 bytes).
    Removing cw32f003_rcc.o(i.RCC_SWDIO_Config), (32 bytes).
    Removing cw32f003_rcc.o(i.RCC_SysClk_Switch), (64 bytes).
    Removing cw32f003_rcc.o(i.RCC_Sysctrl_GetPClkFreq), (32 bytes).
    Removing cw32f003_rcc.o(i.RCC_WAKEUPCLK_Config), (32 bytes).
    Removing cw32f003_spi.o(.rev16_text), (4 bytes).
    Removing cw32f003_spi.o(.revsh_text), (4 bytes).
    Removing cw32f003_spi.o(i.SPI_BiDirectionalLineConfig), (12 bytes).
    Removing cw32f003_spi.o(i.SPI_ClearFlag), (16 bytes).
    Removing cw32f003_spi.o(i.SPI_ClearITPendingBit), (16 bytes).
    Removing cw32f003_spi.o(i.SPI_Cmd), (28 bytes).
    Removing cw32f003_spi.o(i.SPI_DataSizeConfig), (24 bytes).
    Removing cw32f003_spi.o(i.SPI_DeInit), (36 bytes).
    Removing cw32f003_spi.o(i.SPI_FlushSendBuff), (20 bytes).
    Removing cw32f003_spi.o(i.SPI_GetFlagStatus), (24 bytes).
    Removing cw32f003_spi.o(i.SPI_GetITStatus), (24 bytes).
    Removing cw32f003_spi.o(i.SPI_ITConfig), (32 bytes).
    Removing cw32f003_spi.o(i.SPI_Init), (60 bytes).
    Removing cw32f003_spi.o(i.SPI_MISOOutputConfig), (32 bytes).
    Removing cw32f003_spi.o(i.SPI_NSSInternalSoftwareConfig), (12 bytes).
    Removing cw32f003_spi.o(i.SPI_ReceiveData), (12 bytes).
    Removing cw32f003_spi.o(i.SPI_SendData), (12 bytes).
    Removing cw32f003_spi.o(i.SPI_StructInit), (28 bytes).
    Removing cw32f003_systick.o(.rev16_text), (4 bytes).
    Removing cw32f003_systick.o(.revsh_text), (4 bytes).
    Removing cw32f003_systick.o(i.ResumeTick), (20 bytes).
    Removing cw32f003_systick.o(i.SuspendTick), (20 bytes).
    Removing cw32f003_systick.o(i.SysTickDelay), (44 bytes).
    Removing cw32f003_uart.o(.rev16_text), (4 bytes).
    Removing cw32f003_uart.o(.revsh_text), (4 bytes).
    Removing cw32f003_uart.o(i.UART1_DeInit), (36 bytes).
    Removing cw32f003_uart.o(i.UART2_DeInit), (32 bytes).
    Removing cw32f003_uart.o(i.USART_ClearFlag), (8 bytes).
    Removing cw32f003_uart.o(i.USART_ClockInit), (28 bytes).
    Removing cw32f003_uart.o(i.USART_ClockStructInit), (8 bytes).
    Removing cw32f003_uart.o(i.USART_DirectionModeCmd), (26 bytes).
    Removing cw32f003_uart.o(i.USART_HalfDuplexCmd), (20 bytes).
    Removing cw32f003_uart.o(i.USART_InvPinCmd), (26 bytes).
    Removing cw32f003_uart.o(i.USART_ReceiveData), (10 bytes).
    Removing cw32f003_uart.o(i.USART_SendData), (8 bytes).
    Removing cw32f003_uart.o(i.USART_SetMultiMode), (32 bytes).
    Removing cw32f003_uart.o(i.USART_StructInit), (28 bytes).
    Removing cw32f003_vc.o(.rev16_text), (4 bytes).
    Removing cw32f003_vc.o(.revsh_text), (4 bytes).
    Removing cw32f003_vc.o(i.VC1VC2_BlankInit), (12 bytes).
    Removing cw32f003_vc.o(i.VC1VC2_DIVDeInit), (16 bytes).
    Removing cw32f003_vc.o(i.VC1VC2_DIVInit), (92 bytes).
    Removing cw32f003_vc.o(i.VC1VC2_INNInit), (112 bytes).
    Removing cw32f003_vc.o(i.VC1VC2_OutInit), (8 bytes).
    Removing cw32f003_vc.o(i.VC1_BlankCfg), (36 bytes).
    Removing cw32f003_vc.o(i.VC1_ChannelDeInit), (24 bytes).
    Removing cw32f003_vc.o(i.VC1_ChannelInit), (80 bytes).
    Removing cw32f003_vc.o(i.VC1_ClearIrq), (20 bytes).
    Removing cw32f003_vc.o(i.VC1_DisableChannel), (20 bytes).
    Removing cw32f003_vc.o(i.VC1_DisableFilter), (20 bytes).
    Removing cw32f003_vc.o(i.VC1_DisableIrq), (28 bytes).
    Removing cw32f003_vc.o(i.VC1_EnableChannel), (32 bytes).
    Removing cw32f003_vc.o(i.VC1_EnableFilter), (20 bytes).
    Removing cw32f003_vc.o(i.VC1_EnableIrq), (32 bytes).
    Removing cw32f003_vc.o(i.VC1_GetEnableStatus), (16 bytes).
    Removing cw32f003_vc.o(i.VC1_GetFlagStatus), (24 bytes).
    Removing cw32f003_vc.o(i.VC1_ITConfig), (32 bytes).
    Removing cw32f003_vc.o(i.VC1_OutputCfg), (28 bytes).
    Removing cw32f003_vc.o(i.VC1_PolarityCfg), (36 bytes).
    Removing cw32f003_vc.o(i.VC1_WindowEnable), (36 bytes).
    Removing cw32f003_vc.o(i.VC2_BlankCfg), (36 bytes).
    Removing cw32f003_vc.o(i.VC2_ChannelDeInit), (24 bytes).
    Removing cw32f003_vc.o(i.VC2_ChannelInit), (80 bytes).
    Removing cw32f003_vc.o(i.VC2_ClearIrq), (20 bytes).
    Removing cw32f003_vc.o(i.VC2_DisableChannel), (20 bytes).
    Removing cw32f003_vc.o(i.VC2_DisableFilter), (20 bytes).
    Removing cw32f003_vc.o(i.VC2_DisableIrq), (28 bytes).
    Removing cw32f003_vc.o(i.VC2_EnableChannel), (32 bytes).
    Removing cw32f003_vc.o(i.VC2_EnableFilter), (20 bytes).
    Removing cw32f003_vc.o(i.VC2_EnableIrq), (32 bytes).
    Removing cw32f003_vc.o(i.VC2_GetEnableStatus), (16 bytes).
    Removing cw32f003_vc.o(i.VC2_GetFlagStatus), (24 bytes).
    Removing cw32f003_vc.o(i.VC2_ITConfig), (40 bytes).
    Removing cw32f003_vc.o(i.VC2_OutputCfg), (28 bytes).
    Removing cw32f003_vc.o(i.VC2_PolarityCfg), (36 bytes).
    Removing cw32f003_vc.o(i.VC2_WindowEnable), (36 bytes).
    Removing cw32f003_vc.o(i.VC_DeInit), (40 bytes).
    Removing cw32f003_vc.o(i.VC_DisableNvic), (44 bytes).
    Removing cw32f003_vc.o(i.VC_EnableNvic), (60 bytes).
    Removing cw32f003_vc.o(i.__NVIC_ClearPendingIRQ), (24 bytes).
    Removing cw32f003_vc.o(i.__NVIC_SetPriority), (120 bytes).
    Removing cw32f003_wwdt.o(.rev16_text), (4 bytes).
    Removing cw32f003_wwdt.o(.revsh_text), (4 bytes).
    Removing cw32f003_wwdt.o(i.WWDT_ClearFlag), (20 bytes).
    Removing cw32f003_wwdt.o(i.WWDT_Cmd), (20 bytes).
    Removing cw32f003_wwdt.o(i.WWDT_DeInit), (32 bytes).
    Removing cw32f003_wwdt.o(i.WWDT_EnableIT), (24 bytes).
    Removing cw32f003_wwdt.o(i.WWDT_GetCounterValue), (16 bytes).
    Removing cw32f003_wwdt.o(i.WWDT_GetFlagStatus), (12 bytes).
    Removing cw32f003_wwdt.o(i.WWDT_GetWindowValue), (16 bytes).
    Removing cw32f003_wwdt.o(i.WWDT_Init), (76 bytes).
    Removing cw32f003_wwdt.o(i.WWDT_Refresh), (24 bytes).
    Removing cw32f003_wwdt.o(i.WWDT_SetPrescaler), (24 bytes).
    Removing cw32f003_wwdt.o(i.WWDT_SetWindowValue), (24 bytes).
    Removing system_cw32f003.o(.rev16_text), (4 bytes).
    Removing system_cw32f003.o(.revsh_text), (4 bytes).
    Removing system_cw32f003.o(i.FirmwareDelay), (18 bytes).
    Removing system_cw32f003.o(i.MemClr), (32 bytes).
    Removing startup_cw32f003.o(HEAP), (512 bytes).
    Removing btim1.o(.rev16_text), (4 bytes).
    Removing btim1.o(.revsh_text), (4 bytes).
    Removing seg_dis.o(.rev16_text), (4 bytes).
    Removing seg_dis.o(.revsh_text), (4 bytes).
    Removing adc.o(.rev16_text), (4 bytes).
    Removing adc.o(.revsh_text), (4 bytes).
    Removing adc.o(i.Get_ADC_Value), (48 bytes).
    Removing adc.o(.bss), (40 bytes).
    Removing adc.o(.data), (1 bytes).
    Removing interrupts_cw32f003.o(.rev16_text), (4 bytes).
    Removing interrupts_cw32f003.o(.revsh_text), (4 bytes).
    Removing main.o(.rev16_text), (4 bytes).
    Removing main.o(.revsh_text), (4 bytes).
    Removing log.o(.rev16_text), (4 bytes).
    Removing log.o(.revsh_text), (4 bytes).
    Removing fflti.o(.text), (22 bytes).
    Removing dmul.o(.text), (208 bytes).
    Removing ddiv.o(.text), (240 bytes).
    Removing dfixul.o(.text), (64 bytes).
    Removing cdrcmple.o(.text), (40 bytes).
    Removing cw32f003_iwdt.o(i.IWDT_Cmd), (16 bytes).
    Removing cw32f003_iwdt.o(i.IWDT_Refresh), (16 bytes).
    Removing cw32f003_iwdt.o(i.IWDT_Unlock), (16 bytes).
    Removing cw32f003_iwdt.o(i.IWDT_Lock), (16 bytes).
    Removing cw32f003_iwdt.o(i.IWDT_Stop), (28 bytes).
    Removing cw32f003_iwdt.o(i.IWDT_ClearOVFlag), (20 bytes).

414 unused section(s) (total 13869 bytes) removed from the image.

==============================================================================

Image Symbol Table

    Local Symbols

    Symbol Name                              Value     Ov Type        Size  Object(Section)

    RESET                                    0x00000000   Section      192  startup_cw32f003.o(RESET)
    ../clib/microlib/division.c              0x00000000   Number         0  idiv.o ABSOLUTE
    ../clib/microlib/division.c              0x00000000   Number         0  uldiv.o ABSOLUTE
    ../clib/microlib/division.c              0x00000000   Number         0  uidiv.o ABSOLUTE
    ../clib/microlib/init/entry.s            0x00000000   Number         0  entry7b.o ABSOLUTE
    ../clib/microlib/init/entry.s            0x00000000   Number         0  entry2.o ABSOLUTE
    ../clib/microlib/init/entry.s            0x00000000   Number         0  entry5.o ABSOLUTE
    ../clib/microlib/init/entry.s            0x00000000   Number         0  entry7a.o ABSOLUTE
    ../clib/microlib/init/entry.s            0x00000000   Number         0  entry10a.o ABSOLUTE
    ../clib/microlib/init/entry.s            0x00000000   Number         0  entry9b.o ABSOLUTE
    ../clib/microlib/init/entry.s            0x00000000   Number         0  entry8b.o ABSOLUTE
    ../clib/microlib/init/entry.s            0x00000000   Number         0  entry12a.o ABSOLUTE
    ../clib/microlib/init/entry.s            0x00000000   Number         0  entry11a.o ABSOLUTE
    ../clib/microlib/init/entry.s            0x00000000   Number         0  entry.o ABSOLUTE
    ../clib/microlib/init/entry.s            0x00000000   Number         0  entry11b.o ABSOLUTE
    ../clib/microlib/init/entry.s            0x00000000   Number         0  entry12b.o ABSOLUTE
    ../clib/microlib/init/entry.s            0x00000000   Number         0  entry10b.o ABSOLUTE
    ../clib/microlib/init/entry.s            0x00000000   Number         0  entry9a.o ABSOLUTE
    ../clib/microlib/init/entry.s            0x00000000   Number         0  entry8a.o ABSOLUTE
    ../clib/microlib/longlong.c              0x00000000   Number         0  llushr.o ABSOLUTE
    ../clib/microlib/longlong.c              0x00000000   Number         0  llshl.o ABSOLUTE
    ../clib/microlib/longlong.c              0x00000000   Number         0  llsshr.o ABSOLUTE
    ../clib/microlib/printf/printf.c         0x00000000   Number         0  printfb.o ABSOLUTE
    ../clib/microlib/printf/printf.c         0x00000000   Number         0  printf0.o ABSOLUTE
    ../clib/microlib/printf/printf.c         0x00000000   Number         0  printf2.o ABSOLUTE
    ../clib/microlib/printf/printf.c         0x00000000   Number         0  printf3.o ABSOLUTE
    ../clib/microlib/printf/printf.c         0x00000000   Number         0  printf4.o ABSOLUTE
    ../clib/microlib/printf/printf.c         0x00000000   Number         0  printf6.o ABSOLUTE
    ../clib/microlib/printf/printf.c         0x00000000   Number         0  printf7.o ABSOLUTE
    ../clib/microlib/printf/printf.c         0x00000000   Number         0  printf8.o ABSOLUTE
    ../clib/microlib/printf/printf.c         0x00000000   Number         0  printfa.o ABSOLUTE
    ../clib/microlib/printf/printf.c         0x00000000   Number         0  printf1.o ABSOLUTE
    ../clib/microlib/printf/printf.c         0x00000000   Number         0  printf5.o ABSOLUTE
    ../clib/microlib/stdio/streams.c         0x00000000   Number         0  stdout.o ABSOLUTE
    ../clib/microlib/string/memcpy.c         0x00000000   Number         0  memcpya.o ABSOLUTE
    ../clib/microlib/string/memcpy.c         0x00000000   Number         0  memcpyb.o ABSOLUTE
    ../clib/microlib/string/memset.c         0x00000000   Number         0  memseta.o ABSOLUTE
    ../clib/microlib/stubs.s                 0x00000000   Number         0  iusefp.o ABSOLUTE
    ../fplib/microlib/f2d.c                  0x00000000   Number         0  f2d.o ABSOLUTE
    ../fplib/microlib/fpadd.c                0x00000000   Number         0  fadd.o ABSOLUTE
    ../fplib/microlib/fpadd.c                0x00000000   Number         0  dadd.o ABSOLUTE
    ../fplib/microlib/fpdiv.c                0x00000000   Number         0  ddiv.o ABSOLUTE
    ../fplib/microlib/fpdiv.c                0x00000000   Number         0  fdiv.o ABSOLUTE
    ../fplib/microlib/fpepilogue.c           0x00000000   Number         0  depilogue.o ABSOLUTE
    ../fplib/microlib/fpepilogue.c           0x00000000   Number         0  fepilogue.o ABSOLUTE
    ../fplib/microlib/fpfix.c                0x00000000   Number         0  dfixul.o ABSOLUTE
    ../fplib/microlib/fpfix.c                0x00000000   Number         0  ffixui.o ABSOLUTE
    ../fplib/microlib/fpfix.c                0x00000000   Number         0  dfixui.o ABSOLUTE
    ../fplib/microlib/fpflt.c                0x00000000   Number         0  fflti.o ABSOLUTE
    ../fplib/microlib/fpflt.c                0x00000000   Number         0  ffltui.o ABSOLUTE
    ../fplib/microlib/fpmul.c                0x00000000   Number         0  dmul.o ABSOLUTE
    ../fplib/microlib/fpmul.c                0x00000000   Number         0  fmul.o ABSOLUTE
    Driver\\cw32f003_adc.c                   0x00000000   Number         0  cw32f003_adc.o ABSOLUTE
    Driver\\cw32f003_atim.c                  0x00000000   Number         0  cw32f003_atim.o ABSOLUTE
    Driver\\cw32f003_awt.c                   0x00000000   Number         0  cw32f003_awt.o ABSOLUTE
    Driver\\cw32f003_btim.c                  0x00000000   Number         0  cw32f003_btim.o ABSOLUTE
    Driver\\cw32f003_crc.c                   0x00000000   Number         0  cw32f003_crc.o ABSOLUTE
    Driver\\cw32f003_debug.c                 0x00000000   Number         0  cw32f003_debug.o ABSOLUTE
    Driver\\cw32f003_digitalsign.c           0x00000000   Number         0  cw32f003_digitalsign.o ABSOLUTE
    Driver\\cw32f003_flash.c                 0x00000000   Number         0  cw32f003_flash.o ABSOLUTE
    Driver\\cw32f003_gpio.c                  0x00000000   Number         0  cw32f003_gpio.o ABSOLUTE
    Driver\\cw32f003_gtim.c                  0x00000000   Number         0  cw32f003_gtim.o ABSOLUTE
    Driver\\cw32f003_i2c.c                   0x00000000   Number         0  cw32f003_i2c.o ABSOLUTE
    Driver\\cw32f003_iwdt.c                  0x00000000   Number         0  cw32f003_iwdt.o ABSOLUTE
    Driver\\cw32f003_lvd.c                   0x00000000   Number         0  cw32f003_lvd.o ABSOLUTE
    Driver\\cw32f003_pwr.c                   0x00000000   Number         0  cw32f003_pwr.o ABSOLUTE
    Driver\\cw32f003_ram.c                   0x00000000   Number         0  cw32f003_ram.o ABSOLUTE
    Driver\\cw32f003_rcc.c                   0x00000000   Number         0  cw32f003_rcc.o ABSOLUTE
    Driver\\cw32f003_spi.c                   0x00000000   Number         0  cw32f003_spi.o ABSOLUTE
    Driver\\cw32f003_systick.c               0x00000000   Number         0  cw32f003_systick.o ABSOLUTE
    Driver\\cw32f003_uart.c                  0x00000000   Number         0  cw32f003_uart.o ABSOLUTE
    Driver\\cw32f003_vc.c                    0x00000000   Number         0  cw32f003_vc.o ABSOLUTE
    Driver\\cw32f003_wwdt.c                  0x00000000   Number         0  cw32f003_wwdt.o ABSOLUTE
    Driver\\system_cw32f003.c                0x00000000   Number         0  system_cw32f003.o ABSOLUTE
    Driver\cw32f003_adc.c                    0x00000000   Number         0  cw32f003_adc.o ABSOLUTE
    Driver\cw32f003_atim.c                   0x00000000   Number         0  cw32f003_atim.o ABSOLUTE
    Driver\cw32f003_awt.c                    0x00000000   Number         0  cw32f003_awt.o ABSOLUTE
    Driver\cw32f003_btim.c                   0x00000000   Number         0  cw32f003_btim.o ABSOLUTE
    Driver\cw32f003_crc.c                    0x00000000   Number         0  cw32f003_crc.o ABSOLUTE
    Driver\cw32f003_debug.c                  0x00000000   Number         0  cw32f003_debug.o ABSOLUTE
    Driver\cw32f003_digitalsign.c            0x00000000   Number         0  cw32f003_digitalsign.o ABSOLUTE
    Driver\cw32f003_flash.c                  0x00000000   Number         0  cw32f003_flash.o ABSOLUTE
    Driver\cw32f003_gpio.c                   0x00000000   Number         0  cw32f003_gpio.o ABSOLUTE
    Driver\cw32f003_gtim.c                   0x00000000   Number         0  cw32f003_gtim.o ABSOLUTE
    Driver\cw32f003_i2c.c                    0x00000000   Number         0  cw32f003_i2c.o ABSOLUTE
    Driver\cw32f003_iwdt.c                   0x00000000   Number         0  cw32f003_iwdt.o ABSOLUTE
    Driver\cw32f003_lvd.c                    0x00000000   Number         0  cw32f003_lvd.o ABSOLUTE
    Driver\cw32f003_pwr.c                    0x00000000   Number         0  cw32f003_pwr.o ABSOLUTE
    Driver\cw32f003_ram.c                    0x00000000   Number         0  cw32f003_ram.o ABSOLUTE
    Driver\cw32f003_rcc.c                    0x00000000   Number         0  cw32f003_rcc.o ABSOLUTE
    Driver\cw32f003_spi.c                    0x00000000   Number         0  cw32f003_spi.o ABSOLUTE
    Driver\cw32f003_systick.c                0x00000000   Number         0  cw32f003_systick.o ABSOLUTE
    Driver\cw32f003_uart.c                   0x00000000   Number         0  cw32f003_uart.o ABSOLUTE
    Driver\cw32f003_vc.c                     0x00000000   Number         0  cw32f003_vc.o ABSOLUTE
    Driver\cw32f003_wwdt.c                   0x00000000   Number         0  cw32f003_wwdt.o ABSOLUTE
    Driver\startup_cw32f003.s                0x00000000   Number         0  startup_cw32f003.o ABSOLUTE
    Driver\system_cw32f003.c                 0x00000000   Number         0  system_cw32f003.o ABSOLUTE
    Hardware\ADC.c                           0x00000000   Number         0  adc.o ABSOLUTE
    Hardware\BTIM1.c                         0x00000000   Number         0  btim1.o ABSOLUTE
    Hardware\Seg_Dis.c                       0x00000000   Number         0  seg_dis.o ABSOLUTE
    Hardware\\ADC.c                          0x00000000   Number         0  adc.o ABSOLUTE
    Hardware\\BTIM1.c                        0x00000000   Number         0  btim1.o ABSOLUTE
    Hardware\\Seg_Dis.c                      0x00000000   Number         0  seg_dis.o ABSOLUTE
    User\\interrupts_cw32f003.c              0x00000000   Number         0  interrupts_cw32f003.o ABSOLUTE
    User\\log.c                              0x00000000   Number         0  log.o ABSOLUTE
    User\\main.c                             0x00000000   Number         0  main.o ABSOLUTE
    User\interrupts_cw32f003.c               0x00000000   Number         0  interrupts_cw32f003.o ABSOLUTE
    User\log.c                               0x00000000   Number         0  log.o ABSOLUTE
    User\main.c                              0x00000000   Number         0  main.o ABSOLUTE
    cdrcmple.s                               0x00000000   Number         0  cdrcmple.o ABSOLUTE
    dc.s                                     0x00000000   Number         0  dc.o ABSOLUTE
    handlers.s                               0x00000000   Number         0  handlers.o ABSOLUTE
    init.s                                   0x00000000   Number         0  init.o ABSOLUTE
    .ARM.Collect$$$$00000000                 0x000000c0   Section        0  entry.o(.ARM.Collect$$$$00000000)
    .ARM.Collect$$$$00000001                 0x000000c0   Section        4  entry2.o(.ARM.Collect$$$$00000001)
    .ARM.Collect$$$$00000004                 0x000000c4   Section        4  entry5.o(.ARM.Collect$$$$00000004)
    .ARM.Collect$$$$00000008                 0x000000c8   Section        0  entry7b.o(.ARM.Collect$$$$00000008)
    .ARM.Collect$$$$0000000A                 0x000000c8   Section        0  entry8b.o(.ARM.Collect$$$$0000000A)
    .ARM.Collect$$$$0000000B                 0x000000c8   Section        8  entry9a.o(.ARM.Collect$$$$0000000B)
    .ARM.Collect$$$$0000000E                 0x000000d0   Section        4  entry12b.o(.ARM.Collect$$$$0000000E)
    .ARM.Collect$$$$0000000F                 0x000000d4   Section        0  entry10a.o(.ARM.Collect$$$$0000000F)
    .ARM.Collect$$$$00000011                 0x000000d4   Section        0  entry11a.o(.ARM.Collect$$$$00000011)
    .ARM.Collect$$$$00002712                 0x000000d4   Section        4  entry2.o(.ARM.Collect$$$$00002712)
    __lit__00000000                          0x000000d4   Data           4  entry2.o(.ARM.Collect$$$$00002712)
    .text                                    0x000000d8   Section       40  startup_cw32f003.o(.text)
    .text                                    0x00000100   Section        0  uidiv.o(.text)
    .text                                    0x0000012c   Section        0  idiv.o(.text)
    .text                                    0x00000154   Section        0  memcpya.o(.text)
    .text                                    0x00000178   Section        0  memseta.o(.text)
    .text                                    0x0000019c   Section        0  fadd.o(.text)
    .text                                    0x0000024e   Section        0  fmul.o(.text)
    .text                                    0x000002c8   Section        0  fdiv.o(.text)
    .text                                    0x00000344   Section        0  dadd.o(.text)
    .text                                    0x000004ac   Section        0  ffltui.o(.text)
    .text                                    0x000004ba   Section        0  ffixui.o(.text)
    .text                                    0x000004e4   Section        0  dfixui.o(.text)
    .text                                    0x00000520   Section        0  f2d.o(.text)
    .text                                    0x00000548   Section        0  llshl.o(.text)
    .text                                    0x00000568   Section        0  llushr.o(.text)
    .text                                    0x0000058a   Section        0  llsshr.o(.text)
    .text                                    0x000005b0   Section        0  iusefp.o(.text)
    .text                                    0x000005b0   Section        0  fepilogue.o(.text)
    .text                                    0x00000632   Section        0  depilogue.o(.text)
    .text                                    0x000006f0   Section       36  init.o(.text)
    i.ADC_BufEnSerialCh                      0x00000714   Section        0  cw32f003_adc.o(i.ADC_BufEnSerialCh)
    i.ADC_ClearITPendingAll                  0x00000758   Section        0  cw32f003_adc.o(i.ADC_ClearITPendingAll)
    i.ADC_Enable                             0x0000076c   Section        0  cw32f003_adc.o(i.ADC_Enable)
    i.ADC_GetITStatus                        0x0000078c   Section        0  cw32f003_adc.o(i.ADC_GetITStatus)
    i.ADC_GetSqr0Result                      0x000007a4   Section        0  cw32f003_adc.o(i.ADC_GetSqr0Result)
    i.ADC_IRQHandler                         0x000007b8   Section        0  interrupts_cw32f003.o(i.ADC_IRQHandler)
    i.ADC_Init                               0x000007c4   Section        0  cw32f003_adc.o(i.ADC_Init)
    i.ADC_SerialChCommon                     0x00000848   Section        0  cw32f003_adc.o(i.ADC_SerialChCommon)
    i.ADC_SerialChContinuousModeCfg          0x0000089c   Section        0  cw32f003_adc.o(i.ADC_SerialChContinuousModeCfg)
    i.ADC_SoftwareStartConvCmd               0x000008bc   Section        0  cw32f003_adc.o(i.ADC_SoftwareStartConvCmd)
    i.ADC_Sqr01ChannelCfg                    0x000008e0   Section        0  cw32f003_adc.o(i.ADC_Sqr01ChannelCfg)
    i.ADC_Sqr02ChannelCfg                    0x00000914   Section        0  cw32f003_adc.o(i.ADC_Sqr02ChannelCfg)
    i.ADC_Sqr03ChannelCfg                    0x00000954   Section        0  cw32f003_adc.o(i.ADC_Sqr03ChannelCfg)
    i.ADC_Sqr0ChannelCfg                     0x0000099c   Section        0  cw32f003_adc.o(i.ADC_Sqr0ChannelCfg)
    i.ADC_StructInit                         0x000009c4   Section        0  cw32f003_adc.o(i.ADC_StructInit)
    i.ADC_init                               0x000009dc   Section        0  adc.o(i.ADC_init)
    i.ATIM_IRQHandler                        0x00000a64   Section        0  interrupts_cw32f003.o(i.ATIM_IRQHandler)
    i.AWT_IRQHandler                         0x00000a66   Section        0  interrupts_cw32f003.o(i.AWT_IRQHandler)
    i.BTIM1_IRQHandler                       0x00000a68   Section        0  interrupts_cw32f003.o(i.BTIM1_IRQHandler)
    i.BTIM2_IRQHandler                       0x00000ab0   Section        0  interrupts_cw32f003.o(i.BTIM2_IRQHandler)
    i.BTIM3_IRQHandler                       0x00000ab2   Section        0  interrupts_cw32f003.o(i.BTIM3_IRQHandler)
    i.BTIM_ClearITPendingBit                 0x00000ab4   Section        0  cw32f003_btim.o(i.BTIM_ClearITPendingBit)
    i.BTIM_Cmd                               0x00000abc   Section        0  cw32f003_btim.o(i.BTIM_Cmd)
    i.BTIM_GetITStatus                       0x00000ad4   Section        0  cw32f003_btim.o(i.BTIM_GetITStatus)
    i.BTIM_ITConfig                          0x00000ae6   Section        0  cw32f003_btim.o(i.BTIM_ITConfig)
    i.BTIM_TimeBaseInit                      0x00000afc   Section        0  cw32f003_btim.o(i.BTIM_TimeBaseInit)
    i.Btim1_Init                             0x00000b1c   Section        0  btim1.o(i.Btim1_Init)
    i.Close_Com                              0x00000b84   Section        0  seg_dis.o(i.Close_Com)
    i.Dis_Refresh                            0x00000bb0   Section        0  seg_dis.o(i.Dis_Refresh)
    i.Display                                0x00000be8   Section        0  seg_dis.o(i.Display)
    i.FLASHRAM_IRQHandler                    0x00000ca4   Section        0  interrupts_cw32f003.o(i.FLASHRAM_IRQHandler)
    i.FLASH_SetLatency                       0x00000ca8   Section        0  cw32f003_flash.o(i.FLASH_SetLatency)
    i.GPIOA_IRQHandler                       0x00000ccc   Section        0  interrupts_cw32f003.o(i.GPIOA_IRQHandler)
    i.GPIOB_IRQHandler                       0x00000cce   Section        0  interrupts_cw32f003.o(i.GPIOB_IRQHandler)
    i.GPIOC_IRQHandler                       0x00000cd0   Section        0  interrupts_cw32f003.o(i.GPIOC_IRQHandler)
    i.GPIO_Init                              0x00000cd2   Section        0  cw32f003_gpio.o(i.GPIO_Init)
    i.GPIO_WritePin                          0x00000db4   Section        0  cw32f003_gpio.o(i.GPIO_WritePin)
    i.GTIM_IRQHandler                        0x00000dc0   Section        0  interrupts_cw32f003.o(i.GTIM_IRQHandler)
    i.GetTick                                0x00000dc4   Section        0  cw32f003_systick.o(i.GetTick)
    i.HardFault_Handler                      0x00000dd0   Section        0  interrupts_cw32f003.o(i.HardFault_Handler)
    i.I2C_IRQHandler                         0x00000dd4   Section        0  interrupts_cw32f003.o(i.I2C_IRQHandler)
    i.InitTick                               0x00000dd8   Section        0  cw32f003_systick.o(i.InitTick)
    i.LVD_IRQHandler                         0x00000e44   Section        0  interrupts_cw32f003.o(i.LVD_IRQHandler)
    i.LogInit                                0x00000e46   Section        0  log.o(i.LogInit)
    i.NMI_Handler                            0x00000e52   Section        0  interrupts_cw32f003.o(i.NMI_Handler)
    i.PendSV_Handler                         0x00000e54   Section        0  interrupts_cw32f003.o(i.PendSV_Handler)
    i.RCC_Configuration                      0x00000e58   Section        0  main.o(i.RCC_Configuration)
    i.RCC_HCLKPRS_Config                     0x00000e84   Section        0  cw32f003_rcc.o(i.RCC_HCLKPRS_Config)
    i.RCC_HSI_Enable                         0x00000ea4   Section        0  cw32f003_rcc.o(i.RCC_HSI_Enable)
    i.RCC_PCLKPRS_Config                     0x00000edc   Section        0  cw32f003_rcc.o(i.RCC_PCLKPRS_Config)
    i.RCC_SYSCLKSRC_Config                   0x00000efc   Section        0  cw32f003_rcc.o(i.RCC_SYSCLKSRC_Config)
    i.RCC_Sysctrl_GetHClkFreq                0x00000f2c   Section        0  cw32f003_rcc.o(i.RCC_Sysctrl_GetHClkFreq)
    i.RCC_SystemCoreClockUpdate              0x00000fa4   Section        0  cw32f003_rcc.o(i.RCC_SystemCoreClockUpdate)
    i.SPI_IRQHandler                         0x00000fb0   Section        0  interrupts_cw32f003.o(i.SPI_IRQHandler)
    i.SVC_Handler                            0x00000fb2   Section        0  interrupts_cw32f003.o(i.SVC_Handler)
    i.SYSCTRL_IRQHandler                     0x00000fb4   Section        0  interrupts_cw32f003.o(i.SYSCTRL_IRQHandler)
    i.Seg_Dis                                0x00000fb8   Section        0  seg_dis.o(i.Seg_Dis)
    i.Seg_Init                               0x000010f4   Section        0  seg_dis.o(i.Seg_Init)
    i.SerialInit                             0x00001178   Section        0  log.o(i.SerialInit)
    SerialInit                               0x00001179   Thumb Code   242  log.o(i.SerialInit)
    i.SerialSend                             0x00001280   Section        0  log.o(i.SerialSend)
    SerialSend                               0x00001281   Thumb Code    28  log.o(i.SerialSend)
    i.SysTick_Handler                        0x000012a0   Section        0  cw32f003_systick.o(i.SysTick_Handler)
    i.SystemCoreClockUpdate                  0x000012b8   Section        0  system_cw32f003.o(i.SystemCoreClockUpdate)
    i.SystemInit                             0x000012c8   Section        0  system_cw32f003.o(i.SystemInit)
    i.UART1_IRQHandler                       0x00001304   Section        0  interrupts_cw32f003.o(i.UART1_IRQHandler)
    i.UART2_IRQHandler                       0x00001308   Section        0  log.o(i.UART2_IRQHandler)
    i.USART_ClearITPendingBit                0x0000132c   Section        0  cw32f003_uart.o(i.USART_ClearITPendingBit)
    i.USART_GetFlagStatus                    0x00001334   Section        0  cw32f003_uart.o(i.USART_GetFlagStatus)
    i.USART_GetITStatus                      0x00001346   Section        0  cw32f003_uart.o(i.USART_GetITStatus)
    i.USART_ITConfig                         0x00001358   Section        0  cw32f003_uart.o(i.USART_ITConfig)
    i.USART_Init                             0x00001374   Section        0  cw32f003_uart.o(i.USART_Init)
    i.USART_ReceiveData_8bit                 0x000014e8   Section        0  cw32f003_uart.o(i.USART_ReceiveData_8bit)
    i.USART_SendData_8bit                    0x000014f0   Section        0  cw32f003_uart.o(i.USART_SendData_8bit)
    i.VC1_IRQHandler                         0x000014f4   Section        0  interrupts_cw32f003.o(i.VC1_IRQHandler)
    i.VC2_IRQHandler                         0x000014f6   Section        0  interrupts_cw32f003.o(i.VC2_IRQHandler)
    i.Volt_Cal                               0x000014f8   Section        0  main.o(i.Volt_Cal)
    i.WDT_IRQHandler                         0x00001554   Section        0  interrupts_cw32f003.o(i.WDT_IRQHandler)
    i.__0printf$bare                         0x00001558   Section        0  printfb.o(i.__0printf$bare)
    i.__ARM_clz                              0x0000156c   Section        0  depilogue.o(i.__ARM_clz)
    i.__ARM_common_switch8                   0x0000159a   Section        0  cw32f003_i2c.o(i.__ARM_common_switch8)
    i.__NVIC_SetPriority                     0x000015b8   Section        0  cw32f003_systick.o(i.__NVIC_SetPriority)
    __NVIC_SetPriority                       0x000015b9   Thumb Code   110  cw32f003_systick.o(i.__NVIC_SetPriority)
    i.__scatterload_copy                     0x00001630   Section       14  handlers.o(i.__scatterload_copy)
    i.__scatterload_null                     0x0000163e   Section        2  handlers.o(i.__scatterload_null)
    i.__scatterload_zeroinit                 0x00001640   Section       14  handlers.o(i.__scatterload_zeroinit)
    i._printf_core                           0x0000164e   Section        0  printfb.o(i._printf_core)
    _printf_core                             0x0000164f   Thumb Code    30  printfb.o(i._printf_core)
    i.fputc                                  0x0000166c   Section        0  log.o(i.fputc)
    i.main                                   0x0000167c   Section        0  main.o(i.main)
    .constdata                               0x00001730   Section       64  cw32f003_rcc.o(.constdata)
    .constdata                               0x00001770   Section        8  log.o(.constdata)
    pow2_table                               0x00001770   Data           8  log.o(.constdata)
    .data                                    0x20000000   Section        9  cw32f003_systick.o(.data)
    .data                                    0x2000000c   Section        4  system_cw32f003.o(.data)
    .data                                    0x20000010   Section       24  seg_dis.o(.data)
    num                                      0x20000027   Data           1  seg_dis.o(.data)
    .data                                    0x20000028   Section        4  interrupts_cw32f003.o(.data)
    Cnt                                      0x20000028   Data           4  interrupts_cw32f003.o(.data)
    .data                                    0x2000002c   Section       16  main.o(.data)
    .data                                    0x2000003c   Section        4  stdout.o(.data)
    STACK                                    0x20000040   Section      512  startup_cw32f003.o(STACK)

    Global Symbols

    Symbol Name                              Value     Ov Type        Size  Object(Section)

    BuildAttributes$$THM_ISAv3M$S$PE$A:L22$X:L11$S22$IEEE1$IW$USESV6$~STKCKD$USESV7$~SHL$OTIME$ROPI$EBA8$MICROLIB$REQ8$PRES8$EABIv2 0x00000000   Number         0  anon$$obj.o ABSOLUTE
    __ARM_use_no_argv                        0x00000000   Number         0  main.o ABSOLUTE
    __Vectors                                0x00000000   Data           0  startup_cw32f003.o(RESET)
    __arm_fini_                               - Undefined Weak Reference
    __cpp_initialize__aeabi_                  - Undefined Weak Reference
    __cxa_finalize                            - Undefined Weak Reference
    __decompress                              - Undefined Weak Reference
    _clock_init                               - Undefined Weak Reference
    _microlib_exit                            - Undefined Weak Reference
    __Vectors_End                            0x000000c0   Data           0  startup_cw32f003.o(RESET)
    __Vectors_Size                           0x000000c0   Number         0  startup_cw32f003.o ABSOLUTE
    __main                                   0x000000c1   Thumb Code     0  entry.o(.ARM.Collect$$$$00000000)
    _main_stk                                0x000000c1   Thumb Code     0  entry2.o(.ARM.Collect$$$$00000001)
    _main_scatterload                        0x000000c5   Thumb Code     0  entry5.o(.ARM.Collect$$$$00000004)
    __main_after_scatterload                 0x000000c9   Thumb Code     0  entry5.o(.ARM.Collect$$$$00000004)
    _main_clock                              0x000000c9   Thumb Code     0  entry7b.o(.ARM.Collect$$$$00000008)
    _main_cpp_init                           0x000000c9   Thumb Code     0  entry8b.o(.ARM.Collect$$$$0000000A)
    _main_init                               0x000000c9   Thumb Code     0  entry9a.o(.ARM.Collect$$$$0000000B)
    __rt_lib_shutdown_fini                   0x000000d1   Thumb Code     0  entry12b.o(.ARM.Collect$$$$0000000E)
    __rt_final_cpp                           0x000000d5   Thumb Code     0  entry10a.o(.ARM.Collect$$$$0000000F)
    __rt_final_exit                          0x000000d5   Thumb Code     0  entry11a.o(.ARM.Collect$$$$00000011)
    Reset_Handler                            0x000000d9   Thumb Code    14  startup_cw32f003.o(.text)
    __aeabi_uidiv                            0x00000101   Thumb Code     0  uidiv.o(.text)
    __aeabi_uidivmod                         0x00000101   Thumb Code    44  uidiv.o(.text)
    __aeabi_idiv                             0x0000012d   Thumb Code     0  idiv.o(.text)
    __aeabi_idivmod                          0x0000012d   Thumb Code    40  idiv.o(.text)
    __aeabi_memcpy                           0x00000155   Thumb Code    36  memcpya.o(.text)
    __aeabi_memcpy4                          0x00000155   Thumb Code     0  memcpya.o(.text)
    __aeabi_memcpy8                          0x00000155   Thumb Code     0  memcpya.o(.text)
    __aeabi_memset                           0x00000179   Thumb Code    14  memseta.o(.text)
    __aeabi_memset4                          0x00000179   Thumb Code     0  memseta.o(.text)
    __aeabi_memset8                          0x00000179   Thumb Code     0  memseta.o(.text)
    __aeabi_memclr                           0x00000187   Thumb Code     4  memseta.o(.text)
    __aeabi_memclr4                          0x00000187   Thumb Code     0  memseta.o(.text)
    __aeabi_memclr8                          0x00000187   Thumb Code     0  memseta.o(.text)
    _memset$wrapper                          0x0000018b   Thumb Code    18  memseta.o(.text)
    __aeabi_fadd                             0x0000019d   Thumb Code   162  fadd.o(.text)
    __aeabi_fsub                             0x0000023f   Thumb Code     8  fadd.o(.text)
    __aeabi_frsub                            0x00000247   Thumb Code     8  fadd.o(.text)
    __aeabi_fmul                             0x0000024f   Thumb Code   122  fmul.o(.text)
    __aeabi_fdiv                             0x000002c9   Thumb Code   124  fdiv.o(.text)
    __aeabi_dadd                             0x00000345   Thumb Code   330  dadd.o(.text)
    __aeabi_dsub                             0x0000048f   Thumb Code    12  dadd.o(.text)
    __aeabi_drsub                            0x0000049b   Thumb Code    12  dadd.o(.text)
    __aeabi_ui2f                             0x000004ad   Thumb Code    14  ffltui.o(.text)
    __aeabi_f2uiz                            0x000004bb   Thumb Code    40  ffixui.o(.text)
    __aeabi_d2uiz                            0x000004e5   Thumb Code    50  dfixui.o(.text)
    __aeabi_f2d                              0x00000521   Thumb Code    40  f2d.o(.text)
    __aeabi_llsl                             0x00000549   Thumb Code    32  llshl.o(.text)
    _ll_shift_l                              0x00000549   Thumb Code     0  llshl.o(.text)
    __aeabi_llsr                             0x00000569   Thumb Code    34  llushr.o(.text)
    _ll_ushift_r                             0x00000569   Thumb Code     0  llushr.o(.text)
    __aeabi_lasr                             0x0000058b   Thumb Code    38  llsshr.o(.text)
    _ll_sshift_r                             0x0000058b   Thumb Code     0  llsshr.o(.text)
    __I$use$fp                               0x000005b1   Thumb Code     0  iusefp.o(.text)
    _float_round                             0x000005b1   Thumb Code    16  fepilogue.o(.text)
    _float_epilogue                          0x000005c1   Thumb Code   114  fepilogue.o(.text)
    _double_round                            0x00000633   Thumb Code    26  depilogue.o(.text)
    _double_epilogue                         0x0000064d   Thumb Code   164  depilogue.o(.text)
    __scatterload                            0x000006f1   Thumb Code    28  init.o(.text)
    __scatterload_rt2                        0x000006f1   Thumb Code     0  init.o(.text)
    ADC_BufEnSerialCh                        0x00000715   Thumb Code    62  cw32f003_adc.o(i.ADC_BufEnSerialCh)
    ADC_ClearITPendingAll                    0x00000759   Thumb Code    14  cw32f003_adc.o(i.ADC_ClearITPendingAll)
    ADC_Enable                               0x0000076d   Thumb Code    28  cw32f003_adc.o(i.ADC_Enable)
    ADC_GetITStatus                          0x0000078d   Thumb Code    20  cw32f003_adc.o(i.ADC_GetITStatus)
    ADC_GetSqr0Result                        0x000007a5   Thumb Code    16  cw32f003_adc.o(i.ADC_GetSqr0Result)
    ADC_IRQHandler                           0x000007b9   Thumb Code     8  interrupts_cw32f003.o(i.ADC_IRQHandler)
    ADC_Init                                 0x000007c5   Thumb Code   116  cw32f003_adc.o(i.ADC_Init)
    ADC_SerialChCommon                       0x00000849   Thumb Code    82  cw32f003_adc.o(i.ADC_SerialChCommon)
    ADC_SerialChContinuousModeCfg            0x0000089d   Thumb Code    26  cw32f003_adc.o(i.ADC_SerialChContinuousModeCfg)
    ADC_SoftwareStartConvCmd                 0x000008bd   Thumb Code    32  cw32f003_adc.o(i.ADC_SoftwareStartConvCmd)
    ADC_Sqr01ChannelCfg                      0x000008e1   Thumb Code    44  cw32f003_adc.o(i.ADC_Sqr01ChannelCfg)
    ADC_Sqr02ChannelCfg                      0x00000915   Thumb Code    56  cw32f003_adc.o(i.ADC_Sqr02ChannelCfg)
    ADC_Sqr03ChannelCfg                      0x00000955   Thumb Code    68  cw32f003_adc.o(i.ADC_Sqr03ChannelCfg)
    ADC_Sqr0ChannelCfg                       0x0000099d   Thumb Code    32  cw32f003_adc.o(i.ADC_Sqr0ChannelCfg)
    ADC_StructInit                           0x000009c5   Thumb Code    24  cw32f003_adc.o(i.ADC_StructInit)
    ADC_init                                 0x000009dd   Thumb Code   126  adc.o(i.ADC_init)
    ATIM_IRQHandler                          0x00000a65   Thumb Code     2  interrupts_cw32f003.o(i.ATIM_IRQHandler)
    AWT_IRQHandler                           0x00000a67   Thumb Code     2  interrupts_cw32f003.o(i.AWT_IRQHandler)
    BTIM1_IRQHandler                         0x00000a69   Thumb Code    60  interrupts_cw32f003.o(i.BTIM1_IRQHandler)
    BTIM2_IRQHandler                         0x00000ab1   Thumb Code     2  interrupts_cw32f003.o(i.BTIM2_IRQHandler)
    BTIM3_IRQHandler                         0x00000ab3   Thumb Code     2  interrupts_cw32f003.o(i.BTIM3_IRQHandler)
    BTIM_ClearITPendingBit                   0x00000ab5   Thumb Code     8  cw32f003_btim.o(i.BTIM_ClearITPendingBit)
    BTIM_Cmd                                 0x00000abd   Thumb Code    24  cw32f003_btim.o(i.BTIM_Cmd)
    BTIM_GetITStatus                         0x00000ad5   Thumb Code    18  cw32f003_btim.o(i.BTIM_GetITStatus)
    BTIM_ITConfig                            0x00000ae7   Thumb Code    20  cw32f003_btim.o(i.BTIM_ITConfig)
    BTIM_TimeBaseInit                        0x00000afd   Thumb Code    28  cw32f003_btim.o(i.BTIM_TimeBaseInit)
    Btim1_Init                               0x00000b1d   Thumb Code    88  btim1.o(i.Btim1_Init)
    Close_Com                                0x00000b85   Thumb Code    34  seg_dis.o(i.Close_Com)
    Dis_Refresh                              0x00000bb1   Thumb Code    46  seg_dis.o(i.Dis_Refresh)
    Display                                  0x00000be9   Thumb Code   184  seg_dis.o(i.Display)
    FLASHRAM_IRQHandler                      0x00000ca5   Thumb Code     2  interrupts_cw32f003.o(i.FLASHRAM_IRQHandler)
    FLASH_SetLatency                         0x00000ca9   Thumb Code    24  cw32f003_flash.o(i.FLASH_SetLatency)
    GPIOA_IRQHandler                         0x00000ccd   Thumb Code     2  interrupts_cw32f003.o(i.GPIOA_IRQHandler)
    GPIOB_IRQHandler                         0x00000ccf   Thumb Code     2  interrupts_cw32f003.o(i.GPIOB_IRQHandler)
    GPIOC_IRQHandler                         0x00000cd1   Thumb Code     2  interrupts_cw32f003.o(i.GPIOC_IRQHandler)
    GPIO_Init                                0x00000cd3   Thumb Code   226  cw32f003_gpio.o(i.GPIO_Init)
    GPIO_WritePin                            0x00000db5   Thumb Code    12  cw32f003_gpio.o(i.GPIO_WritePin)
    GTIM_IRQHandler                          0x00000dc1   Thumb Code     2  interrupts_cw32f003.o(i.GTIM_IRQHandler)
    GetTick                                  0x00000dc5   Thumb Code     6  cw32f003_systick.o(i.GetTick)
    HardFault_Handler                        0x00000dd1   Thumb Code     4  interrupts_cw32f003.o(i.HardFault_Handler)
    I2C_IRQHandler                           0x00000dd5   Thumb Code     2  interrupts_cw32f003.o(i.I2C_IRQHandler)
    InitTick                                 0x00000dd9   Thumb Code    90  cw32f003_systick.o(i.InitTick)
    LVD_IRQHandler                           0x00000e45   Thumb Code     2  interrupts_cw32f003.o(i.LVD_IRQHandler)
    LogInit                                  0x00000e47   Thumb Code    12  log.o(i.LogInit)
    NMI_Handler                              0x00000e53   Thumb Code     2  interrupts_cw32f003.o(i.NMI_Handler)
    PendSV_Handler                           0x00000e55   Thumb Code     2  interrupts_cw32f003.o(i.PendSV_Handler)
    RCC_Configuration                        0x00000e59   Thumb Code    40  main.o(i.RCC_Configuration)
    RCC_HCLKPRS_Config                       0x00000e85   Thumb Code    20  cw32f003_rcc.o(i.RCC_HCLKPRS_Config)
    RCC_HSI_Enable                           0x00000ea5   Thumb Code    42  cw32f003_rcc.o(i.RCC_HSI_Enable)
    RCC_PCLKPRS_Config                       0x00000edd   Thumb Code    20  cw32f003_rcc.o(i.RCC_PCLKPRS_Config)
    RCC_SYSCLKSRC_Config                     0x00000efd   Thumb Code    34  cw32f003_rcc.o(i.RCC_SYSCLKSRC_Config)
    RCC_Sysctrl_GetHClkFreq                  0x00000f2d   Thumb Code    98  cw32f003_rcc.o(i.RCC_Sysctrl_GetHClkFreq)
    RCC_SystemCoreClockUpdate                0x00000fa5   Thumb Code     6  cw32f003_rcc.o(i.RCC_SystemCoreClockUpdate)
    SPI_IRQHandler                           0x00000fb1   Thumb Code     2  interrupts_cw32f003.o(i.SPI_IRQHandler)
    SVC_Handler                              0x00000fb3   Thumb Code     2  interrupts_cw32f003.o(i.SVC_Handler)
    SYSCTRL_IRQHandler                       0x00000fb5   Thumb Code     2  interrupts_cw32f003.o(i.SYSCTRL_IRQHandler)
    Seg_Dis                                  0x00000fb9   Thumb Code   304  seg_dis.o(i.Seg_Dis)
    Seg_Init                                 0x000010f5   Thumb Code   114  seg_dis.o(i.Seg_Init)
    SysTick_Handler                          0x000012a1   Thumb Code    16  cw32f003_systick.o(i.SysTick_Handler)
    SystemCoreClockUpdate                    0x000012b9   Thumb Code     8  system_cw32f003.o(i.SystemCoreClockUpdate)
    SystemInit                               0x000012c9   Thumb Code    50  system_cw32f003.o(i.SystemInit)
    UART1_IRQHandler                         0x00001305   Thumb Code     2  interrupts_cw32f003.o(i.UART1_IRQHandler)
    UART2_IRQHandler                         0x00001309   Thumb Code    32  log.o(i.UART2_IRQHandler)
    USART_ClearITPendingBit                  0x0000132d   Thumb Code     8  cw32f003_uart.o(i.USART_ClearITPendingBit)
    USART_GetFlagStatus                      0x00001335   Thumb Code    18  cw32f003_uart.o(i.USART_GetFlagStatus)
    USART_GetITStatus                        0x00001347   Thumb Code    18  cw32f003_uart.o(i.USART_GetITStatus)
    USART_ITConfig                           0x00001359   Thumb Code    26  cw32f003_uart.o(i.USART_ITConfig)
    USART_Init                               0x00001375   Thumb Code   362  cw32f003_uart.o(i.USART_Init)
    USART_ReceiveData_8bit                   0x000014e9   Thumb Code     8  cw32f003_uart.o(i.USART_ReceiveData_8bit)
    USART_SendData_8bit                      0x000014f1   Thumb Code     4  cw32f003_uart.o(i.USART_SendData_8bit)
    VC1_IRQHandler                           0x000014f5   Thumb Code     2  interrupts_cw32f003.o(i.VC1_IRQHandler)
    VC2_IRQHandler                           0x000014f7   Thumb Code     2  interrupts_cw32f003.o(i.VC2_IRQHandler)
    Volt_Cal                                 0x000014f9   Thumb Code    82  main.o(i.Volt_Cal)
    WDT_IRQHandler                           0x00001555   Thumb Code     2  interrupts_cw32f003.o(i.WDT_IRQHandler)
    __0printf$bare                           0x00001559   Thumb Code    12  printfb.o(i.__0printf$bare)
    __1printf$bare                           0x00001559   Thumb Code     0  printfb.o(i.__0printf$bare)
    __2printf                                0x00001559   Thumb Code     0  printfb.o(i.__0printf$bare)
    __ARM_clz                                0x0000156d   Thumb Code    46  depilogue.o(i.__ARM_clz)
    __ARM_common_switch8                     0x0000159b   Thumb Code    28  cw32f003_i2c.o(i.__ARM_common_switch8)
    __scatterload_copy                       0x00001631   Thumb Code    14  handlers.o(i.__scatterload_copy)
    __scatterload_null                       0x0000163f   Thumb Code     2  handlers.o(i.__scatterload_null)
    __scatterload_zeroinit                   0x00001641   Thumb Code    14  handlers.o(i.__scatterload_zeroinit)
    fputc                                    0x0000166d   Thumb Code    16  log.o(i.fputc)
    main                                     0x0000167d   Thumb Code   140  main.o(i.main)
    hsiprs_tbl                               0x00001730   Data          64  cw32f003_rcc.o(.constdata)
    Region$$Table$$Base                      0x00001778   Number         0  anon$$obj.o(Region$$Table)
    Region$$Table$$Limit                     0x00001798   Number         0  anon$$obj.o(Region$$Table)
    uwTick                                   0x20000000   Data           4  cw32f003_systick.o(.data)
    uwTickPrio                               0x20000004   Data           4  cw32f003_systick.o(.data)
    uwTickFreq                               0x20000008   Data           1  cw32f003_systick.o(.data)
    SystemCoreClock                          0x2000000c   Data           4  system_cw32f003.o(.data)
    Seg_Table                                0x20000010   Data          20  seg_dis.o(.data)
    Seg_Reg                                  0x20000024   Data           3  seg_dis.o(.data)
    Cal_Buffer                               0x2000002c   Data           2  main.o(.data)
    spp_start                                0x20000030   Data           4  main.o(.data)
    ble_time                                 0x20000034   Data           4  main.o(.data)
    timecount                                0x20000038   Data           4  main.o(.data)
    __stdout                                 0x2000003c   Data           4  stdout.o(.data)
    __initial_sp                             0x20000240   Data           0  startup_cw32f003.o(STACK)



==============================================================================

Memory Map of the image

  Image Entry point : 0x000000c1

  Load Region LR_IROM1 (Base: 0x00000000, Size: 0x000017d8, Max: 0x00005000, ABSOLUTE)

    Execution Region ER_IROM1 (Exec base: 0x00000000, Load base: 0x00000000, Size: 0x00001798, Max: 0x00005000, ABSOLUTE)

    Exec Addr    Load Addr    Size         Type   Attr      Idx    E Section Name        Object

    0x00000000   0x00000000   0x000000c0   Data   RO         2771    RESET               startup_cw32f003.o
    0x000000c0   0x000000c0   0x00000000   Code   RO         3172  * .ARM.Collect$$$$00000000  mc_p.l(entry.o)
    0x000000c0   0x000000c0   0x00000004   Code   RO         3463    .ARM.Collect$$$$00000001  mc_p.l(entry2.o)
    0x000000c4   0x000000c4   0x00000004   Code   RO         3466    .ARM.Collect$$$$00000004  mc_p.l(entry5.o)
    0x000000c8   0x000000c8   0x00000000   Code   RO         3468    .ARM.Collect$$$$00000008  mc_p.l(entry7b.o)
    0x000000c8   0x000000c8   0x00000000   Code   RO         3470    .ARM.Collect$$$$0000000A  mc_p.l(entry8b.o)
    0x000000c8   0x000000c8   0x00000008   Code   RO         3471    .ARM.Collect$$$$0000000B  mc_p.l(entry9a.o)
    0x000000d0   0x000000d0   0x00000004   Code   RO         3478    .ARM.Collect$$$$0000000E  mc_p.l(entry12b.o)
    0x000000d4   0x000000d4   0x00000000   Code   RO         3473    .ARM.Collect$$$$0000000F  mc_p.l(entry10a.o)
    0x000000d4   0x000000d4   0x00000000   Code   RO         3475    .ARM.Collect$$$$00000011  mc_p.l(entry11a.o)
    0x000000d4   0x000000d4   0x00000004   Code   RO         3464    .ARM.Collect$$$$00002712  mc_p.l(entry2.o)
    0x000000d8   0x000000d8   0x00000028   Code   RO         2772    .text               startup_cw32f003.o
    0x00000100   0x00000100   0x0000002c   Code   RO         3175    .text               mc_p.l(uidiv.o)
    0x0000012c   0x0000012c   0x00000028   Code   RO         3177    .text               mc_p.l(idiv.o)
    0x00000154   0x00000154   0x00000024   Code   RO         3179    .text               mc_p.l(memcpya.o)
    0x00000178   0x00000178   0x00000024   Code   RO         3181    .text               mc_p.l(memseta.o)
    0x0000019c   0x0000019c   0x000000b2   Code   RO         3445    .text               mf_p.l(fadd.o)
    0x0000024e   0x0000024e   0x0000007a   Code   RO         3447    .text               mf_p.l(fmul.o)
    0x000002c8   0x000002c8   0x0000007c   Code   RO         3449    .text               mf_p.l(fdiv.o)
    0x00000344   0x00000344   0x00000168   Code   RO         3451    .text               mf_p.l(dadd.o)
    0x000004ac   0x000004ac   0x0000000e   Code   RO         3455    .text               mf_p.l(ffltui.o)
    0x000004ba   0x000004ba   0x00000028   Code   RO         3457    .text               mf_p.l(ffixui.o)
    0x000004e2   0x000004e2   0x00000002   PAD
    0x000004e4   0x000004e4   0x0000003c   Code   RO         3459    .text               mf_p.l(dfixui.o)
    0x00000520   0x00000520   0x00000028   Code   RO         3461    .text               mf_p.l(f2d.o)
    0x00000548   0x00000548   0x00000020   Code   RO         3482    .text               mc_p.l(llshl.o)
    0x00000568   0x00000568   0x00000022   Code   RO         3484    .text               mc_p.l(llushr.o)
    0x0000058a   0x0000058a   0x00000026   Code   RO         3486    .text               mc_p.l(llsshr.o)
    0x000005b0   0x000005b0   0x00000000   Code   RO         3488    .text               mc_p.l(iusefp.o)
    0x000005b0   0x000005b0   0x00000082   Code   RO         3489    .text               mf_p.l(fepilogue.o)
    0x00000632   0x00000632   0x000000be   Code   RO         3491    .text               mf_p.l(depilogue.o)
    0x000006f0   0x000006f0   0x00000024   Code   RO         3503    .text               mc_p.l(init.o)
    0x00000714   0x00000714   0x00000044   Code   RO            4    i.ADC_BufEnSerialCh  cw32f003_adc.o
    0x00000758   0x00000758   0x00000014   Code   RO            6    i.ADC_ClearITPendingAll  cw32f003_adc.o
    0x0000076c   0x0000076c   0x00000020   Code   RO           13    i.ADC_Enable        cw32f003_adc.o
    0x0000078c   0x0000078c   0x00000018   Code   RO           19    i.ADC_GetITStatus   cw32f003_adc.o
    0x000007a4   0x000007a4   0x00000014   Code   RO           21    i.ADC_GetSqr0Result  cw32f003_adc.o
    0x000007b8   0x000007b8   0x0000000c   Code   RO         2915    i.ADC_IRQHandler    interrupts_cw32f003.o
    0x000007c4   0x000007c4   0x00000084   Code   RO           28    i.ADC_Init          cw32f003_adc.o
    0x00000848   0x00000848   0x00000052   Code   RO           30    i.ADC_SerialChCommon  cw32f003_adc.o
    0x0000089a   0x0000089a   0x00000002   PAD
    0x0000089c   0x0000089c   0x00000020   Code   RO           31    i.ADC_SerialChContinuousModeCfg  cw32f003_adc.o
    0x000008bc   0x000008bc   0x00000024   Code   RO           42    i.ADC_SoftwareStartConvCmd  cw32f003_adc.o
    0x000008e0   0x000008e0   0x00000034   Code   RO           43    i.ADC_Sqr01ChannelCfg  cw32f003_adc.o
    0x00000914   0x00000914   0x00000040   Code   RO           44    i.ADC_Sqr02ChannelCfg  cw32f003_adc.o
    0x00000954   0x00000954   0x00000048   Code   RO           45    i.ADC_Sqr03ChannelCfg  cw32f003_adc.o
    0x0000099c   0x0000099c   0x00000028   Code   RO           46    i.ADC_Sqr0ChannelCfg  cw32f003_adc.o
    0x000009c4   0x000009c4   0x00000018   Code   RO           47    i.ADC_StructInit    cw32f003_adc.o
    0x000009dc   0x000009dc   0x00000088   Code   RO         2879    i.ADC_init          adc.o
    0x00000a64   0x00000a64   0x00000002   Code   RO         2916    i.ATIM_IRQHandler   interrupts_cw32f003.o
    0x00000a66   0x00000a66   0x00000002   Code   RO         2917    i.AWT_IRQHandler    interrupts_cw32f003.o
    0x00000a68   0x00000a68   0x00000048   Code   RO         2918    i.BTIM1_IRQHandler  interrupts_cw32f003.o
    0x00000ab0   0x00000ab0   0x00000002   Code   RO         2919    i.BTIM2_IRQHandler  interrupts_cw32f003.o
    0x00000ab2   0x00000ab2   0x00000002   Code   RO         2920    i.BTIM3_IRQHandler  interrupts_cw32f003.o
    0x00000ab4   0x00000ab4   0x00000008   Code   RO          759    i.BTIM_ClearITPendingBit  cw32f003_btim.o
    0x00000abc   0x00000abc   0x00000018   Code   RO          760    i.BTIM_Cmd          cw32f003_btim.o
    0x00000ad4   0x00000ad4   0x00000012   Code   RO          765    i.BTIM_GetITStatus  cw32f003_btim.o
    0x00000ae6   0x00000ae6   0x00000014   Code   RO          767    i.BTIM_ITConfig     cw32f003_btim.o
    0x00000afa   0x00000afa   0x00000002   PAD
    0x00000afc   0x00000afc   0x00000020   Code   RO          776    i.BTIM_TimeBaseInit  cw32f003_btim.o
    0x00000b1c   0x00000b1c   0x00000068   Code   RO         2778    i.Btim1_Init        btim1.o
    0x00000b84   0x00000b84   0x0000002c   Code   RO         2823    i.Close_Com         seg_dis.o
    0x00000bb0   0x00000bb0   0x00000038   Code   RO         2824    i.Dis_Refresh       seg_dis.o
    0x00000be8   0x00000be8   0x000000bc   Code   RO         2825    i.Display           seg_dis.o
    0x00000ca4   0x00000ca4   0x00000002   Code   RO         2921    i.FLASHRAM_IRQHandler  interrupts_cw32f003.o
    0x00000ca6   0x00000ca6   0x00000002   PAD
    0x00000ca8   0x00000ca8   0x00000024   Code   RO          993    i.FLASH_SetLatency  cw32f003_flash.o
    0x00000ccc   0x00000ccc   0x00000002   Code   RO         2922    i.GPIOA_IRQHandler  interrupts_cw32f003.o
    0x00000cce   0x00000cce   0x00000002   Code   RO         2923    i.GPIOB_IRQHandler  interrupts_cw32f003.o
    0x00000cd0   0x00000cd0   0x00000002   Code   RO         2924    i.GPIOC_IRQHandler  interrupts_cw32f003.o
    0x00000cd2   0x00000cd2   0x000000e2   Code   RO         1106    i.GPIO_Init         cw32f003_gpio.o
    0x00000db4   0x00000db4   0x0000000c   Code   RO         1111    i.GPIO_WritePin     cw32f003_gpio.o
    0x00000dc0   0x00000dc0   0x00000002   Code   RO         2925    i.GTIM_IRQHandler   interrupts_cw32f003.o
    0x00000dc2   0x00000dc2   0x00000002   PAD
    0x00000dc4   0x00000dc4   0x0000000c   Code   RO         2182    i.GetTick           cw32f003_systick.o
    0x00000dd0   0x00000dd0   0x00000004   Code   RO         2926    i.HardFault_Handler  interrupts_cw32f003.o
    0x00000dd4   0x00000dd4   0x00000002   Code   RO         2927    i.I2C_IRQHandler    interrupts_cw32f003.o
    0x00000dd6   0x00000dd6   0x00000002   PAD
    0x00000dd8   0x00000dd8   0x0000006c   Code   RO         2183    i.InitTick          cw32f003_systick.o
    0x00000e44   0x00000e44   0x00000002   Code   RO         2928    i.LVD_IRQHandler    interrupts_cw32f003.o
    0x00000e46   0x00000e46   0x0000000c   Code   RO         3127    i.LogInit           log.o
    0x00000e52   0x00000e52   0x00000002   Code   RO         2929    i.NMI_Handler       interrupts_cw32f003.o
    0x00000e54   0x00000e54   0x00000002   Code   RO         2930    i.PendSV_Handler    interrupts_cw32f003.o
    0x00000e56   0x00000e56   0x00000002   PAD
    0x00000e58   0x00000e58   0x0000002c   Code   RO         3088    i.RCC_Configuration  main.o
    0x00000e84   0x00000e84   0x00000020   Code   RO         1815    i.RCC_HCLKPRS_Config  cw32f003_rcc.o
    0x00000ea4   0x00000ea4   0x00000038   Code   RO         1820    i.RCC_HSI_Enable    cw32f003_rcc.o
    0x00000edc   0x00000edc   0x00000020   Code   RO         1827    i.RCC_PCLKPRS_Config  cw32f003_rcc.o
    0x00000efc   0x00000efc   0x00000030   Code   RO         1831    i.RCC_SYSCLKSRC_Config  cw32f003_rcc.o
    0x00000f2c   0x00000f2c   0x00000078   Code   RO         1833    i.RCC_Sysctrl_GetHClkFreq  cw32f003_rcc.o
    0x00000fa4   0x00000fa4   0x0000000c   Code   RO         1835    i.RCC_SystemCoreClockUpdate  cw32f003_rcc.o
    0x00000fb0   0x00000fb0   0x00000002   Code   RO         2931    i.SPI_IRQHandler    interrupts_cw32f003.o
    0x00000fb2   0x00000fb2   0x00000002   Code   RO         2932    i.SVC_Handler       interrupts_cw32f003.o
    0x00000fb4   0x00000fb4   0x00000002   Code   RO         2933    i.SYSCTRL_IRQHandler  interrupts_cw32f003.o
    0x00000fb6   0x00000fb6   0x00000002   PAD
    0x00000fb8   0x00000fb8   0x0000013c   Code   RO         2826    i.Seg_Dis           seg_dis.o
    0x000010f4   0x000010f4   0x00000084   Code   RO         2827    i.Seg_Init          seg_dis.o
    0x00001178   0x00001178   0x00000108   Code   RO         3128    i.SerialInit        log.o
    0x00001280   0x00001280   0x00000020   Code   RO         3129    i.SerialSend        log.o
    0x000012a0   0x000012a0   0x00000018   Code   RO         2187    i.SysTick_Handler   cw32f003_systick.o
    0x000012b8   0x000012b8   0x00000010   Code   RO         2729    i.SystemCoreClockUpdate  system_cw32f003.o
    0x000012c8   0x000012c8   0x0000003c   Code   RO         2730    i.SystemInit        system_cw32f003.o
    0x00001304   0x00001304   0x00000002   Code   RO         2934    i.UART1_IRQHandler  interrupts_cw32f003.o
    0x00001306   0x00001306   0x00000002   PAD
    0x00001308   0x00001308   0x00000024   Code   RO         3130    i.UART2_IRQHandler  log.o
    0x0000132c   0x0000132c   0x00000008   Code   RO         2249    i.USART_ClearITPendingBit  cw32f003_uart.o
    0x00001334   0x00001334   0x00000012   Code   RO         2253    i.USART_GetFlagStatus  cw32f003_uart.o
    0x00001346   0x00001346   0x00000012   Code   RO         2254    i.USART_GetITStatus  cw32f003_uart.o
    0x00001358   0x00001358   0x0000001a   Code   RO         2256    i.USART_ITConfig    cw32f003_uart.o
    0x00001372   0x00001372   0x00000002   PAD
    0x00001374   0x00001374   0x00000174   Code   RO         2257    i.USART_Init        cw32f003_uart.o
    0x000014e8   0x000014e8   0x00000008   Code   RO         2260    i.USART_ReceiveData_8bit  cw32f003_uart.o
    0x000014f0   0x000014f0   0x00000004   Code   RO         2262    i.USART_SendData_8bit  cw32f003_uart.o
    0x000014f4   0x000014f4   0x00000002   Code   RO         2935    i.VC1_IRQHandler    interrupts_cw32f003.o
    0x000014f6   0x000014f6   0x00000002   Code   RO         2936    i.VC2_IRQHandler    interrupts_cw32f003.o
    0x000014f8   0x000014f8   0x0000005c   Code   RO         3089    i.Volt_Cal          main.o
    0x00001554   0x00001554   0x00000002   Code   RO         2937    i.WDT_IRQHandler    interrupts_cw32f003.o
    0x00001556   0x00001556   0x00000002   PAD
    0x00001558   0x00001558   0x00000014   Code   RO         3186    i.__0printf$bare    mc_p.l(printfb.o)
    0x0000156c   0x0000156c   0x0000002e   Code   RO         3493    i.__ARM_clz         mf_p.l(depilogue.o)
    0x0000159a   0x0000159a   0x0000001c   Code   RO         1502    i.__ARM_common_switch8  cw32f003_i2c.o
    0x000015b6   0x000015b6   0x00000002   PAD
    0x000015b8   0x000015b8   0x00000078   Code   RO         2188    i.__NVIC_SetPriority  cw32f003_systick.o
    0x00001630   0x00001630   0x0000000e   Code   RO         3507    i.__scatterload_copy  mc_p.l(handlers.o)
    0x0000163e   0x0000163e   0x00000002   Code   RO         3508    i.__scatterload_null  mc_p.l(handlers.o)
    0x00001640   0x00001640   0x0000000e   Code   RO         3509    i.__scatterload_zeroinit  mc_p.l(handlers.o)
    0x0000164e   0x0000164e   0x0000001e   Code   RO         3193    i._printf_core      mc_p.l(printfb.o)
    0x0000166c   0x0000166c   0x00000010   Code   RO         3131    i.fputc             log.o
    0x0000167c   0x0000167c   0x000000b4   Code   RO         3090    i.main              main.o
    0x00001730   0x00001730   0x00000040   Data   RO         1837    .constdata          cw32f003_rcc.o
    0x00001770   0x00001770   0x00000008   Data   RO         3132    .constdata          log.o
    0x00001778   0x00001778   0x00000020   Data   RO         3505    Region$$Table       anon$$obj.o


    Execution Region RW_IRAM1 (Exec base: 0x20000000, Load base: 0x00001798, Size: 0x00000240, Max: 0x00000c00, ABSOLUTE)

    Exec Addr    Load Addr    Size         Type   Attr      Idx    E Section Name        Object

    0x20000000   0x00001798   0x00000009   Data   RW         2189    .data               cw32f003_systick.o
    0x20000009   0x000017a1   0x00000003   PAD
    0x2000000c   0x000017a4   0x00000004   Data   RW         2731    .data               system_cw32f003.o
    0x20000010   0x000017a8   0x00000018   Data   RW         2828    .data               seg_dis.o
    0x20000028   0x000017c0   0x00000004   Data   RW         2938    .data               interrupts_cw32f003.o
    0x2000002c   0x000017c4   0x00000010   Data   RW         3091    .data               main.o
    0x2000003c   0x000017d4   0x00000004   Data   RW         3479    .data               mc_p.l(stdout.o)
    0x20000040        -       0x00000200   Zero   RW         2769    STACK               startup_cw32f003.o


==============================================================================

Image component sizes


      Code (inc. data)   RO Data    RW Data    ZI Data      Debug   Object Name

       136         10          0          0          0      13767   adc.o
       104         16          0          0          0      91473   btim1.o
       698         78          0          0          0     129058   cw32f003_adc.o
       102          4          0          0          0       6871   cw32f003_btim.o
        36         12          0          0          0        515   cw32f003_flash.o
       238          0          0          0          0       1576   cw32f003_gpio.o
        28          0          0          0          0         76   cw32f003_i2c.o
       300         80         64          0          0       3849   cw32f003_rcc.o
       264         42          0          9          0      11570   cw32f003_systick.o
       454         10          0          0          0       8769   cw32f003_uart.o
       128         16          0          4          0      10805   interrupts_cw32f003.o
       360         30          8          0          0       7553   log.o
       316         54          0         16          0       1888   main.o
       736         64          0         24          0      26729   seg_dis.o
        40         14        192          0        512        640   startup_cw32f003.o
        76         18          0          4          0       1255   system_cw32f003.o

    ----------------------------------------------------------------------
      4038        448        296         60        512     316394   Object Totals
         0          0         32          0          0          0   (incl. Generated)
        22          0          0          3          0          0   (incl. Padding)

    ----------------------------------------------------------------------

      Code (inc. data)   RO Data    RW Data    ZI Data      Debug   Library Member Name

         0          0          0          0          0          0   entry.o
         0          0          0          0          0          0   entry10a.o
         0          0          0          0          0          0   entry11a.o
         4          0          0          0          0          0   entry12b.o
         8          4          0          0          0          0   entry2.o
         4          0          0          0          0          0   entry5.o
         0          0          0          0          0          0   entry7b.o
         0          0          0          0          0          0   entry8b.o
         8          4          0          0          0          0   entry9a.o
        30          0          0          0          0          0   handlers.o
        40          0          0          0          0         72   idiv.o
        36          8          0          0          0         68   init.o
         0          0          0          0          0          0   iusefp.o
        32          0          0          0          0         68   llshl.o
        38          0          0          0          0         68   llsshr.o
        34          0          0          0          0         68   llushr.o
        36          0          0          0          0         60   memcpya.o
        36          0          0          0          0        100   memseta.o
        50          8          0          0          0        144   printfb.o
         0          0          0          4          0          0   stdout.o
        44          0          0          0          0         72   uidiv.o
       360          6          0          0          0        140   dadd.o
       236          0          0          0          0        216   depilogue.o
        60         10          0          0          0         68   dfixui.o
        40          0          0          0          0         60   f2d.o
       178          0          0          0          0        108   fadd.o
       124          0          0          0          0         72   fdiv.o
       130          0          0          0          0        144   fepilogue.o
        40          0          0          0          0         60   ffixui.o
        14          0          0          0          0         68   ffltui.o
       122          0          0          0          0         72   fmul.o

    ----------------------------------------------------------------------
      1706         40          0          4          0       1728   Library Totals
         2          0          0          0          0          0   (incl. Padding)

    ----------------------------------------------------------------------

      Code (inc. data)   RO Data    RW Data    ZI Data      Debug   Library Name

       400         24          0          4          0        720   mc_p.l
      1304         16          0          0          0       1008   mf_p.l

    ----------------------------------------------------------------------
      1706         40          0          4          0       1728   Library Totals

    ----------------------------------------------------------------------

==============================================================================


      Code (inc. data)   RO Data    RW Data    ZI Data      Debug   

      5744        488        296         64        512     314138   Grand Totals
      5744        488        296         64        512     314138   ELF Image Totals
      5744        488        296         64          0          0   ROM Totals

==============================================================================

    Total RO  Size (Code + RO Data)                 6040 (   5.90kB)
    Total RW  Size (RW Data + ZI Data)               576 (   0.56kB)
    Total ROM Size (Code + RO Data + RW Data)       6104 (   5.96kB)

==============================================================================

